Archive member included to satisfy reference by file (symbol)

c:/st/stm32cubeide_1.2.0/stm32cubeide/plugins/com.st.stm32cube.ide.mcu.externaltools.gnu-tools-for-stm32.9-2020-q2-update.win32_1.5.0.202011040924/tools/bin/../lib/gcc/arm-none-eabi/9.3.1/../../../../arm-none-eabi/lib/thumb/v6-m/nofp\libc.a(lib_a-atof.o)
                              BOS\BOS_CLI.o (atof)
c:/st/stm32cubeide_1.2.0/stm32cubeide/plugins/com.st.stm32cube.ide.mcu.externaltools.gnu-tools-for-stm32.9-2020-q2-update.win32_1.5.0.202011040924/tools/bin/../lib/gcc/arm-none-eabi/9.3.1/../../../../arm-none-eabi/lib/thumb/v6-m/nofp\libc.a(lib_a-atoi.o)
                              BOS\BOS_CLI.o (atoi)
c:/st/stm32cubeide_1.2.0/stm32cubeide/plugins/com.st.stm32cube.ide.mcu.externaltools.gnu-tools-for-stm32.9-2020-q2-update.win32_1.5.0.202011040924/tools/bin/../lib/gcc/arm-none-eabi/9.3.1/../../../../arm-none-eabi/lib/thumb/v6-m/nofp\libc.a(lib_a-atol.o)
                              BOS\BOS.o (atol)
c:/st/stm32cubeide_1.2.0/stm32cubeide/plugins/com.st.stm32cube.ide.mcu.externaltools.gnu-tools-for-stm32.9-2020-q2-update.win32_1.5.0.202011040924/tools/bin/../lib/gcc/arm-none-eabi/9.3.1/../../../../arm-none-eabi/lib/thumb/v6-m/nofp\libc.a(lib_a-ctype_.o)
                              BOS\BOS_CLI.o (_ctype_)
c:/st/stm32cubeide_1.2.0/stm32cubeide/plugins/com.st.stm32cube.ide.mcu.externaltools.gnu-tools-for-stm32.9-2020-q2-update.win32_1.5.0.202011040924/tools/bin/../lib/gcc/arm-none-eabi/9.3.1/../../../../arm-none-eabi/lib/thumb/v6-m/nofp\libc.a(lib_a-exit.o)
                              c:/st/stm32cubeide_1.2.0/stm32cubeide/plugins/com.st.stm32cube.ide.mcu.externaltools.gnu-tools-for-stm32.9-2020-q2-update.win32_1.5.0.202011040924/tools/bin/../lib/gcc/arm-none-eabi/9.3.1/../../../../arm-none-eabi/lib/thumb/v6-m/nofp/crt0.o (exit)
c:/st/stm32cubeide_1.2.0/stm32cubeide/plugins/com.st.stm32cube.ide.mcu.externaltools.gnu-tools-for-stm32.9-2020-q2-update.win32_1.5.0.202011040924/tools/bin/../lib/gcc/arm-none-eabi/9.3.1/../../../../arm-none-eabi/lib/thumb/v6-m/nofp\libc.a(lib_a-impure.o)
                              c:/st/stm32cubeide_1.2.0/stm32cubeide/plugins/com.st.stm32cube.ide.mcu.externaltools.gnu-tools-for-stm32.9-2020-q2-update.win32_1.5.0.202011040924/tools/bin/../lib/gcc/arm-none-eabi/9.3.1/../../../../arm-none-eabi/lib/thumb/v6-m/nofp\libc.a(lib_a-exit.o) (_global_impure_ptr)
c:/st/stm32cubeide_1.2.0/stm32cubeide/plugins/com.st.stm32cube.ide.mcu.externaltools.gnu-tools-for-stm32.9-2020-q2-update.win32_1.5.0.202011040924/tools/bin/../lib/gcc/arm-none-eabi/9.3.1/../../../../arm-none-eabi/lib/thumb/v6-m/nofp\libc.a(lib_a-init.o)
                              c:/st/stm32cubeide_1.2.0/stm32cubeide/plugins/com.st.stm32cube.ide.mcu.externaltools.gnu-tools-for-stm32.9-2020-q2-update.win32_1.5.0.202011040924/tools/bin/../lib/gcc/arm-none-eabi/9.3.1/../../../../arm-none-eabi/lib/thumb/v6-m/nofp/crt0.o (__libc_init_array)
c:/st/stm32cubeide_1.2.0/stm32cubeide/plugins/com.st.stm32cube.ide.mcu.externaltools.gnu-tools-for-stm32.9-2020-q2-update.win32_1.5.0.202011040924/tools/bin/../lib/gcc/arm-none-eabi/9.3.1/../../../../arm-none-eabi/lib/thumb/v6-m/nofp\libc.a(lib_a-malloc.o)
                              BOS\BOS.o (malloc)
c:/st/stm32cubeide_1.2.0/stm32cubeide/plugins/com.st.stm32cube.ide.mcu.externaltools.gnu-tools-for-stm32.9-2020-q2-update.win32_1.5.0.202011040924/tools/bin/../lib/gcc/arm-none-eabi/9.3.1/../../../../arm-none-eabi/lib/thumb/v6-m/nofp\libc.a(lib_a-mallocr.o)
                              c:/st/stm32cubeide_1.2.0/stm32cubeide/plugins/com.st.stm32cube.ide.mcu.externaltools.gnu-tools-for-stm32.9-2020-q2-update.win32_1.5.0.202011040924/tools/bin/../lib/gcc/arm-none-eabi/9.3.1/../../../../arm-none-eabi/lib/thumb/v6-m/nofp\libc.a(lib_a-malloc.o) (_malloc_r)
c:/st/stm32cubeide_1.2.0/stm32cubeide/plugins/com.st.stm32cube.ide.mcu.externaltools.gnu-tools-for-stm32.9-2020-q2-update.win32_1.5.0.202011040924/tools/bin/../lib/gcc/arm-none-eabi/9.3.1/../../../../arm-none-eabi/lib/thumb/v6-m/nofp\libc.a(lib_a-memcmp.o)
                              Thirdparty\Middleware\FreeRTOS\Source\tasks.o (memcmp)
c:/st/stm32cubeide_1.2.0/stm32cubeide/plugins/com.st.stm32cube.ide.mcu.externaltools.gnu-tools-for-stm32.9-2020-q2-update.win32_1.5.0.202011040924/tools/bin/../lib/gcc/arm-none-eabi/9.3.1/../../../../arm-none-eabi/lib/thumb/v6-m/nofp\libc.a(lib_a-memcpy-stub.o)
                              BOS\BOS.o (memcpy)
c:/st/stm32cubeide_1.2.0/stm32cubeide/plugins/com.st.stm32cube.ide.mcu.externaltools.gnu-tools-for-stm32.9-2020-q2-update.win32_1.5.0.202011040924/tools/bin/../lib/gcc/arm-none-eabi/9.3.1/../../../../arm-none-eabi/lib/thumb/v6-m/nofp\libc.a(lib_a-memset.o)
                              c:/st/stm32cubeide_1.2.0/stm32cubeide/plugins/com.st.stm32cube.ide.mcu.externaltools.gnu-tools-for-stm32.9-2020-q2-update.win32_1.5.0.202011040924/tools/bin/../lib/gcc/arm-none-eabi/9.3.1/../../../../arm-none-eabi/lib/thumb/v6-m/nofp/crt0.o (memset)
[...]
Memory Configuration

Name             Origin             Length             Attributes
RAM              0x0000000020000000 0x0000000000008000 xrw
FLASH            0x0000000008000000 0x0000000000040000 xr
*default*        0x0000000000000000 0xffffffffffffffff

Linker script and memory map

LOAD c:/st/stm32cubeide_1.2.0/stm32cubeide/plugins/com.st.stm32cube.ide.mcu.externaltools.gnu-tools-for-stm32.9-2020-q2-update.win32_1.5.0.202011040924/tools/bin/../lib/gcc/arm-none-eabi/9.3.1/thumb/v6-m/nofp/crti.o
LOAD c:/st/stm32cubeide_1.2.0/stm32cubeide/plugins/com.st.stm32cube.ide.mcu.externaltools.gnu-tools-for-stm32.9-2020-q2-update.win32_1.5.0.202011040924/tools/bin/../lib/gcc/arm-none-eabi/9.3.1/thumb/v6-m/nofp/crtbegin.o
LOAD c:/st/stm32cubeide_1.2.0/stm32cubeide/plugins/com.st.stm32cube.ide.mcu.externaltools.gnu-tools-for-stm32.9-2020-q2-update.win32_1.5.0.202011040924/tools/bin/../lib/gcc/arm-none-eabi/9.3.1/../../../../arm-none-eabi/lib/thumb/v6-m/nofp/crt0.o
LOAD BOS\BOS.o
LOAD BOS\BOS_CLI.o
LOAD BOS\BOS_CLIcommands.o
LOAD BOS\BOS_dma.o
LOAD BOS\BOS_eeprom.o
LOAD BOS\BOS_freertos.o
LOAD BOS\BOS_inputs.o
LOAD BOS\BOS_messaging.o
LOAD BOS\BOS_msgparser.o
LOAD H15R0\H15R0.o
LOAD H15R0\H15R0_dac.o
LOAD H15R0\H15R0_dma.o
LOAD H15R0\H15R0_gpio.o
LOAD H15R0\H15R0_it.o
LOAD H15R0\H15R0_rtc.o
LOAD H15R0\H15R0_timers.o
LOAD H15R0\H15R0_uart.o
LOAD H15R0\startup_stm32f091xc.o
LOAD Thirdparty\CMSIS\Device\ST\STM32F0xx\Source\Templates\system_stm32f0xx.o
LOAD Thirdparty\Middleware\FreeRTOS\Source\CMSIS_RTOS\cmsis_os.o
LOAD Thirdparty\Middleware\FreeRTOS\Source\FreeRTOS_CLI.o
LOAD Thirdparty\Middleware\FreeRTOS\Source\croutine.o
LOAD Thirdparty\Middleware\FreeRTOS\Source\event_groups.o
LOAD Thirdparty\Middleware\FreeRTOS\Source\list.o
LOAD Thirdparty\Middleware\FreeRTOS\Source\portable\GCC\ARM_CM0\port.o
LOAD Thirdparty\Middleware\FreeRTOS\Source\portable\MemMang\heap_4.o
LOAD Thirdparty\Middleware\FreeRTOS\Source\queue.o
LOAD Thirdparty\Middleware\FreeRTOS\Source\tasks.o
LOAD Thirdparty\Middleware\FreeRTOS\Source\timers.o
LOAD Thirdparty\STM32F0xx_HAL_Driver\Src\stm32f0xx_hal.o
LOAD Thirdparty\STM32F0xx_HAL_Driver\Src\stm32f0xx_hal_adc.o
LOAD Thirdparty\STM32F0xx_HAL_Driver\Src\stm32f0xx_hal_adc_ex.o
LOAD Thirdparty\STM32F0xx_HAL_Driver\Src\stm32f0xx_hal_can.o
LOAD Thirdparty\STM32F0xx_HAL_Driver\Src\stm32f0xx_hal_cec.o
LOAD Thirdparty\STM32F0xx_HAL_Driver\Src\stm32f0xx_hal_comp.o
LOAD Thirdparty\STM32F0xx_HAL_Driver\Src\stm32f0xx_hal_cortex.o
LOAD Thirdparty\STM32F0xx_HAL_Driver\Src\stm32f0xx_hal_crc.o
LOAD Thirdparty\STM32F0xx_HAL_Driver\Src\stm32f0xx_hal_crc_ex.o
LOAD Thirdparty\STM32F0xx_HAL_Driver\Src\stm32f0xx_hal_dac.o
LOAD Thirdparty\STM32F0xx_HAL_Driver\Src\stm32f0xx_hal_dac_ex.o
LOAD Thirdparty\STM32F0xx_HAL_Driver\Src\stm32f0xx_hal_dma.o
LOAD Thirdparty\STM32F0xx_HAL_Driver\Src\stm32f0xx_hal_flash.o
LOAD Thirdparty\STM32F0xx_HAL_Driver\Src\stm32f0xx_hal_flash_ex.o
LOAD Thirdparty\STM32F0xx_HAL_Driver\Src\stm32f0xx_hal_gpio.o
LOAD Thirdparty\STM32F0xx_HAL_Driver\Src\stm32f0xx_hal_i2c.o
LOAD Thirdparty\STM32F0xx_HAL_Driver\Src\stm32f0xx_hal_i2c_ex.o
LOAD Thirdparty\STM32F0xx_HAL_Driver\Src\stm32f0xx_hal_i2s.o
LOAD Thirdparty\STM32F0xx_HAL_Driver\Src\stm32f0xx_hal_irda.o
LOAD Thirdparty\STM32F0xx_HAL_Driver\Src\stm32f0xx_hal_iwdg.o
LOAD Thirdparty\STM32F0xx_HAL_Driver\Src\stm32f0xx_hal_msp_template.o
LOAD Thirdparty\STM32F0xx_HAL_Driver\Src\stm32f0xx_hal_pcd.o
LOAD Thirdparty\STM32F0xx_HAL_Driver\Src\stm32f0xx_hal_pcd_ex.o
LOAD Thirdparty\STM32F0xx_HAL_Driver\Src\stm32f0xx_hal_pwr.o
LOAD Thirdparty\STM32F0xx_HAL_Driver\Src\stm32f0xx_hal_pwr_ex.o
LOAD Thirdparty\STM32F0xx_HAL_Driver\Src\stm32f0xx_hal_rcc.o
LOAD Thirdparty\STM32F0xx_HAL_Driver\Src\stm32f0xx_hal_rcc_ex.o
LOAD Thirdparty\STM32F0xx_HAL_Driver\Src\stm32f0xx_hal_rtc.o
LOAD Thirdparty\STM32F0xx_HAL_Driver\Src\stm32f0xx_hal_rtc_ex.o
LOAD Thirdparty\STM32F0xx_HAL_Driver\Src\stm32f0xx_hal_smartcard.o
LOAD Thirdparty\STM32F0xx_HAL_Driver\Src\stm32f0xx_hal_smartcard_ex.o
LOAD Thirdparty\STM32F0xx_HAL_Driver\Src\stm32f0xx_hal_smbus.o
LOAD Thirdparty\STM32F0xx_HAL_Driver\Src\stm32f0xx_hal_spi.o
LOAD Thirdparty\STM32F0xx_HAL_Driver\Src\stm32f0xx_hal_spi_ex.o
LOAD Thirdparty\STM32F0xx_HAL_Driver\Src\stm32f0xx_hal_tim.o
LOAD Thirdparty\STM32F0xx_HAL_Driver\Src\stm32f0xx_hal_tim_ex.o
LOAD Thirdparty\STM32F0xx_HAL_Driver\Src\stm32f0xx_hal_tsc.o
LOAD Thirdparty\STM32F0xx_HAL_Driver\Src\stm32f0xx_hal_uart.o
LOAD Thirdparty\STM32F0xx_HAL_Driver\Src\stm32f0xx_hal_uart_ex.o
LOAD Thirdparty\STM32F0xx_HAL_Driver\Src\stm32f0xx_hal_usart.o
LOAD Thirdparty\STM32F0xx_HAL_Driver\Src\stm32f0xx_hal_wwdg.o
LOAD User\main.o
START GROUP
LOAD c:/st/stm32cubeide_1.2.0/stm32cubeide/plugins/com.st.stm32cube.ide.mcu.externaltools.gnu-tools-for-stm32.9-2020-q2-update.win32_1.5.0.202011040924/tools/bin/../lib/gcc/arm-none-eabi/9.3.1/../../../../arm-none-eabi/lib/thumb/v6-m/nofp\libc.a
LOAD c:/st/stm32cubeide_1.2.0/stm32cubeide/plugins/com.st.stm32cube.ide.mcu.externaltools.gnu-tools-for-stm32.9-2020-q2-update.win32_1.5.0.202011040924/tools/bin/../lib/gcc/arm-none-eabi/9.3.1/../../../../arm-none-eabi/lib/thumb/v6-m/nofp\libm.a
END GROUP
START GROUP
LOAD c:/st/stm32cubeide_1.2.0/stm32cubeide/plugins/com.st.stm32cube.ide.mcu.externaltools.gnu-tools-for-stm32.9-2020-q2-update.win32_1.5.0.202011040924/tools/bin/../lib/gcc/arm-none-eabi/9.3.1/thumb/v6-m/nofp\libgcc.a
LOAD c:/st/stm32cubeide_1.2.0/stm32cubeide/plugins/com.st.stm32cube.ide.mcu.externaltools.gnu-tools-for-stm32.9-2020-q2-update.win32_1.5.0.202011040924/tools/bin/../lib/gcc/arm-none-eabi/9.3.1/../../../../arm-none-eabi/lib/thumb/v6-m/nofp\libc.a
END GROUP
START GROUP
LOAD c:/st/stm32cubeide_1.2.0/stm32cubeide/plugins/com.st.stm32cube.ide.mcu.externaltools.gnu-tools-for-stm32.9-2020-q2-update.win32_1.5.0.202011040924/tools/bin/../lib/gcc/arm-none-eabi/9.3.1/thumb/v6-m/nofp\libgcc.a
LOAD c:/st/stm32cubeide_1.2.0/stm32cubeide/plugins/com.st.stm32cube.ide.mcu.externaltools.gnu-tools-for-stm32.9-2020-q2-update.win32_1.5.0.202011040924/tools/bin/../lib/gcc/arm-none-eabi/9.3.1/../../../../arm-none-eabi/lib/thumb/v6-m/nofp\libc.a
LOAD c:/st/stm32cubeide_1.2.0/stm32cubeide/plugins/com.st.stm32cube.ide.mcu.externaltools.gnu-tools-for-stm32.9-2020-q2-update.win32_1.5.0.202011040924/tools/bin/../lib/gcc/arm-none-eabi/9.3.1/../../../../arm-none-eabi/lib/thumb/v6-m/nofp\libnosys.a
END GROUP
LOAD c:/st/stm32cubeide_1.2.0/stm32cubeide/plugins/com.st.stm32cube.ide.mcu.externaltools.gnu-tools-for-stm32.9-2020-q2-update.win32_1.5.0.202011040924/tools/bin/../lib/gcc/arm-none-eabi/9.3.1/thumb/v6-m/nofp/crtend.o
LOAD c:/st/stm32cubeide_1.2.0/stm32cubeide/plugins/com.st.stm32cube.ide.mcu.externaltools.gnu-tools-for-stm32.9-2020-q2-update.win32_1.5.0.202011040924/tools/bin/../lib/gcc/arm-none-eabi/9.3.1/thumb/v6-m/nofp/crtn.o
                0x0000000020008000                _estack = (ORIGIN (RAM) + LENGTH (RAM))
                0x0000000000000200                _Min_Heap_Size = 0x200
                0x0000000000000400                _Min_Stack_Size = 0x400

.isr_vector     0x0000000008000000       0xbc
                0x0000000008000000                . = ALIGN (0x4)
 *(.isr_vector)
 .isr_vector    0x0000000008000000       0xbc H15R0\startup_stm32f091xc.o
                0x0000000008000000                g_pfnVectors
                0x00000000080000bc                . = ALIGN (0x4)

.text           0x00000000080000bc    0x188b4
                0x00000000080000bc                . = ALIGN (0x4)
 *(.text)
 .text          0x00000000080000bc       0x48 c:/st/stm32cubeide_1.2.0/stm32cubeide/plugins/com.st.stm32cube.ide.mcu.externaltools.gnu-tools-for-stm32.9-2020-q2-update.win32_1.5.0.202011040924/tools/bin/../lib/gcc/arm-none-eabi/9.3.1/thumb/v6-m/nofp/crtbegin.o
 .text          0x0000000008000104       0x14 c:/st/stm32cubeide_1.2.0/stm32cubeide/plugins/com.st.stm32cube.ide.mcu.externaltools.gnu-tools-for-stm32.9-2020-q2-update.win32_1.5.0.202011040924/tools/bin/../lib/gcc/arm-none-eabi/9.3.1/../../../../arm-none-eabi/lib/thumb/v6-m/nofp\libc.a(lib_a-strcmp.o)
                0x0000000008000104                strcmp
 .text          0x0000000008000118        0xe c:/st/stm32cubeide_1.2.0/stm32cubeide/plugins/com.st.stm32cube.ide.mcu.externaltools.gnu-tools-for-stm32.9-2020-q2-update.win32_1.5.0.202011040924/tools/bin/../lib/gcc/arm-none-eabi/9.3.1/../../../../arm-none-eabi/lib/thumb/v6-m/nofp\libc.a(lib_a-strlen.o)
                0x0000000008000118                strlen
 *fill*         0x0000000008000126        0x2 
 .text          0x0000000008000128       0x14 c:/st/stm32cubeide_1.2.0/stm32cubeide/plugins/com.st.stm32cube.ide.mcu.externaltools.gnu-tools-for-stm32.9-2020-q2-update.win32_1.5.0.202011040924/tools/bin/../lib/gcc/arm-none-eabi/9.3.1/thumb/v6-m/nofp\libgcc.a(_thumb1_case_uqi.o)
                0x0000000008000128                __gnu_thumb1_case_uqi
 .text          0x000000000800013c       0x14 c:/st/stm32cubeide_1.2.0/stm32cubeide/plugins/com.st.stm32cube.ide.mcu.externaltools.gnu-tools-for-stm32.9-2020-q2-update.win32_1.5.0.202011040924/tools/bin/../lib/gcc/arm-none-eabi/9.3.1/thumb/v6-m/nofp\libgcc.a(_thumb1_case_uhi.o)
                0x000000000800013c                __gnu_thumb1_case_uhi
 .text          0x0000000008000150      0x114 c:/st/stm32cubeide_1.2.0/stm32cubeide/plugins/com.st.stm32cube.ide.mcu.externaltools.gnu-tools-for-stm32.9-2020-q2-update.win32_1.5.0.202011040924/tools/bin/../lib/gcc/arm-none-eabi/9.3.1/thumb/v6-m/nofp\libgcc.a(_udivsi3.o)
                0x0000000008000150                __aeabi_uidiv
                0x0000000008000150                __udivsi3
                0x000000000800025c                __aeabi_uidivmod
 .text          0x0000000008000264      0x1d4 c:/st/stm32cubeide_1.2.0/stm32cubeide/plugins/com.st.stm32cube.ide.mcu.externaltools.gnu-tools-for-stm32.9-2020-q2-update.win32_1.5.0.202011040924/tools/bin/../lib/gcc/arm-none-eabi/9.3.1/thumb/v6-m/nofp\libgcc.a(_divsi3.o)
                0x0000000008000264                __divsi3
                0x0000000008000264                __aeabi_idiv
                0x0000000008000430                __aeabi_idivmod
 .text          0x0000000008000438        0x4 c:/st/stm32cubeide_1.2.0/stm32cubeide/plugins/com.st.stm32cube.ide.mcu.externaltools.gnu-tools-for-stm32.9-2020-q2-update.win32_1.5.0.202011040924/tools/bin/../lib/gcc/arm-none-eabi/9.3.1/thumb/v6-m/nofp\libgcc.a(_dvmd_tls.o)
                0x0000000008000438                __aeabi_idiv0
                0x0000000008000438                __aeabi_ldiv0
 .text          0x000000000800043c       0x7c c:/st/stm32cubeide_1.2.0/stm32cubeide/plugins/com.st.stm32cube.ide.mcu.externaltools.gnu-tools-for-stm32.9-2020-q2-update.win32_1.5.0.202011040924/tools/bin/../lib/gcc/arm-none-eabi/9.3.1/thumb/v6-m/nofp\libgcc.a(_arm_cmpdf2.o)
                0x000000000800043c                __aeabi_cdrcmple
                0x000000000800044c                __aeabi_cdcmple
                0x000000000800044c                __aeabi_cdcmpeq
                0x000000000800045c                __aeabi_dcmpeq
                0x0000000008000468                __aeabi_dcmplt
                0x000000000800047c                __aeabi_dcmple
                0x0000000008000490                __aeabi_dcmpgt
                0x00000000080004a4                __aeabi_dcmpge
 .text          0x00000000080004b8       0x74 c:/st/stm32cubeide_1.2.0/stm32cubeide/plugins/com.st.stm32cube.ide.mcu.externaltools.gnu-tools-for-stm32.9-2020-q2-update.win32_1.5.0.202011040924/tools/bin/../lib/gcc/arm-none-eabi/9.3.1/thumb/v6-m/nofp\libgcc.a(_arm_cmpsf2.o)
                0x00000000080004b8                __aeabi_cfrcmple
                0x00000000080004c0                __aeabi_cfcmpeq
                0x00000000080004c0                __aeabi_cfcmple
                0x00000000080004d0                __aeabi_fcmpeq
                0x00000000080004dc                __aeabi_fcmplt
                0x00000000080004f0                __aeabi_fcmple
                0x0000000008000504                __aeabi_fcmpgt
                0x0000000008000518                __aeabi_fcmpge
 .text          0x000000000800052c       0x40 c:/st/stm32cubeide_1.2.0/stm32cubeide/plugins/com.st.stm32cube.ide.mcu.externaltools.gnu-tools-for-stm32.9-2020-q2-update.win32_1.5.0.202011040924/tools/bin/../lib/gcc/arm-none-eabi/9.3.1/thumb/v6-m/nofp\libgcc.a(_aeabi_uldivmod.o)
                0x000000000800052c                __aeabi_uldivmod
 .text          0x000000000800056c       0x50 c:/st/stm32cubeide_1.2.0/stm32cubeide/plugins/com.st.stm32cube.ide.mcu.externaltools.gnu-tools-for-stm32.9-2020-q2-update.win32_1.5.0.202011040924/tools/bin/../lib/gcc/arm-none-eabi/9.3.1/thumb/v6-m/nofp\libgcc.a(_muldi3.o)
                0x000000000800056c                __muldi3
                0x000000000800056c                __aeabi_lmul
 .text          0x00000000080005bc       0x30 c:/st/stm32cubeide_1.2.0/stm32cubeide/plugins/com.st.stm32cube.ide.mcu.externaltools.gnu-tools-for-stm32.9-2020-q2-update.win32_1.5.0.202011040924/tools/bin/../lib/gcc/arm-none-eabi/9.3.1/thumb/v6-m/nofp\libgcc.a(_fixunssfsi.o)
                0x00000000080005bc                __fixunssfsi
                0x00000000080005bc                __aeabi_f2uiz
 .text          0x00000000080005ec       0x3c c:/st/stm32cubeide_1.2.0/stm32cubeide/plugins/com.st.stm32cube.ide.mcu.externaltools.gnu-tools-for-stm32.9-2020-q2-update.win32_1.5.0.202011040924/tools/bin/../lib/gcc/arm-none-eabi/9.3.1/thumb/v6-m/nofp\libgcc.a(_fixunsdfsi.o)
                0x00000000080005ec                __aeabi_d2uiz
                0x00000000080005ec                __fixunsdfsi
 .text          0x0000000008000628       0x3c c:/st/stm32cubeide_1.2.0/stm32cubeide/plugins/com.st.stm32cube.ide.mcu.externaltools.gnu-tools-for-stm32.9-2020-q2-update.win32_1.5.0.202011040924/tools/bin/../lib/gcc/arm-none-eabi/9.3.1/thumb/v6-m/nofp\libgcc.a(_fixdfdi.o)
                0x0000000008000628                __fixdfdi
                0x0000000008000628                __aeabi_d2lz
 .text          0x0000000008000664       0x3c c:/st/stm32cubeide_1.2.0/stm32cubeide/plugins/com.st.stm32cube.ide.mcu.externaltools.gnu-tools-for-stm32.9-2020-q2-update.win32_1.5.0.202011040924/tools/bin/../lib/gcc/arm-none-eabi/9.3.1/thumb/v6-m/nofp\libgcc.a(_fixunsdfdi.o)
                0x0000000008000664                __fixunsdfdi
                0x0000000008000664                __aeabi_d2ulz
 .text          0x00000000080006a0       0x2c c:/st/stm32cubeide_1.2.0/stm32cubeide/plugins/com.st.stm32cube.ide.mcu.externaltools.gnu-tools-for-stm32.9-2020-q2-update.win32_1.5.0.202011040924/tools/bin/../lib/gcc/arm-none-eabi/9.3.1/thumb/v6-m/nofp\libgcc.a(_floatdidf.o)
                0x00000000080006a0                __aeabi_l2d
                0x00000000080006a0                __floatdidf
 .text          0x00000000080006cc      0x198 c:/st/stm32cubeide_1.2.0/stm32cubeide/plugins/com.st.stm32cube.ide.mcu.externaltools.gnu-tools-for-stm32.9-2020-q2-update.win32_1.5.0.202011040924/tools/bin/../lib/gcc/arm-none-eabi/9.3.1/thumb/v6-m/nofp\libgcc.a(_udivmoddi4.o)
                0x00000000080006cc                __udivmoddi4
 .text          0x0000000008000864      0x218 c:/st/stm32cubeide_1.2.0/stm32cubeide/plugins/com.st.stm32cube.ide.mcu.externaltools.gnu-tools-for-stm32.9-2020-q2-update.win32_1.5.0.202011040924/tools/bin/../lib/gcc/arm-none-eabi/9.3.1/thumb/v6-m/nofp\libgcc.a(divsf3.o)
                0x0000000008000864                __aeabi_fdiv
 .text          0x0000000008000a7c       0x50 c:/st/stm32cubeide_1.2.0/stm32cubeide/plugins/com.st.stm32cube.ide.mcu.externaltools.gnu-tools-for-stm32.9-2020-q2-update.win32_1.5.0.202011040924/tools/bin/../lib/gcc/arm-none-eabi/9.3.1/thumb/v6-m/nofp\libgcc.a(eqsf2.o)
                0x0000000008000a7c                __eqsf2
                0x0000000008000a7c                __nesf2
 .text          0x0000000008000acc       0x98 c:/st/stm32cubeide_1.2.0/stm32cubeide/plugins/com.st.stm32cube.ide.mcu.externaltools.gnu-tools-for-stm32.9-2020-q2-update.win32_1.5.0.202011040924/tools/bin/../lib/gcc/arm-none-eabi/9.3.1/thumb/v6-m/nofp\libgcc.a(gesf2.o)
                0x0000000008000acc                __gesf2
                0x0000000008000acc                __gtsf2
 .text          0x0000000008000b64       0x94 c:/st/stm32cubeide_1.2.0/stm32cubeide/plugins/com.st.stm32cube.ide.mcu.externaltools.gnu-tools-for-stm32.9-2020-q2-update.win32_1.5.0.202011040924/tools/bin/../lib/gcc/arm-none-eabi/9.3.1/thumb/v6-m/nofp\libgcc.a(lesf2.o)
                0x0000000008000b64                __ltsf2
                0x0000000008000b64                __lesf2
 .text          0x0000000008000bf8      0x234 c:/st/stm32cubeide_1.2.0/stm32cubeide/plugins/com.st.stm32cube.ide.mcu.externaltools.gnu-tools-for-stm32.9-2020-q2-update.win32_1.5.0.202011040924/tools/bin/../lib/gcc/arm-none-eabi/9.3.1/thumb/v6-m/nofp\libgcc.a(mulsf3.o)
                0x0000000008000bf8                __aeabi_fmul
 .text          0x0000000008000e2c      0x390 c:/st/stm32cubeide_1.2.0/stm32cubeide/plugins/com.st.stm32cube.ide.mcu.externaltools.gnu-tools-for-stm32.9-2020-q2-update.win32_1.5.0.202011040924/tools/bin/../lib/gcc/arm-none-eabi/9.3.1/thumb/v6-m/nofp\libgcc.a(subsf3.o)
                0x0000000008000e2c                __aeabi_fsub
 .text          0x00000000080011bc       0x40 c:/st/stm32cubeide_1.2.0/stm32cubeide/plugins/com.st.stm32cube.ide.mcu.externaltools.gnu-tools-for-stm32.9-2020-q2-update.win32_1.5.0.202011040924/tools/bin/../lib/gcc/arm-none-eabi/9.3.1/thumb/v6-m/nofp\libgcc.a(fixsfsi.o)
                0x00000000080011bc                __aeabi_f2iz
 .text          0x00000000080011fc       0x8c c:/st/stm32cubeide_1.2.0/stm32cubeide/plugins/com.st.stm32cube.ide.mcu.externaltools.gnu-tools-for-stm32.9-2020-q2-update.win32_1.5.0.202011040924/tools/bin/../lib/gcc/arm-none-eabi/9.3.1/thumb/v6-m/nofp\libgcc.a(floatsisf.o)
                0x00000000080011fc                __aeabi_i2f
 .text          0x0000000008001288       0x78 c:/st/stm32cubeide_1.2.0/stm32cubeide/plugins/com.st.stm32cube.ide.mcu.externaltools.gnu-tools-for-stm32.9-2020-q2-update.win32_1.5.0.202011040924/tools/bin/../lib/gcc/arm-none-eabi/9.3.1/thumb/v6-m/nofp\libgcc.a(floatunsisf.o)
                0x0000000008001288                __aeabi_ui2f
 .text          0x0000000008001300      0x6d4 c:/st/stm32cubeide_1.2.0/stm32cubeide/plugins/com.st.stm32cube.ide.mcu.externaltools.gnu-tools-for-stm32.9-2020-q2-update.win32_1.5.0.202011040924/tools/bin/../lib/gcc/arm-none-eabi/9.3.1/thumb/v6-m/nofp\libgcc.a(adddf3.o)
                0x0000000008001300                __aeabi_dadd
 .text          0x00000000080019d4      0x5d0 c:/st/stm32cubeide_1.2.0/stm32cubeide/plugins/com.st.stm32cube.ide.mcu.externaltools.gnu-tools-for-stm32.9-2020-q2-update.win32_1.5.0.202011040924/tools/bin/../lib/gcc/arm-none-eabi/9.3.1/thumb/v6-m/nofp\libgcc.a(divdf3.o)
                0x00000000080019d4                __aeabi_ddiv
 .text          0x0000000008001fa4       0x78 c:/st/stm32cubeide_1.2.0/stm32cubeide/plugins/com.st.stm32cube.ide.mcu.externaltools.gnu-tools-for-stm32.9-2020-q2-update.win32_1.5.0.202011040924/tools/bin/../lib/gcc/arm-none-eabi/9.3.1/thumb/v6-m/nofp\libgcc.a(eqdf2.o)
                0x0000000008001fa4                __nedf2
                0x0000000008001fa4                __eqdf2
 .text          0x000000000800201c       0xe4 c:/st/stm32cubeide_1.2.0/stm32cubeide/plugins/com.st.stm32cube.ide.mcu.externaltools.gnu-tools-for-stm32.9-2020-q2-update.win32_1.5.0.202011040924/tools/bin/../lib/gcc/arm-none-eabi/9.3.1/thumb/v6-m/nofp\libgcc.a(gedf2.o)
                0x000000000800201c                __gedf2
                0x000000000800201c                __gtdf2
 .text          0x0000000008002100       0xe0 c:/st/stm32cubeide_1.2.0/stm32cubeide/plugins/com.st.stm32cube.ide.mcu.externaltools.gnu-tools-for-stm32.9-2020-q2-update.win32_1.5.0.202011040924/tools/bin/../lib/gcc/arm-none-eabi/9.3.1/thumb/v6-m/nofp\libgcc.a(ledf2.o)
                0x0000000008002100                __ledf2
                0x0000000008002100                __ltdf2
 .text          0x00000000080021e0      0x4d8 c:/st/stm32cubeide_1.2.0/stm32cubeide/plugins/com.st.stm32cube.ide.mcu.externaltools.gnu-tools-for-stm32.9-2020-q2-update.win32_1.5.0.202011040924/tools/bin/../lib/gcc/arm-none-eabi/9.3.1/thumb/v6-m/nofp\libgcc.a(muldf3.o)
                0x00000000080021e0                __aeabi_dmul
 .text          0x00000000080026b8      0x724 c:/st/stm32cubeide_1.2.0/stm32cubeide/plugins/com.st.stm32cube.ide.mcu.externaltools.gnu-tools-for-stm32.9-2020-q2-update.win32_1.5.0.202011040924/tools/bin/../lib/gcc/arm-none-eabi/9.3.1/thumb/v6-m/nofp\libgcc.a(subdf3.o)
                0x00000000080026b8                __aeabi_dsub
 .text          0x0000000008002ddc       0x3c c:/st/stm32cubeide_1.2.0/stm32cubeide/plugins/com.st.stm32cube.ide.mcu.externaltools.gnu-tools-for-stm32.9-2020-q2-update.win32_1.5.0.202011040924/tools/bin/../lib/gcc/arm-none-eabi/9.3.1/thumb/v6-m/nofp\libgcc.a(unorddf2.o)
                0x0000000008002ddc                __aeabi_dcmpun
 .text          0x0000000008002e18       0x6c c:/st/stm32cubeide_1.2.0/stm32cubeide/plugins/com.st.stm32cube.ide.mcu.externaltools.gnu-tools-for-stm32.9-2020-q2-update.win32_1.5.0.202011040924/tools/bin/../lib/gcc/arm-none-eabi/9.3.1/thumb/v6-m/nofp\libgcc.a(fixdfsi.o)
                0x0000000008002e18                __aeabi_d2iz
 .text          0x0000000008002e84       0x60 c:/st/stm32cubeide_1.2.0/stm32cubeide/plugins/com.st.stm32cube.ide.mcu.externaltools.gnu-tools-for-stm32.9-2020-q2-update.win32_1.5.0.202011040924/tools/bin/../lib/gcc/arm-none-eabi/9.3.1/thumb/v6-m/nofp\libgcc.a(floatsidf.o)
                0x0000000008002e84                __aeabi_i2d
 .text          0x0000000008002ee4       0x4c c:/st/stm32cubeide_1.2.0/stm32cubeide/plugins/com.st.stm32cube.ide.mcu.externaltools.gnu-tools-for-stm32.9-2020-q2-update.win32_1.5.0.202011040924/tools/bin/../lib/gcc/arm-none-eabi/9.3.1/thumb/v6-m/nofp\libgcc.a(floatunsidf.o)
                0x0000000008002ee4                __aeabi_ui2d
 .text          0x0000000008002f30       0x90 c:/st/stm32cubeide_1.2.0/stm32cubeide/plugins/com.st.stm32cube.ide.mcu.externaltools.gnu-tools-for-stm32.9-2020-q2-update.win32_1.5.0.202011040924/tools/bin/../lib/gcc/arm-none-eabi/9.3.1/thumb/v6-m/nofp\libgcc.a(extendsfdf2.o)
                0x0000000008002f30                __aeabi_f2d
 .text          0x0000000008002fc0      0x110 c:/st/stm32cubeide_1.2.0/stm32cubeide/plugins/com.st.stm32cube.ide.mcu.externaltools.gnu-tools-for-stm32.9-2020-q2-update.win32_1.5.0.202011040924/tools/bin/../lib/gcc/arm-none-eabi/9.3.1/thumb/v6-m/nofp\libgcc.a(truncdfsf2.o)
                0x0000000008002fc0                __aeabi_d2f
 .text          0x00000000080030d0       0x3c c:/st/stm32cubeide_1.2.0/stm32cubeide/plugins/com.st.stm32cube.ide.mcu.externaltools.gnu-tools-for-stm32.9-2020-q2-update.win32_1.5.0.202011040924/tools/bin/../lib/gcc/arm-none-eabi/9.3.1/thumb/v6-m/nofp\libgcc.a(_clzsi2.o)
                0x00000000080030d0                __clzsi2
 .text          0x000000000800310c       0x18 c:/st/stm32cubeide_1.2.0/stm32cubeide/plugins/com.st.stm32cube.ide.mcu.externaltools.gnu-tools-for-stm32.9-2020-q2-update.win32_1.5.0.202011040924/tools/bin/../lib/gcc/arm-none-eabi/9.3.1/thumb/v6-m/nofp\libgcc.a(_clzdi2.o)
                0x000000000800310c                __clzdi2
 *(.text*)
 .text.minArr   0x0000000008003124       0x3c BOS\BOS.o
                0x0000000008003124                minArr
 .text.QnotEmpty
                0x0000000008003160       0x24 BOS\BOS.o
                0x0000000008003160                QnotEmpty
 .text.LoadROsnippets
                0x0000000008003184      0x10c BOS\BOS.o
                0x0000000008003184                LoadROsnippets
 .text.LoadROtopology
                0x0000000008003290       0xa8 BOS\BOS.o
                0x0000000008003290                LoadROtopology
 .text.SaveEEportsDir
                0x0000000008003338       0x44 BOS\BOS.o
                0x0000000008003338                SaveEEportsDir
 .text.ClearEEportsDir
                0x000000000800337c       0x50 BOS\BOS.o
                0x000000000800337c                ClearEEportsDir
 .text.LoadEEportsDir
                0x00000000080033cc       0x44 BOS\BOS.o
                0x00000000080033cc                LoadEEportsDir
 .text.SaveEEalias
                0x0000000008003410       0x84 BOS\BOS.o
                0x0000000008003410                SaveEEalias
 .text.LoadEEalias
                0x0000000008003494       0x8c BOS\BOS.o
                0x0000000008003494                LoadEEalias
 .text.LoadEEgroup
                0x0000000008003520       0xac BOS\BOS.o
                0x0000000008003520                LoadEEgroup
 .text.LoadEEstreams
                0x00000000080035cc      0x14c BOS\BOS.o
                0x00000000080035cc                LoadEEstreams
 .text.SaveEEstreams
                0x0000000008003718       0x8e BOS\BOS.o
                0x0000000008003718                SaveEEstreams
 *fill*         0x00000000080037a6        0x2 
 .text.LoadEEparams
                0x00000000080037a8      0x144 BOS\BOS.o
                0x00000000080037a8                LoadEEparams
 .text.SaveEEparams
                0x00000000080038ec       0x70 BOS\BOS.o
                0x00000000080038ec                SaveEEparams
 .text.LoadEEbuttons
                0x000000000800395c       0xf0 BOS\BOS.o
                0x000000000800395c                LoadEEbuttons
 .text.LoadEEvars
                0x0000000008003a4c       0x24 BOS\BOS.o
                0x0000000008003a4c                LoadEEvars
 .text.IsLowerCLIbaud
                0x0000000008003a70       0x9e BOS\BOS.o
                0x0000000008003a70                IsLowerCLIbaud
 *fill*         0x0000000008003b0e        0x2 
 .text.EE_FormatForFactoryReset
                0x0000000008003b10       0x28 BOS\BOS.o
                0x0000000008003b10                EE_FormatForFactoryReset
 .text.SetupPortForRemoteBootloaderUpdate
                0x0000000008003b38       0x2a BOS\BOS.o
                0x0000000008003b38                SetupPortForRemoteBootloaderUpdate
 *fill*         0x0000000008003b62        0x2 
 .text.IsModuleParameter
                0x0000000008003b64       0x18 BOS\BOS.o
                0x0000000008003b64                IsModuleParameter
 .text.IsMathOperator
                0x0000000008003b7c       0x8c BOS\BOS.o
                0x0000000008003b7c                IsMathOperator
 .text.ExploreNeighbors
                0x0000000008003c08       0x4c BOS\BOS.o
                0x0000000008003c08                ExploreNeighbors
 .text.FindBroadcastRoutes
                0x0000000008003c54      0x134 BOS\BOS.o
                0x0000000008003c54                FindBroadcastRoutes
 .text.FindRoute
                0x0000000008003d88      0x19c BOS\BOS.o
                0x0000000008003d88                FindRoute
 .text.remoteBootloaderUpdate
                0x0000000008003f24      0x104 BOS\BOS.o
                0x0000000008003f24                remoteBootloaderUpdate
 .text.DisplayTopology
                0x0000000008004028      0x1b0 BOS\BOS.o
                0x0000000008004028                DisplayTopology
 .text.DisplayPortsDir
                0x00000000080041d8       0xec BOS\BOS.o
                0x00000000080041d8                DisplayPortsDir
 .text.DisplayModuleStatus
                0x00000000080042c4      0x2d4 BOS\BOS.o
                0x00000000080042c4                DisplayModuleStatus
 .text.GetID    0x0000000008004598       0xc8 BOS\BOS.o
                0x0000000008004598                GetID
 .text.NameModule
                0x0000000008004660       0xc8 BOS\BOS.o
                0x0000000008004660                NameModule
 .text.AddModuleToGroup
                0x0000000008004728      0x104 BOS\BOS.o
                0x0000000008004728                AddModuleToGroup
 .text.ReadPortsDir
                0x000000000800482c       0xa4 BOS\BOS.o
                0x000000000800482c                ReadPortsDir
 .text.UpdateMyPortsDir
                0x00000000080048d0       0x4c BOS\BOS.o
                0x00000000080048d0                UpdateMyPortsDir
 .text.BOS_Init
                0x000000000800491c      0x144 BOS\BOS.o
                0x000000000800491c                BOS_Init
 .text.GetDateString
                0x0000000008004a60       0x44 BOS\BOS.o
                0x0000000008004a60                GetDateString
 .text.Bridge   0x0000000008004aa4       0x28 BOS\BOS.o
                0x0000000008004aa4                Bridge
 .text.Unbridge
                0x0000000008004acc       0x7c BOS\BOS.o
                0x0000000008004acc                Unbridge
 .text.StringToLowerCase
                0x0000000008004b48       0x30 BOS\BOS_CLI.o
                0x0000000008004b48                StringToLowerCase
 .text.ParseSnippetCondition
                0x0000000008004b78      0x468 BOS\BOS_CLI.o
                0x0000000008004b78                ParseSnippetCondition
 .text.AddSnippet
                0x0000000008004fe0       0xf4 BOS\BOS_CLI.o
                0x0000000008004fe0                AddSnippet
 .text.CLI_CommandParser
                0x00000000080050d4      0x438 BOS\BOS_CLI.o
                0x00000000080050d4                CLI_CommandParser
 .text.prvCLITask
                0x000000000800550c      0x1c4 BOS\BOS_CLI.o
                0x000000000800550c                prvCLITask
 .text.ParseSnippetCommand
                0x00000000080056d0       0x84 BOS\BOS_CLI.o
                0x00000000080056d0                ParseSnippetCommand
 .text.CheckSnippetCondition
                0x0000000008005754      0x118 BOS\BOS_CLI.o
                0x0000000008005754                CheckSnippetCondition
 .text.ExecuteSnippet
                0x000000000800586c       0xa4 BOS\BOS_CLI.o
                0x000000000800586c                ExecuteSnippet
 .text.exploreCommand
                0x0000000008005910        0x4 BOS\BOS_CLIcommands.o
 .text.setBaudrateCommand
                0x0000000008005914       0x80 BOS\BOS_CLIcommands.o
 .text.flashsizeCommand
                0x0000000008005994       0x20 BOS\BOS_CLIcommands.o
 .text.testportCommand
                0x00000000080059b4      0x1c8 BOS\BOS_CLIcommands.o
 .text.unbridgeCommand
                0x0000000008005b7c       0xb0 BOS\BOS_CLIcommands.o
 .text.bridgeCommand
                0x0000000008005c2c       0xb0 BOS\BOS_CLIcommands.o
 .text.delSnipCommand
                0x0000000008005cdc      0x104 BOS\BOS_CLIcommands.o
 .text.pauseSnipCommand
                0x0000000008005de0       0x74 BOS\BOS_CLIcommands.o
 .text.actSnipCommand
                0x0000000008005e54       0x74 BOS\BOS_CLIcommands.o
 .text.snipCommand
                0x0000000008005ec8      0x258 BOS\BOS_CLIcommands.o
 .text.idcodeCommand
                0x0000000008006120       0xa8 BOS\BOS_CLIcommands.o
 .text.uuidCommand
                0x00000000080061c8       0x6c BOS\BOS_CLIcommands.o
 .text.timeCommand
                0x0000000008006234       0x94 BOS\BOS_CLIcommands.o
 .text.dateCommand
                0x00000000080062c8       0x24 BOS\BOS_CLIcommands.o
 .text.getCommand
                0x00000000080062ec      0x254 BOS\BOS_CLIcommands.o
 .text.defaultCommand
                0x0000000008006540       0xbc BOS\BOS_CLIcommands.o
 .text.setCommand
                0x00000000080065fc      0x818 BOS\BOS_CLIcommands.o
 .text.removebuttonCommand
                0x0000000008006e14       0x54 BOS\BOS_CLIcommands.o
 .text.addbuttonCommand
                0x0000000008006e68       0xd0 BOS\BOS_CLIcommands.o
 .text.scastCommand
                0x0000000008006f38      0x190 BOS\BOS_CLIcommands.o
 .text.infoCommand
                0x00000000080070c8       0xc0 BOS\BOS_CLIcommands.o
 .text.statusCommand
                0x0000000008007188       0x14 BOS\BOS_CLIcommands.o
 .text.groupCommand
                0x000000000800719c      0x1c0 BOS\BOS_CLIcommands.o
 .text.nameCommand
                0x000000000800735c       0x9c BOS\BOS_CLIcommands.o
 .text.bootloaderUpdateCommand
                0x00000000080073f8      0x194 BOS\BOS_CLIcommands.o
 .text.pingCommand
                0x000000000800758c       0x6c BOS\BOS_CLIcommands.o
 .text.prvRunTimeStatsCommand
                0x00000000080075f8       0x24 BOS\BOS_CLIcommands.o
 .text.prvTaskStatsCommand
                0x000000000800761c       0x24 BOS\BOS_CLIcommands.o
 .text.resetCommand
                0x0000000008007640       0x24 BOS\BOS_CLIcommands.o
 .text.RegisterUserCLICommands
                0x0000000008007664        0x2 BOS\BOS_CLIcommands.o
                0x0000000008007664                RegisterUserCLICommands
 *fill*         0x0000000008007666        0x2 
 .text.vRegisterCLICommands
                0x0000000008007668      0x138 BOS\BOS_CLIcommands.o
                0x0000000008007668                vRegisterCLICommands
 .text.StopMsgDMA
                0x00000000080077a0       0x24 BOS\BOS_dma.o
                0x00000000080077a0                StopMsgDMA
 .text.StopStreamDMA
                0x00000000080077c4       0x34 BOS\BOS_dma.o
                0x00000000080077c4                StopStreamDMA
 .text.SwitchMsgDMAToStream
                0x00000000080077f8       0x28 BOS\BOS_dma.o
                0x00000000080077f8                SwitchMsgDMAToStream
 .text.SwitchStreamDMAToMsg
                0x0000000008007820       0x6c BOS\BOS_dma.o
                0x0000000008007820                SwitchStreamDMAToMsg
 .text.StartDMAstream
                0x000000000800788c       0x50 BOS\BOS_dma.o
                0x000000000800788c                StartDMAstream
 .text.DMA_IRQHandler
                0x00000000080078dc       0x64 BOS\BOS_dma.o
                0x00000000080078dc                DMA_IRQHandler
 .text.ResetUartORE
                0x0000000008007940       0x2c BOS\BOS_dma.o
                0x0000000008007940                ResetUartORE
 .text.EE_VerifyPageFullWriteVariable
                0x000000000800796c       0xd4 BOS\BOS_eeprom.o
 .text.EE_ReadVariable
                0x0000000008007a40       0x58 BOS\BOS_eeprom.o
                0x0000000008007a40                EE_ReadVariable
 .text.EE_WriteVariable
                0x0000000008007a98      0x160 BOS\BOS_eeprom.o
                0x0000000008007a98                EE_WriteVariable
 .text.EE_Format
                0x0000000008007bf8       0xc8 BOS\BOS_eeprom.o
                0x0000000008007bf8                EE_Format
 .text.EE_Init  0x0000000008007cc0      0x39c BOS\BOS_eeprom.o
                0x0000000008007cc0                EE_Init
 .text.StartDefaultTask
                0x000000000800805c       0xbc BOS\BOS_freertos.o
                0x000000000800805c                StartDefaultTask
 .text.MX_FREERTOS_Init
                0x0000000008008118      0x188 BOS\BOS_freertos.o
                0x0000000008008118                MX_FREERTOS_Init
 .text.vMainConfigureTimerForRunTimeStats
                0x00000000080082a0       0x20 BOS\BOS_freertos.o
                0x00000000080082a0                vMainConfigureTimerForRunTimeStats
 .text.ulMainGetRunTimeCounterValue
                0x00000000080082c0       0x50 BOS\BOS_freertos.o
                0x00000000080082c0                ulMainGetRunTimeCounterValue
 .text.buttonPressedCallback
                0x0000000008008310        0x2 BOS\BOS_inputs.o
                0x0000000008008310                buttonPressedCallback
 .text.buttonReleasedCallback
                0x0000000008008312        0x2 BOS\BOS_inputs.o
                0x0000000008008312                buttonReleasedCallback
 .text.buttonClickedCallback
                0x0000000008008314        0x2 BOS\BOS_inputs.o
                0x0000000008008314                buttonClickedCallback
 .text.buttonDblClickedCallback
                0x0000000008008316        0x2 BOS\BOS_inputs.o
                0x0000000008008316                buttonDblClickedCallback
 .text.buttonPressedForXCallback
                0x0000000008008318        0x2 BOS\BOS_inputs.o
                0x0000000008008318                buttonPressedForXCallback
 .text.buttonReleasedForYCallback
                0x000000000800831a        0x2 BOS\BOS_inputs.o
                0x000000000800831a                buttonReleasedForYCallback
 .text.CheckForTimedButtonPress
                0x000000000800831c       0x7c BOS\BOS_inputs.o
                0x000000000800831c                CheckForTimedButtonPress
 .text.CheckForTimedButtonRelease
                0x0000000008008398       0x7c BOS\BOS_inputs.o
                0x0000000008008398                CheckForTimedButtonRelease
 .text.CheckAttachedButtons
                0x0000000008008414      0x420 BOS\BOS_inputs.o
                0x0000000008008414                CheckAttachedButtons
 .text.AddPortButton
                0x0000000008008834      0x124 BOS\BOS_inputs.o
                0x0000000008008834                AddPortButton
 .text.RemovePortButton
                0x0000000008008958      0x108 BOS\BOS_inputs.o
                0x0000000008008958                RemovePortButton
 .text.SetButtonEvents
                0x0000000008008a60      0x370 BOS\BOS_inputs.o
                0x0000000008008a60                SetButtonEvents
 .text.StreamTimerCallback
                0x0000000008008dd0       0x16 BOS\BOS_messaging.o
                0x0000000008008dd0                StreamTimerCallback
 *fill*         0x0000000008008de6        0x2 
 .text.SetupDMAStreams
                0x0000000008008de8      0x1b0 BOS\BOS_messaging.o
                0x0000000008008de8                SetupDMAStreams
 .text.NotifyMessagingTask
                0x0000000008008f98       0x64 BOS\BOS_messaging.o
                0x0000000008008f98                NotifyMessagingTask
 .text.SendMessageFromPort
                0x0000000008008ffc      0x380 BOS\BOS_messaging.o
                0x0000000008008ffc                SendMessageFromPort
 .text.ForwardReceivedMessage
                0x000000000800937c       0x40 BOS\BOS_messaging.o
                0x000000000800937c                ForwardReceivedMessage
 .text.BroadcastReceivedMessage
                0x00000000080093bc       0x40 BOS\BOS_messaging.o
                0x00000000080093bc                BroadcastReceivedMessage
 .text.BroadcastMessage
                0x00000000080093fc       0x50 BOS\BOS_messaging.o
                0x00000000080093fc                BroadcastMessage
 .text.SendMessageToModule
                0x000000000800944c       0x4c BOS\BOS_messaging.o
                0x000000000800944c                SendMessageToModule
 .text.StartScastDMAStream
                0x0000000008009498      0x1a8 BOS\BOS_messaging.o
                0x0000000008009498                StartScastDMAStream
 .text.BackEndTask
                0x0000000008009640      0x3c8 BOS\BOS_msgparser.o
                0x0000000008009640                BackEndTask
 .text.User_MessagingParser
                0x0000000008009a08        0x4 BOS\BOS_msgparser.o
                0x0000000008009a08                User_MessagingParser
 .text.PxMessagingTask
                0x0000000008009a0c     0x165c BOS\BOS_msgparser.o
                0x0000000008009a0c                PxMessagingTask
 .text.SystemClock_Config
                0x000000000800b068       0xb0 H15R0\H15R0.o
                0x000000000800b068                SystemClock_Config
 .text.SaveToRO
                0x000000000800b118      0x23c H15R0\H15R0.o
                0x000000000800b118                SaveToRO
 .text.ClearROtopology
                0x000000000800b354       0x30 H15R0\H15R0.o
                0x000000000800b354                ClearROtopology
 .text.Module_Init
                0x000000000800b384       0x18 H15R0\H15R0.o
                0x000000000800b384                Module_Init
 .text.RegisterModuleCLICommands
                0x000000000800b39c       0x18 H15R0\H15R0.o
                0x000000000800b39c                RegisterModuleCLICommands
 .text.GetPort  0x000000000800b3b4       0x40 H15R0\H15R0.o
                0x000000000800b3b4                GetPort
 .text.AnalogPercentage
                0x000000000800b3f4       0x90 H15R0\H15R0.o
                0x000000000800b3f4                AnalogPercentage
 .text.percentagevalueCommand
                0x000000000800b484       0x5c H15R0\H15R0.o
                0x000000000800b484                percentagevalueCommand
 .text.AnalogOutValue
                0x000000000800b4e0       0x88 H15R0\H15R0.o
                0x000000000800b4e0                AnalogOutValue
 .text.Module_MessagingTask
                0x000000000800b568       0x58 H15R0\H15R0.o
                0x000000000800b568                Module_MessagingTask
 .text.AnalogvalueCommand
                0x000000000800b5c0       0x5c H15R0\H15R0.o
                0x000000000800b5c0                AnalogvalueCommand
 .text.MX_DAC_Init
                0x000000000800b61c       0x44 H15R0\H15R0_dac.o
                0x000000000800b61c                MX_DAC_Init
 .text.DMA_MSG_RX_CH_Init
                0x000000000800b660       0x22 H15R0\H15R0_dma.o
                0x000000000800b660                DMA_MSG_RX_CH_Init
 .text.DMA_MSG_TX_CH_Init
                0x000000000800b682       0x22 H15R0\H15R0_dma.o
                0x000000000800b682                DMA_MSG_TX_CH_Init
 .text.DMA_Init
                0x000000000800b6a4       0x98 H15R0\H15R0_dma.o
                0x000000000800b6a4                DMA_Init
 .text.DMA_STREAM_CH_Init
                0x000000000800b73c       0x20 H15R0\H15R0_dma.o
                0x000000000800b73c                DMA_STREAM_CH_Init
 .text.SetupDMAInterrupts
                0x000000000800b75c       0xbc H15R0\H15R0_dma.o
                0x000000000800b75c                SetupDMAInterrupts
 .text.UnSetupDMAInterrupts
                0x000000000800b818       0xa4 H15R0\H15R0_dma.o
                0x000000000800b818                UnSetupDMAInterrupts
 .text.DMA_MSG_TX_UnSetup
                0x000000000800b8bc       0x14 H15R0\H15R0_dma.o
                0x000000000800b8bc                DMA_MSG_TX_UnSetup
 .text.RemapAndLinkDMAtoUARTRx
                0x000000000800b8d0      0x660 H15R0\H15R0_dma.o
                0x000000000800b8d0                RemapAndLinkDMAtoUARTRx
 .text.DMA_MSG_RX_Setup
                0x000000000800bf30       0x30 H15R0\H15R0_dma.o
                0x000000000800bf30                DMA_MSG_RX_Setup
 .text.SetupMessagingRxDMAs
                0x000000000800bf60       0x70 H15R0\H15R0_dma.o
                0x000000000800bf60                SetupMessagingRxDMAs
 .text.DMA_STREAM_Setup
                0x000000000800bfd0       0x40 H15R0\H15R0_dma.o
                0x000000000800bfd0                DMA_STREAM_Setup
 .text.RemapAndLinkDMAtoUARTTx
                0x000000000800c010      0x660 H15R0\H15R0_dma.o
                0x000000000800c010                RemapAndLinkDMAtoUARTTx
 .text.DMA_MSG_TX_Setup
                0x000000000800c670       0x44 H15R0\H15R0_dma.o
                0x000000000800c670                DMA_MSG_TX_Setup
 .text.CRC_Init
                0x000000000800c6b4       0x28 H15R0\H15R0_dma.o
                0x000000000800c6b4                CRC_Init
 .text.HAL_CRC_MspInit
                0x000000000800c6dc       0x1c H15R0\H15R0_dma.o
                0x000000000800c6dc                HAL_CRC_MspInit
 .text.CalculateCRC8
                0x000000000800c6f8       0x40 H15R0\H15R0_dma.o
                0x000000000800c6f8                CalculateCRC8
 .text.IND_LED_Init
                0x000000000800c738       0x24 H15R0\H15R0_gpio.o
                0x000000000800c738                IND_LED_Init
 .text.GPIO_Init
                0x000000000800c75c       0x6c H15R0\H15R0_gpio.o
                0x000000000800c75c                GPIO_Init
 .text.GetPortGPIOs
                0x000000000800c7c8       0x98 H15R0\H15R0_gpio.o
                0x000000000800c7c8                GetPortGPIOs
 .text.IsFactoryReset
                0x000000000800c860       0xf4 H15R0\H15R0_gpio.o
                0x000000000800c860                IsFactoryReset
 .text.SysTick_Handler
                0x000000000800c954        0xc H15R0\H15R0_it.o
                0x000000000800c954                SysTick_Handler
 .text.HardFault_Handler
                0x000000000800c960        0x2 H15R0\H15R0_it.o
                0x000000000800c960                HardFault_Handler
 *fill*         0x000000000800c962        0x2 
 .text.USART1_IRQHandler
                0x000000000800c964       0x10 H15R0\H15R0_it.o
                0x000000000800c964                USART1_IRQHandler
 .text.USART2_IRQHandler
                0x000000000800c974       0x10 H15R0\H15R0_it.o
                0x000000000800c974                USART2_IRQHandler
 .text.USART3_8_IRQHandler
                0x000000000800c984       0x18 H15R0\H15R0_it.o
                0x000000000800c984                USART3_8_IRQHandler
 .text.DMA1_Ch1_IRQHandler
                0x000000000800c99c        0xa H15R0\H15R0_it.o
                0x000000000800c99c                DMA1_Ch1_IRQHandler
 *fill*         0x000000000800c9a6        0x2 
 .text.DMA1_Ch2_3_DMA2_Ch1_2_IRQHandler
                0x000000000800c9a8       0x40 H15R0\H15R0_it.o
                0x000000000800c9a8                DMA1_Ch2_3_DMA2_Ch1_2_IRQHandler
 .text.DMA1_Ch4_7_DMA2_Ch3_5_IRQHandler
                0x000000000800c9e8       0x64 H15R0\H15R0_it.o
                0x000000000800c9e8                DMA1_Ch4_7_DMA2_Ch3_5_IRQHandler
 .text.HAL_UART_TxCpltCallback
                0x000000000800ca4c       0x30 H15R0\H15R0_it.o
                0x000000000800ca4c                HAL_UART_TxCpltCallback
 .text.HAL_UART_ErrorCallback
                0x000000000800ca7c       0x4c H15R0\H15R0_it.o
                0x000000000800ca7c                HAL_UART_ErrorCallback
 .text.HAL_UART_RxCpltCallback
                0x000000000800cac8       0x68 H15R0\H15R0_it.o
                0x000000000800cac8                HAL_UART_RxCpltCallback
 .text.vApplicationStackOverflowHook
                0x000000000800cb30        0x4 H15R0\H15R0_it.o
                0x000000000800cb30                vApplicationStackOverflowHook
 .text.vApplicationMallocFailedHook
                0x000000000800cb34        0x4 H15R0\H15R0_it.o
                0x000000000800cb34                vApplicationMallocFailedHook
 .text.RTC_CalendarConfig
                0x000000000800cb38       0xf8 H15R0\H15R0_rtc.o
                0x000000000800cb38                RTC_CalendarConfig
 .text.RTC_Init
                0x000000000800cc30       0x8c H15R0\H15R0_rtc.o
                0x000000000800cc30                RTC_Init
 .text.BOS_CalendarConfig
                0x000000000800ccbc       0xb4 H15R0\H15R0_rtc.o
                0x000000000800ccbc                BOS_CalendarConfig
 .text.GetTimeDate
                0x000000000800cd70       0x68 H15R0\H15R0_rtc.o
                0x000000000800cd70                GetTimeDate
 .text.TIM_USEC_Init
                0x000000000800cdd8       0x64 H15R0\H15R0_timers.o
                0x000000000800cdd8                TIM_USEC_Init
 .text.TIM_MSEC_Init
                0x000000000800ce3c       0x60 H15R0\H15R0_timers.o
                0x000000000800ce3c                TIM_MSEC_Init
 .text.StartMicroDelay
                0x000000000800ce9c       0x24 H15R0\H15R0_timers.o
                0x000000000800ce9c                StartMicroDelay
 .text.StartMilliDelay
                0x000000000800cec0       0x24 H15R0\H15R0_timers.o
                0x000000000800cec0                StartMilliDelay
 .text.MX_USART1_UART_Init
                0x000000000800cee4       0x30 H15R0\H15R0_uart.o
                0x000000000800cee4                MX_USART1_UART_Init
 .text.MX_USART2_UART_Init
                0x000000000800cf14       0x30 H15R0\H15R0_uart.o
                0x000000000800cf14                MX_USART2_UART_Init
 .text.MX_USART3_UART_Init
                0x000000000800cf44       0x30 H15R0\H15R0_uart.o
                0x000000000800cf44                MX_USART3_UART_Init
 .text.MX_USART5_UART_Init
                0x000000000800cf74       0x30 H15R0\H15R0_uart.o
                0x000000000800cf74                MX_USART5_UART_Init
 .text.HAL_UART_MspInit
                0x000000000800cfa4      0x1b4 H15R0\H15R0_uart.o
                0x000000000800cfa4                HAL_UART_MspInit
 .text.GetUart  0x000000000800d158       0x3c H15R0\H15R0_uart.o
                0x000000000800d158                GetUart
 .text.writePxMutex
                0x000000000800d194       0x58 H15R0\H15R0_uart.o
                0x000000000800d194                writePxMutex
 .text.writePxITMutex
                0x000000000800d1ec       0x40 H15R0\H15R0_uart.o
                0x000000000800d1ec                writePxITMutex
 .text.writePxDMAMutex
                0x000000000800d22c       0x48 H15R0\H15R0_uart.o
                0x000000000800d22c                writePxDMAMutex
 .text.UpdateBaudrate
                0x000000000800d274       0x12 H15R0\H15R0_uart.o
                0x000000000800d274                UpdateBaudrate
 *fill*         0x000000000800d286        0x2 
 .text.SwapUartPins
                0x000000000800d288       0x70 H15R0\H15R0_uart.o
                0x000000000800d288                SwapUartPins
 .text.Reset_Handler
                0x000000000800d2f8       0x8c H15R0\startup_stm32f091xc.o
                0x000000000800d2f8                Reset_Handler
 .text.Default_Handler
                0x000000000800d384        0x2 H15R0\startup_stm32f091xc.o
                0x000000000800d384                TIM1_CC_IRQHandler
                0x000000000800d384                TSC_IRQHandler
                0x000000000800d384                ADC1_COMP_IRQHandler
                0x000000000800d384                NMI_Handler
                0x000000000800d384                I2C1_IRQHandler
                0x000000000800d384                RCC_CRS_IRQHandler
                0x000000000800d384                SPI1_IRQHandler
                0x000000000800d384                TIM6_DAC_IRQHandler
                0x000000000800d384                EXTI2_3_IRQHandler
                0x000000000800d384                I2C2_IRQHandler
                0x000000000800d384                TIM17_IRQHandler
                0x000000000800d384                CEC_CAN_IRQHandler
                0x000000000800d384                RTC_IRQHandler
                0x000000000800d384                PVD_VDDIO2_IRQHandler
                0x000000000800d384                TIM16_IRQHandler
                0x000000000800d384                TIM3_IRQHandler
                0x000000000800d384                EXTI4_15_IRQHandler
                0x000000000800d384                Default_Handler
                0x000000000800d384                TIM14_IRQHandler
                0x000000000800d384                TIM7_IRQHandler
                0x000000000800d384                TIM15_IRQHandler
                0x000000000800d384                EXTI0_1_IRQHandler
                0x000000000800d384                SPI2_IRQHandler
                0x000000000800d384                WWDG_IRQHandler
                0x000000000800d384                TIM2_IRQHandler
                0x000000000800d384                FLASH_IRQHandler
                0x000000000800d384                TIM1_BRK_UP_TRG_COM_IRQHandler
 *fill*         0x000000000800d386        0x2 
 .text.SystemInit
                0x000000000800d388       0x60 Thirdparty\CMSIS\Device\ST\STM32F0xx\Source\Templates\system_stm32f0xx.o
                0x000000000800d388                SystemInit
 .text.osKernelStart
                0x000000000800d3e8        0xa Thirdparty\Middleware\FreeRTOS\Source\CMSIS_RTOS\cmsis_os.o
                0x000000000800d3e8                osKernelStart
 .text.osDelay  0x000000000800d3f2       0x10 Thirdparty\Middleware\FreeRTOS\Source\CMSIS_RTOS\cmsis_os.o
                0x000000000800d3f2                osDelay
 .text.osSemaphoreCreate
                0x000000000800d402       0x2c Thirdparty\Middleware\FreeRTOS\Source\CMSIS_RTOS\cmsis_os.o
                0x000000000800d402                osSemaphoreCreate
 *fill*         0x000000000800d42e        0x2 
 .text.osSemaphoreWait
                0x000000000800d430       0x5c Thirdparty\Middleware\FreeRTOS\Source\CMSIS_RTOS\cmsis_os.o
                0x000000000800d430                osSemaphoreWait
 .text.osSemaphoreRelease
                0x000000000800d48c       0x4c Thirdparty\Middleware\FreeRTOS\Source\CMSIS_RTOS\cmsis_os.o
                0x000000000800d48c                osSemaphoreRelease
 .text.osSystickHandler
                0x000000000800d4d8       0x12 Thirdparty\Middleware\FreeRTOS\Source\CMSIS_RTOS\cmsis_os.o
                0x000000000800d4d8                osSystickHandler
 *fill*         0x000000000800d4ea        0x2 
 .text.FreeRTOS_CLIRegisterCommand
                0x000000000800d4ec       0x38 Thirdparty\Middleware\FreeRTOS\Source\FreeRTOS_CLI.o
                0x000000000800d4ec                FreeRTOS_CLIRegisterCommand
 .text.FreeRTOS_CLIProcessCommand
                0x000000000800d524      0x114 Thirdparty\Middleware\FreeRTOS\Source\FreeRTOS_CLI.o
                0x000000000800d524                FreeRTOS_CLIProcessCommand
 .text.FreeRTOS_CLIGetOutputBuffer
                0x000000000800d638        0x8 Thirdparty\Middleware\FreeRTOS\Source\FreeRTOS_CLI.o
                0x000000000800d638                FreeRTOS_CLIGetOutputBuffer
 .text.FreeRTOS_CLIGetParameter
                0x000000000800d640       0x7c Thirdparty\Middleware\FreeRTOS\Source\FreeRTOS_CLI.o
                0x000000000800d640                FreeRTOS_CLIGetParameter
 .text.prvHelpCommand
                0x000000000800d6bc      0x10c Thirdparty\Middleware\FreeRTOS\Source\FreeRTOS_CLI.o
 .text.vListInitialise
                0x000000000800d7c8       0x16 Thirdparty\Middleware\FreeRTOS\Source\list.o
                0x000000000800d7c8                vListInitialise
 .text.vListInitialiseItem
                0x000000000800d7de        0x6 Thirdparty\Middleware\FreeRTOS\Source\list.o
                0x000000000800d7de                vListInitialiseItem
 .text.vListInsertEnd
                0x000000000800d7e4       0x16 Thirdparty\Middleware\FreeRTOS\Source\list.o
                0x000000000800d7e4                vListInsertEnd
 .text.vListInsert
                0x000000000800d7fa       0x2e Thirdparty\Middleware\FreeRTOS\Source\list.o
                0x000000000800d7fa                vListInsert
 .text.uxListRemove
                0x000000000800d828       0x24 Thirdparty\Middleware\FreeRTOS\Source\list.o
                0x000000000800d828                uxListRemove
 .text.prvTaskExitError
                0x000000000800d84c       0x14 Thirdparty\Middleware\FreeRTOS\Source\portable\GCC\ARM_CM0\port.o
 .text.vPortStartFirstTask
                0x000000000800d860       0x20 Thirdparty\Middleware\FreeRTOS\Source\portable\GCC\ARM_CM0\port.o
 .text.pxPortInitialiseStack
                0x000000000800d880       0x20 Thirdparty\Middleware\FreeRTOS\Source\portable\GCC\ARM_CM0\port.o
                0x000000000800d880                pxPortInitialiseStack
 .text.SVC_Handler
                0x000000000800d8a0        0x2 Thirdparty\Middleware\FreeRTOS\Source\portable\GCC\ARM_CM0\port.o
                0x000000000800d8a0                SVC_Handler
 *fill*         0x000000000800d8a2        0x2 
 .text.xPortStartScheduler
                0x000000000800d8a4       0x54 Thirdparty\Middleware\FreeRTOS\Source\portable\GCC\ARM_CM0\port.o
                0x000000000800d8a4                xPortStartScheduler
 .text.vPortYield
                0x000000000800d8f8       0x18 Thirdparty\Middleware\FreeRTOS\Source\portable\GCC\ARM_CM0\port.o
                0x000000000800d8f8                vPortYield
 .text.vPortEnterCritical
                0x000000000800d910       0x18 Thirdparty\Middleware\FreeRTOS\Source\portable\GCC\ARM_CM0\port.o
                0x000000000800d910                vPortEnterCritical
 .text.vPortExitCritical
                0x000000000800d928       0x20 Thirdparty\Middleware\FreeRTOS\Source\portable\GCC\ARM_CM0\port.o
                0x000000000800d928                vPortExitCritical
 .text.ulSetInterruptMaskFromISR
                0x000000000800d948        0xa Thirdparty\Middleware\FreeRTOS\Source\portable\GCC\ARM_CM0\port.o
                0x000000000800d948                ulSetInterruptMaskFromISR
 .text.vClearInterruptMaskFromISR
                0x000000000800d952        0x6 Thirdparty\Middleware\FreeRTOS\Source\portable\GCC\ARM_CM0\port.o
                0x000000000800d952                vClearInterruptMaskFromISR
 .text.PendSV_Handler
                0x000000000800d958       0x44 Thirdparty\Middleware\FreeRTOS\Source\portable\GCC\ARM_CM0\port.o
                0x000000000800d958                PendSV_Handler
 .text.xPortSysTickHandler
                0x000000000800d99c       0x24 Thirdparty\Middleware\FreeRTOS\Source\portable\GCC\ARM_CM0\port.o
                0x000000000800d99c                xPortSysTickHandler
 .text.prvInsertBlockIntoFreeList
                0x000000000800d9c0       0x54 Thirdparty\Middleware\FreeRTOS\Source\portable\MemMang\heap_4.o
 .text.pvPortMalloc
                0x000000000800da14      0x124 Thirdparty\Middleware\FreeRTOS\Source\portable\MemMang\heap_4.o
                0x000000000800da14                pvPortMalloc
 .text.vPortFree
                0x000000000800db38       0x54 Thirdparty\Middleware\FreeRTOS\Source\portable\MemMang\heap_4.o
                0x000000000800db38                vPortFree
 .text.prvCopyDataToQueue
                0x000000000800db8c       0x7c Thirdparty\Middleware\FreeRTOS\Source\queue.o
 .text.prvCopyDataFromQueue
                0x000000000800dc08       0x24 Thirdparty\Middleware\FreeRTOS\Source\queue.o
 .text.prvUnlockQueue
                0x000000000800dc2c       0x7e Thirdparty\Middleware\FreeRTOS\Source\queue.o
 .text.xQueueGenericReset
                0x000000000800dcaa       0x68 Thirdparty\Middleware\FreeRTOS\Source\queue.o
                0x000000000800dcaa                xQueueGenericReset
 .text.xQueueGenericCreate
                0x000000000800dd12       0x4a Thirdparty\Middleware\FreeRTOS\Source\queue.o
                0x000000000800dd12                xQueueGenericCreate
 .text.xQueueCreateCountingSemaphore
                0x000000000800dd5c       0x28 Thirdparty\Middleware\FreeRTOS\Source\queue.o
                0x000000000800dd5c                xQueueCreateCountingSemaphore
 .text.xQueueGenericSend
                0x000000000800dd84      0x138 Thirdparty\Middleware\FreeRTOS\Source\queue.o
                0x000000000800dd84                xQueueGenericSend
 .text.xQueueGenericSendFromISR
                0x000000000800debc       0x90 Thirdparty\Middleware\FreeRTOS\Source\queue.o
                0x000000000800debc                xQueueGenericSendFromISR
 .text.xQueueGiveFromISR
                0x000000000800df4c       0x78 Thirdparty\Middleware\FreeRTOS\Source\queue.o
                0x000000000800df4c                xQueueGiveFromISR
 .text.xQueueGenericReceive
                0x000000000800dfc4      0x156 Thirdparty\Middleware\FreeRTOS\Source\queue.o
                0x000000000800dfc4                xQueueGenericReceive
 .text.xQueueReceiveFromISR
                0x000000000800e11a       0x7e Thirdparty\Middleware\FreeRTOS\Source\queue.o
                0x000000000800e11a                xQueueReceiveFromISR
 .text.vQueueAddToRegistry
                0x000000000800e198       0x28 Thirdparty\Middleware\FreeRTOS\Source\queue.o
                0x000000000800e198                vQueueAddToRegistry
 .text.vQueueWaitForMessageRestricted
                0x000000000800e1c0       0x40 Thirdparty\Middleware\FreeRTOS\Source\queue.o
                0x000000000800e1c0                vQueueWaitForMessageRestricted
 .text.prvListTaskWithinSingleList
                0x000000000800e200       0xb0 Thirdparty\Middleware\FreeRTOS\Source\tasks.o
 .text.prvResetNextTaskUnblockTime
                0x000000000800e2b0       0x2c Thirdparty\Middleware\FreeRTOS\Source\tasks.o
 .text.prvAddCurrentTaskToDelayedList
                0x000000000800e2dc       0x54 Thirdparty\Middleware\FreeRTOS\Source\tasks.o
 .text.prvWriteNameToBuffer
                0x000000000800e330       0x2c Thirdparty\Middleware\FreeRTOS\Source\tasks.o
 .text.xTaskGenericCreate
                0x000000000800e35c      0x1f8 Thirdparty\Middleware\FreeRTOS\Source\tasks.o
                0x000000000800e35c                xTaskGenericCreate
 .text.uxTaskPriorityGet
                0x000000000800e554       0x20 Thirdparty\Middleware\FreeRTOS\Source\tasks.o
                0x000000000800e554                uxTaskPriorityGet
 .text.vTaskPrioritySet
                0x000000000800e574       0xb4 Thirdparty\Middleware\FreeRTOS\Source\tasks.o
                0x000000000800e574                vTaskPrioritySet
 .text.vTaskStartScheduler
                0x000000000800e628       0x58 Thirdparty\Middleware\FreeRTOS\Source\tasks.o
                0x000000000800e628                vTaskStartScheduler
 .text.vTaskSuspendAll
                0x000000000800e680       0x10 Thirdparty\Middleware\FreeRTOS\Source\tasks.o
                0x000000000800e680                vTaskSuspendAll
 .text.xTaskGetTickCount
                0x000000000800e690        0xc Thirdparty\Middleware\FreeRTOS\Source\tasks.o
                0x000000000800e690                xTaskGetTickCount
 .text.xTaskGetTickCountFromISR
                0x000000000800e69c        0xc Thirdparty\Middleware\FreeRTOS\Source\tasks.o
                0x000000000800e69c                xTaskGetTickCountFromISR
 .text.xTaskIncrementTick
                0x000000000800e6a8      0x128 Thirdparty\Middleware\FreeRTOS\Source\tasks.o
                0x000000000800e6a8                xTaskIncrementTick
 .text.xTaskResumeAll
                0x000000000800e7d0       0xe8 Thirdparty\Middleware\FreeRTOS\Source\tasks.o
                0x000000000800e7d0                xTaskResumeAll
 .text.vTaskDelay
                0x000000000800e8b8       0x48 Thirdparty\Middleware\FreeRTOS\Source\tasks.o
                0x000000000800e8b8                vTaskDelay
 .text.prvIdleTask
                0x000000000800e900       0x6c Thirdparty\Middleware\FreeRTOS\Source\tasks.o
 .text.uxTaskGetSystemState
                0x000000000800e96c       0xa4 Thirdparty\Middleware\FreeRTOS\Source\tasks.o
                0x000000000800e96c                uxTaskGetSystemState
 .text.vTaskSwitchContext
                0x000000000800ea10      0x104 Thirdparty\Middleware\FreeRTOS\Source\tasks.o
                0x000000000800ea10                vTaskSwitchContext
 .text.vTaskPlaceOnEventList
                0x000000000800eb14       0x48 Thirdparty\Middleware\FreeRTOS\Source\tasks.o
                0x000000000800eb14                vTaskPlaceOnEventList
 .text.vTaskPlaceOnEventListRestricted
                0x000000000800eb5c       0x34 Thirdparty\Middleware\FreeRTOS\Source\tasks.o
                0x000000000800eb5c                vTaskPlaceOnEventListRestricted
 .text.xTaskRemoveFromEventList
                0x000000000800eb90       0x80 Thirdparty\Middleware\FreeRTOS\Source\tasks.o
                0x000000000800eb90                xTaskRemoveFromEventList
 .text.vTaskSetTimeOutState
                0x000000000800ec10       0x20 Thirdparty\Middleware\FreeRTOS\Source\tasks.o
                0x000000000800ec10                vTaskSetTimeOutState
 .text.xTaskCheckForTimeOut
                0x000000000800ec30       0x64 Thirdparty\Middleware\FreeRTOS\Source\tasks.o
                0x000000000800ec30                xTaskCheckForTimeOut
 .text.vTaskMissedYield
                0x000000000800ec94        0xc Thirdparty\Middleware\FreeRTOS\Source\tasks.o
                0x000000000800ec94                vTaskMissedYield
 .text.xTaskGetSchedulerState
                0x000000000800eca0       0x20 Thirdparty\Middleware\FreeRTOS\Source\tasks.o
                0x000000000800eca0                xTaskGetSchedulerState
 .text.vTaskPriorityInherit
                0x000000000800ecc0       0x7c Thirdparty\Middleware\FreeRTOS\Source\tasks.o
                0x000000000800ecc0                vTaskPriorityInherit
 .text.xTaskPriorityDisinherit
                0x000000000800ed3c       0x74 Thirdparty\Middleware\FreeRTOS\Source\tasks.o
                0x000000000800ed3c                xTaskPriorityDisinherit
 .text.vTaskList
                0x000000000800edb0       0xdc Thirdparty\Middleware\FreeRTOS\Source\tasks.o
                0x000000000800edb0                vTaskList
 .text.vTaskGetRunTimeStats
                0x000000000800ee8c       0xc4 Thirdparty\Middleware\FreeRTOS\Source\tasks.o
                0x000000000800ee8c                vTaskGetRunTimeStats
 .text.pvTaskIncrementMutexHeldCount
                0x000000000800ef50       0x1c Thirdparty\Middleware\FreeRTOS\Source\tasks.o
                0x000000000800ef50                pvTaskIncrementMutexHeldCount
 .text.ulTaskNotifyTake
                0x000000000800ef6c       0x98 Thirdparty\Middleware\FreeRTOS\Source\tasks.o
                0x000000000800ef6c                ulTaskNotifyTake
 .text.xTaskGenericNotify
                0x000000000800f004       0xb8 Thirdparty\Middleware\FreeRTOS\Source\tasks.o
                0x000000000800f004                xTaskGenericNotify
 .text.prvInsertTimerInActiveList
                0x000000000800f0bc       0x48 Thirdparty\Middleware\FreeRTOS\Source\timers.o
 .text.prvCheckForValidListAndQueue
                0x000000000800f104       0x64 Thirdparty\Middleware\FreeRTOS\Source\timers.o
 .text.xTimerCreateTimerTask
                0x000000000800f168       0x40 Thirdparty\Middleware\FreeRTOS\Source\timers.o
                0x000000000800f168                xTimerCreateTimerTask
 .text.xTimerCreate
                0x000000000800f1a8       0x40 Thirdparty\Middleware\FreeRTOS\Source\timers.o
                0x000000000800f1a8                xTimerCreate
 .text.xTimerGenericCommand
                0x000000000800f1e8       0x58 Thirdparty\Middleware\FreeRTOS\Source\timers.o
                0x000000000800f1e8                xTimerGenericCommand
 .text.prvSampleTimeNow
                0x000000000800f240       0xb0 Thirdparty\Middleware\FreeRTOS\Source\timers.o
 .text.prvTimerTask
                0x000000000800f2f0      0x170 Thirdparty\Middleware\FreeRTOS\Source\timers.o
 .text.pvTimerGetTimerID
                0x000000000800f460       0x18 Thirdparty\Middleware\FreeRTOS\Source\timers.o
                0x000000000800f460                pvTimerGetTimerID
 .text.HAL_InitTick
                0x000000000800f478       0x24 Thirdparty\STM32F0xx_HAL_Driver\Src\stm32f0xx_hal.o
                0x000000000800f478                HAL_InitTick
 .text.HAL_Init
                0x000000000800f49c       0x20 Thirdparty\STM32F0xx_HAL_Driver\Src\stm32f0xx_hal.o
                0x000000000800f49c                HAL_Init
 .text.HAL_IncTick
                0x000000000800f4bc       0x10 Thirdparty\STM32F0xx_HAL_Driver\Src\stm32f0xx_hal.o
                0x000000000800f4bc                HAL_IncTick
 .text.HAL_GetTick
                0x000000000800f4cc        0xc Thirdparty\STM32F0xx_HAL_Driver\Src\stm32f0xx_hal.o
                0x000000000800f4cc                HAL_GetTick
 .text.HAL_Delay
                0x000000000800f4d8       0x1c Thirdparty\STM32F0xx_HAL_Driver\Src\stm32f0xx_hal.o
                0x000000000800f4d8                HAL_Delay
 .text.HAL_GetREVID
                0x000000000800f4f4        0xc Thirdparty\STM32F0xx_HAL_Driver\Src\stm32f0xx_hal.o
                0x000000000800f4f4                HAL_GetREVID
 .text.HAL_GetDEVID
                0x000000000800f500       0x10 Thirdparty\STM32F0xx_HAL_Driver\Src\stm32f0xx_hal.o
                0x000000000800f500                HAL_GetDEVID
 .text.HAL_NVIC_SetPriority
                0x000000000800f510       0x64 Thirdparty\STM32F0xx_HAL_Driver\Src\stm32f0xx_hal_cortex.o
                0x000000000800f510                HAL_NVIC_SetPriority
 .text.HAL_NVIC_EnableIRQ
                0x000000000800f574       0x14 Thirdparty\STM32F0xx_HAL_Driver\Src\stm32f0xx_hal_cortex.o
                0x000000000800f574                HAL_NVIC_EnableIRQ
 .text.HAL_NVIC_DisableIRQ
                0x000000000800f588       0x14 Thirdparty\STM32F0xx_HAL_Driver\Src\stm32f0xx_hal_cortex.o
                0x000000000800f588                HAL_NVIC_DisableIRQ
 .text.HAL_SYSTICK_Config
                0x000000000800f59c       0x38 Thirdparty\STM32F0xx_HAL_Driver\Src\stm32f0xx_hal_cortex.o
                0x000000000800f59c                HAL_SYSTICK_Config
 .text.HAL_SYSTICK_CLKSourceConfig
                0x000000000800f5d4       0x20 Thirdparty\STM32F0xx_HAL_Driver\Src\stm32f0xx_hal_cortex.o
                0x000000000800f5d4                HAL_SYSTICK_CLKSourceConfig
 .text.CRC_Handle_8
                0x000000000800f5f4       0x88 Thirdparty\STM32F0xx_HAL_Driver\Src\stm32f0xx_hal_crc.o
 .text.CRC_Handle_16
                0x000000000800f67c       0x40 Thirdparty\STM32F0xx_HAL_Driver\Src\stm32f0xx_hal_crc.o
 .text.HAL_CRC_Init
                0x000000000800f6bc       0x62 Thirdparty\STM32F0xx_HAL_Driver\Src\stm32f0xx_hal_crc.o
                0x000000000800f6bc                HAL_CRC_Init
 .text.HAL_CRC_Accumulate
                0x000000000800f71e       0x56 Thirdparty\STM32F0xx_HAL_Driver\Src\stm32f0xx_hal_crc.o
                0x000000000800f71e                HAL_CRC_Accumulate
 .text.HAL_CRC_Calculate
                0x000000000800f774       0x62 Thirdparty\STM32F0xx_HAL_Driver\Src\stm32f0xx_hal_crc.o
                0x000000000800f774                HAL_CRC_Calculate
 .text.HAL_CRCEx_Polynomial_Set
                0x000000000800f7d6       0x52 Thirdparty\STM32F0xx_HAL_Driver\Src\stm32f0xx_hal_crc_ex.o
                0x000000000800f7d6                HAL_CRCEx_Polynomial_Set
 .text.HAL_CRCEx_Init
                0x000000000800f828       0x34 Thirdparty\STM32F0xx_HAL_Driver\Src\stm32f0xx_hal_crc_ex.o
                0x000000000800f828                HAL_CRCEx_Init
 .text.HAL_DAC_MspInit
                0x000000000800f85c        0x2 Thirdparty\STM32F0xx_HAL_Driver\Src\stm32f0xx_hal_dac.o
                0x000000000800f85c                HAL_DAC_MspInit
 .text.HAL_DAC_Init
                0x000000000800f85e       0x28 Thirdparty\STM32F0xx_HAL_Driver\Src\stm32f0xx_hal_dac.o
                0x000000000800f85e                HAL_DAC_Init
 .text.HAL_DAC_SetValue
                0x000000000800f886       0x2c Thirdparty\STM32F0xx_HAL_Driver\Src\stm32f0xx_hal_dac.o
                0x000000000800f886                HAL_DAC_SetValue
 *fill*         0x000000000800f8b2        0x2 
 .text.HAL_DAC_ConfigChannel
                0x000000000800f8b4       0x3c Thirdparty\STM32F0xx_HAL_Driver\Src\stm32f0xx_hal_dac_ex.o
                0x000000000800f8b4                HAL_DAC_ConfigChannel
 .text.HAL_DAC_Start
                0x000000000800f8f0       0x5c Thirdparty\STM32F0xx_HAL_Driver\Src\stm32f0xx_hal_dac_ex.o
                0x000000000800f8f0                HAL_DAC_Start
 .text.HAL_DMA_Init
                0x000000000800f94c       0x54 Thirdparty\STM32F0xx_HAL_Driver\Src\stm32f0xx_hal_dma.o
                0x000000000800f94c                HAL_DMA_Init
 .text.HAL_DMA_Start_IT
                0x000000000800f9a0       0x6a Thirdparty\STM32F0xx_HAL_Driver\Src\stm32f0xx_hal_dma.o
                0x000000000800f9a0                HAL_DMA_Start_IT
 .text.HAL_DMA_Abort
                0x000000000800fa0a       0x52 Thirdparty\STM32F0xx_HAL_Driver\Src\stm32f0xx_hal_dma.o
                0x000000000800fa0a                HAL_DMA_Abort
 .text.HAL_DMA_IRQHandler
                0x000000000800fa5c      0x8ac Thirdparty\STM32F0xx_HAL_Driver\Src\stm32f0xx_hal_dma.o
                0x000000000800fa5c                HAL_DMA_IRQHandler
 .text.FLASH_SetErrorCode
                0x0000000008010308       0x34 Thirdparty\STM32F0xx_HAL_Driver\Src\stm32f0xx_hal_flash.o
 .text.HAL_FLASH_Unlock
                0x000000000801033c       0x28 Thirdparty\STM32F0xx_HAL_Driver\Src\stm32f0xx_hal_flash.o
                0x000000000801033c                HAL_FLASH_Unlock
 .text.HAL_FLASH_Lock
                0x0000000008010364       0x14 Thirdparty\STM32F0xx_HAL_Driver\Src\stm32f0xx_hal_flash.o
                0x0000000008010364                HAL_FLASH_Lock
 .text.FLASH_WaitForLastOperation
                0x0000000008010378       0x5c Thirdparty\STM32F0xx_HAL_Driver\Src\stm32f0xx_hal_flash.o
                0x0000000008010378                FLASH_WaitForLastOperation
 .text.HAL_FLASH_Program
                0x00000000080103d4       0xcc Thirdparty\STM32F0xx_HAL_Driver\Src\stm32f0xx_hal_flash.o
                0x00000000080103d4                HAL_FLASH_Program
 .text.FLASH_MassErase
                0x00000000080104a0       0x24 Thirdparty\STM32F0xx_HAL_Driver\Src\stm32f0xx_hal_flash_ex.o
 .text.FLASH_PageErase
                0x00000000080104c4       0x24 Thirdparty\STM32F0xx_HAL_Driver\Src\stm32f0xx_hal_flash_ex.o
                0x00000000080104c4                FLASH_PageErase
 .text.HAL_FLASHEx_Erase
                0x00000000080104e8       0xc4 Thirdparty\STM32F0xx_HAL_Driver\Src\stm32f0xx_hal_flash_ex.o
                0x00000000080104e8                HAL_FLASHEx_Erase
 .text.HAL_GPIO_Init
                0x00000000080105ac      0x1d4 Thirdparty\STM32F0xx_HAL_Driver\Src\stm32f0xx_hal_gpio.o
                0x00000000080105ac                HAL_GPIO_Init
 .text.HAL_GPIO_ReadPin
                0x0000000008010780        0xc Thirdparty\STM32F0xx_HAL_Driver\Src\stm32f0xx_hal_gpio.o
                0x0000000008010780                HAL_GPIO_ReadPin
 .text.HAL_GPIO_WritePin
                0x000000000801078c        0xc Thirdparty\STM32F0xx_HAL_Driver\Src\stm32f0xx_hal_gpio.o
                0x000000000801078c                HAL_GPIO_WritePin
 .text.HAL_GPIO_TogglePin
                0x0000000008010798        0x8 Thirdparty\STM32F0xx_HAL_Driver\Src\stm32f0xx_hal_gpio.o
                0x0000000008010798                HAL_GPIO_TogglePin
 .text.HAL_MspInit
                0x00000000080107a0        0x2 Thirdparty\STM32F0xx_HAL_Driver\Src\stm32f0xx_hal_msp_template.o
                0x00000000080107a0                HAL_MspInit
 *fill*         0x00000000080107a2        0x2 
 .text.HAL_PWR_EnableBkUpAccess
                0x00000000080107a4       0x14 Thirdparty\STM32F0xx_HAL_Driver\Src\stm32f0xx_hal_pwr.o
                0x00000000080107a4                HAL_PWR_EnableBkUpAccess
 .text.HAL_RCC_OscConfig
                0x00000000080107b8      0x588 Thirdparty\STM32F0xx_HAL_Driver\Src\stm32f0xx_hal_rcc.o
                0x00000000080107b8                HAL_RCC_OscConfig
 .text.HAL_RCC_ClockConfig
                0x0000000008010d40      0x278 Thirdparty\STM32F0xx_HAL_Driver\Src\stm32f0xx_hal_rcc.o
                0x0000000008010d40                HAL_RCC_ClockConfig
 .text.HAL_RCC_GetSysClockFreq
                0x0000000008010fb8       0xa0 Thirdparty\STM32F0xx_HAL_Driver\Src\stm32f0xx_hal_rcc.o
                0x0000000008010fb8                HAL_RCC_GetSysClockFreq
 .text.HAL_RCC_GetHCLKFreq
                0x0000000008011058       0x28 Thirdparty\STM32F0xx_HAL_Driver\Src\stm32f0xx_hal_rcc.o
                0x0000000008011058                HAL_RCC_GetHCLKFreq
 .text.HAL_RCC_GetPCLK1Freq
                0x0000000008011080       0x20 Thirdparty\STM32F0xx_HAL_Driver\Src\stm32f0xx_hal_rcc.o
                0x0000000008011080                HAL_RCC_GetPCLK1Freq
 .text.HAL_RCCEx_PeriphCLKConfig
                0x00000000080110a0      0x13c Thirdparty\STM32F0xx_HAL_Driver\Src\stm32f0xx_hal_rcc_ex.o
                0x00000000080110a0                HAL_RCCEx_PeriphCLKConfig
 .text.HAL_RTC_MspInit
                0x00000000080111dc        0x2 Thirdparty\STM32F0xx_HAL_Driver\Src\stm32f0xx_hal_rtc.o
                0x00000000080111dc                HAL_RTC_MspInit
 .text.HAL_RTC_WaitForSynchro
                0x00000000080111de       0x34 Thirdparty\STM32F0xx_HAL_Driver\Src\stm32f0xx_hal_rtc.o
                0x00000000080111de                HAL_RTC_WaitForSynchro
 .text.RTC_EnterInitMode
                0x0000000008011212       0x3c Thirdparty\STM32F0xx_HAL_Driver\Src\stm32f0xx_hal_rtc.o
                0x0000000008011212                RTC_EnterInitMode
 *fill*         0x000000000801124e        0x2 
 .text.HAL_RTC_Init
                0x0000000008011250       0xa0 Thirdparty\STM32F0xx_HAL_Driver\Src\stm32f0xx_hal_rtc.o
                0x0000000008011250                HAL_RTC_Init
 .text.RTC_ByteToBcd2
                0x00000000080112f0       0x1c Thirdparty\STM32F0xx_HAL_Driver\Src\stm32f0xx_hal_rtc.o
                0x00000000080112f0                RTC_ByteToBcd2
 .text.HAL_RTC_SetTime
                0x000000000801130c      0x100 Thirdparty\STM32F0xx_HAL_Driver\Src\stm32f0xx_hal_rtc.o
                0x000000000801130c                HAL_RTC_SetTime
 .text.HAL_RTC_SetDate
                0x000000000801140c       0xe4 Thirdparty\STM32F0xx_HAL_Driver\Src\stm32f0xx_hal_rtc.o
                0x000000000801140c                HAL_RTC_SetDate
 .text.RTC_Bcd2ToByte
                0x00000000080114f0       0x14 Thirdparty\STM32F0xx_HAL_Driver\Src\stm32f0xx_hal_rtc.o
                0x00000000080114f0                RTC_Bcd2ToByte
 .text.HAL_RTC_GetTime
                0x0000000008011504       0x4c Thirdparty\STM32F0xx_HAL_Driver\Src\stm32f0xx_hal_rtc.o
                0x0000000008011504                HAL_RTC_GetTime
 .text.HAL_RTC_GetDate
                0x0000000008011550       0x44 Thirdparty\STM32F0xx_HAL_Driver\Src\stm32f0xx_hal_rtc.o
                0x0000000008011550                HAL_RTC_GetDate
 .text.HAL_RTCEx_BKUPWrite
                0x0000000008011594        0xc Thirdparty\STM32F0xx_HAL_Driver\Src\stm32f0xx_hal_rtc_ex.o
                0x0000000008011594                HAL_RTCEx_BKUPWrite
 .text.HAL_RTCEx_BKUPRead
                0x00000000080115a0        0xc Thirdparty\STM32F0xx_HAL_Driver\Src\stm32f0xx_hal_rtc_ex.o
                0x00000000080115a0                HAL_RTCEx_BKUPRead
 .text.HAL_TIM_Base_MspInit
                0x00000000080115ac        0x2 Thirdparty\STM32F0xx_HAL_Driver\Src\stm32f0xx_hal_tim.o
                0x00000000080115ac                HAL_TIM_Base_MspInit
 .text.HAL_TIM_Base_Start
                0x00000000080115ae       0x18 Thirdparty\STM32F0xx_HAL_Driver\Src\stm32f0xx_hal_tim.o
                0x00000000080115ae                HAL_TIM_Base_Start
 *fill*         0x00000000080115c6        0x2 
 .text.TIM_Base_SetConfig
                0x00000000080115c8       0xdc Thirdparty\STM32F0xx_HAL_Driver\Src\stm32f0xx_hal_tim.o
                0x00000000080115c8                TIM_Base_SetConfig
 .text.HAL_TIM_Base_Init
                0x00000000080116a4       0x34 Thirdparty\STM32F0xx_HAL_Driver\Src\stm32f0xx_hal_tim.o
                0x00000000080116a4                HAL_TIM_Base_Init
 .text.HAL_TIMEx_MasterConfigSynchronization
                0x00000000080116d8       0x4c Thirdparty\STM32F0xx_HAL_Driver\Src\stm32f0xx_hal_tim_ex.o
                0x00000000080116d8                HAL_TIMEx_MasterConfigSynchronization
 .text.HAL_UART_MspDeInit
                0x0000000008011724        0x2 Thirdparty\STM32F0xx_HAL_Driver\Src\stm32f0xx_hal_uart.o
                0x0000000008011724                HAL_UART_MspDeInit
 .text.HAL_UART_DeInit
                0x0000000008011726       0x38 Thirdparty\STM32F0xx_HAL_Driver\Src\stm32f0xx_hal_uart.o
                0x0000000008011726                HAL_UART_DeInit
 .text.HAL_UART_Transmit_IT
                0x000000000801175e       0x7a Thirdparty\STM32F0xx_HAL_Driver\Src\stm32f0xx_hal_uart.o
                0x000000000801175e                HAL_UART_Transmit_IT
 .text.HAL_UART_Receive_IT
                0x00000000080117d8       0xe4 Thirdparty\STM32F0xx_HAL_Driver\Src\stm32f0xx_hal_uart.o
                0x00000000080117d8                HAL_UART_Receive_IT
 .text.HAL_UART_Transmit_DMA
                0x00000000080118bc       0xa4 Thirdparty\STM32F0xx_HAL_Driver\Src\stm32f0xx_hal_uart.o
                0x00000000080118bc                HAL_UART_Transmit_DMA
 .text.HAL_UART_Receive_DMA
                0x0000000008011960       0x9c Thirdparty\STM32F0xx_HAL_Driver\Src\stm32f0xx_hal_uart.o
                0x0000000008011960                HAL_UART_Receive_DMA
 .text.UART_DMATransmitCplt
                0x00000000080119fc       0x30 Thirdparty\STM32F0xx_HAL_Driver\Src\stm32f0xx_hal_uart.o
 .text.HAL_UART_TxHalfCpltCallback
                0x0000000008011a2c        0x2 Thirdparty\STM32F0xx_HAL_Driver\Src\stm32f0xx_hal_uart.o
                0x0000000008011a2c                HAL_UART_TxHalfCpltCallback
 .text.UART_DMATxHalfCplt
                0x0000000008011a2e        0xa Thirdparty\STM32F0xx_HAL_Driver\Src\stm32f0xx_hal_uart.o
 .text.UART_DMAReceiveCplt
                0x0000000008011a38       0x3a Thirdparty\STM32F0xx_HAL_Driver\Src\stm32f0xx_hal_uart.o
 .text.HAL_UART_RxHalfCpltCallback
                0x0000000008011a72        0x2 Thirdparty\STM32F0xx_HAL_Driver\Src\stm32f0xx_hal_uart.o
                0x0000000008011a72                HAL_UART_RxHalfCpltCallback
 .text.UART_DMARxHalfCplt
                0x0000000008011a74        0xa Thirdparty\STM32F0xx_HAL_Driver\Src\stm32f0xx_hal_uart.o
 .text.UART_DMAError
                0x0000000008011a7e       0x22 Thirdparty\STM32F0xx_HAL_Driver\Src\stm32f0xx_hal_uart.o
 .text.UART_SetConfig
                0x0000000008011aa0      0x238 Thirdparty\STM32F0xx_HAL_Driver\Src\stm32f0xx_hal_uart.o
                0x0000000008011aa0                UART_SetConfig
 .text.UART_AdvFeatureConfig
                0x0000000008011cd8       0xe0 Thirdparty\STM32F0xx_HAL_Driver\Src\stm32f0xx_hal_uart.o
                0x0000000008011cd8                UART_AdvFeatureConfig
 .text.UART_WaitOnFlagUntilTimeout
                0x0000000008011db8       0xd0 Thirdparty\STM32F0xx_HAL_Driver\Src\stm32f0xx_hal_uart.o
                0x0000000008011db8                UART_WaitOnFlagUntilTimeout
 .text.HAL_UART_Transmit
                0x0000000008011e88       0xde Thirdparty\STM32F0xx_HAL_Driver\Src\stm32f0xx_hal_uart.o
                0x0000000008011e88                HAL_UART_Transmit
 *fill*         0x0000000008011f66        0x2 
 .text.UART_CheckIdleState
                0x0000000008011f68       0x78 Thirdparty\STM32F0xx_HAL_Driver\Src\stm32f0xx_hal_uart.o
                0x0000000008011f68                UART_CheckIdleState
 .text.HAL_UART_Init
                0x0000000008011fe0       0x70 Thirdparty\STM32F0xx_HAL_Driver\Src\stm32f0xx_hal_uart.o
                0x0000000008011fe0                HAL_UART_Init
 .text.UART_Transmit_IT
                0x0000000008012050       0x70 Thirdparty\STM32F0xx_HAL_Driver\Src\stm32f0xx_hal_uart.o
                0x0000000008012050                UART_Transmit_IT
 .text.UART_EndTransmit_IT
                0x00000000080120c0       0x32 Thirdparty\STM32F0xx_HAL_Driver\Src\stm32f0xx_hal_uart.o
                0x00000000080120c0                UART_EndTransmit_IT
 *fill*         0x00000000080120f2        0x2 
 .text.UART_Receive_IT
                0x00000000080120f4       0x9c Thirdparty\STM32F0xx_HAL_Driver\Src\stm32f0xx_hal_uart.o
                0x00000000080120f4                UART_Receive_IT
 .text.HAL_UARTEx_WakeupCallback
                0x0000000008012190        0x2 Thirdparty\STM32F0xx_HAL_Driver\Src\stm32f0xx_hal_uart_ex.o
                0x0000000008012190                HAL_UARTEx_WakeupCallback
 .text.HAL_UART_IRQHandler
                0x0000000008012192       0xfc Thirdparty\STM32F0xx_HAL_Driver\Src\stm32f0xx_hal_uart_ex.o
                0x0000000008012192                HAL_UART_IRQHandler
 .text.main     0x000000000801228e       0x18 User\main.o
                0x000000000801228e                main
 .text.UserTask
                0x00000000080122a6        0x2 User\main.o
                0x00000000080122a6                UserTask
 .text.atof     0x00000000080122a8        0xa c:/st/stm32cubeide_1.2.0/stm32cubeide/plugins/com.st.stm32cube.ide.mcu.externaltools.gnu-tools-for-stm32.9-2020-q2-update.win32_1.5.0.202011040924/tools/bin/../lib/gcc/arm-none-eabi/9.3.1/../../../../arm-none-eabi/lib/thumb/v6-m/nofp\libc.a(lib_a-atof.o)
                0x00000000080122a8                atof
 .text.atoi     0x00000000080122b2        0xc c:/st/stm32cubeide_1.2.0/stm32cubeide/plugins/com.st.stm32cube.ide.mcu.externaltools.gnu-tools-for-stm32.9-2020-q2-update.win32_1.5.0.202011040924/tools/bin/../lib/gcc/arm-none-eabi/9.3.1/../../../../arm-none-eabi/lib/thumb/v6-m/nofp\libc.a(lib_a-atoi.o)
                0x00000000080122b2                atoi
 .text.atol     0x00000000080122be        0xc c:/st/stm32cubeide_1.2.0/stm32cubeide/plugins/com.st.stm32cube.ide.mcu.externaltools.gnu-tools-for-stm32.9-2020-q2-update.win32_1.5.0.202011040924/tools/bin/../lib/gcc/arm-none-eabi/9.3.1/../../../../arm-none-eabi/lib/thumb/v6-m/nofp\libc.a(lib_a-atol.o)
                0x00000000080122be                atol
 *fill*         0x00000000080122ca        0x2 
 .text.__libc_init_array
                0x00000000080122cc       0x48 c:/st/stm32cubeide_1.2.0/stm32cubeide/plugins/com.st.stm32cube.ide.mcu.externaltools.gnu-tools-for-stm32.9-2020-q2-update.win32_1.5.0.202011040924/tools/bin/../lib/gcc/arm-none-eabi/9.3.1/../../../../arm-none-eabi/lib/thumb/v6-m/nofp\libc.a(lib_a-init.o)
                0x00000000080122cc                __libc_init_array
 .text.malloc   0x0000000008012314       0x14 c:/st/stm32cubeide_1.2.0/stm32cubeide/plugins/com.st.stm32cube.ide.mcu.externaltools.gnu-tools-for-stm32.9-2020-q2-update.win32_1.5.0.202011040924/tools/bin/../lib/gcc/arm-none-eabi/9.3.1/../../../../arm-none-eabi/lib/thumb/v6-m/nofp\libc.a(lib_a-malloc.o)
                0x0000000008012314                malloc
 .text.free     0x0000000008012328       0x14 c:/st/stm32cubeide_1.2.0/stm32cubeide/plugins/com.st.stm32cube.ide.mcu.externaltools.gnu-tools-for-stm32.9-2020-q2-update.win32_1.5.0.202011040924/tools/bin/../lib/gcc/arm-none-eabi/9.3.1/../../../../arm-none-eabi/lib/thumb/v6-m/nofp\libc.a(lib_a-malloc.o)
                0x0000000008012328                free
 .text._malloc_r
                0x000000000801233c      0x428 c:/st/stm32cubeide_1.2.0/stm32cubeide/plugins/com.st.stm32cube.ide.mcu.externaltools.gnu-tools-for-stm32.9-2020-q2-update.win32_1.5.0.202011040924/tools/bin/../lib/gcc/arm-none-eabi/9.3.1/../../../../arm-none-eabi/lib/thumb/v6-m/nofp\libc.a(lib_a-mallocr.o)
                0x000000000801233c                _malloc_r
 .text.memcmp   0x0000000008012764       0x1c c:/st/stm32cubeide_1.2.0/stm32cubeide/plugins/com.st.stm32cube.ide.mcu.externaltools.gnu-tools-for-stm32.9-2020-q2-update.win32_1.5.0.202011040924/tools/bin/../lib/gcc/arm-none-eabi/9.3.1/../../../../arm-none-eabi/lib/thumb/v6-m/nofp\libc.a(lib_a-memcmp.o)
                0x0000000008012764                memcmp
 .text.memcpy   0x0000000008012780       0x12 c:/st/stm32cubeide_1.2.0/stm32cubeide/plugins/com.st.stm32cube.ide.mcu.externaltools.gnu-tools-for-stm32.9-2020-q2-update.win32_1.5.0.202011040924/tools/bin/../lib/gcc/arm-none-eabi/9.3.1/../../../../arm-none-eabi/lib/thumb/v6-m/nofp\libc.a(lib_a-memcpy-stub.o)
                0x0000000008012780                memcpy
 .text.memset   0x0000000008012792       0x10 c:/st/stm32cubeide_1.2.0/stm32cubeide/plugins/com.st.stm32cube.ide.mcu.externaltools.gnu-tools-for-stm32.9-2020-q2-update.win32_1.5.0.202011040924/tools/bin/../lib/gcc/arm-none-eabi/9.3.1/../../../../arm-none-eabi/lib/thumb/v6-m/nofp\libc.a(lib_a-memset.o)
                0x0000000008012792                memset
 *fill*         0x00000000080127a2        0x2 
 .text.__malloc_lock
                0x00000000080127a4       0x10 c:/st/stm32cubeide_1.2.0/stm32cubeide/plugins/com.st.stm32cube.ide.mcu.externaltools.gnu-tools-for-stm32.9-2020-q2-update.win32_1.5.0.202011040924/tools/bin/../lib/gcc/arm-none-eabi/9.3.1/../../../../arm-none-eabi/lib/thumb/v6-m/nofp\libc.a(lib_a-mlock.o)
                0x00000000080127a4                __malloc_lock
 .text.__malloc_unlock
                0x00000000080127b4       0x10 c:/st/stm32cubeide_1.2.0/stm32cubeide/plugins/com.st.stm32cube.ide.mcu.externaltools.gnu-tools-for-stm32.9-2020-q2-update.win32_1.5.0.202011040924/tools/bin/../lib/gcc/arm-none-eabi/9.3.1/../../../../arm-none-eabi/lib/thumb/v6-m/nofp\libc.a(lib_a-mlock.o)
                0x00000000080127b4                __malloc_unlock
 .text.rand     0x00000000080127c4       0x34 c:/st/stm32cubeide_1.2.0/stm32cubeide/plugins/com.st.stm32cube.ide.mcu.externaltools.gnu-tools-for-stm32.9-2020-q2-update.win32_1.5.0.202011040924/tools/bin/../lib/gcc/arm-none-eabi/9.3.1/../../../../arm-none-eabi/lib/thumb/v6-m/nofp\libc.a(lib_a-rand.o)
                0x00000000080127c4                rand
 .text.realloc  0x00000000080127f8       0x14 c:/st/stm32cubeide_1.2.0/stm32cubeide/plugins/com.st.stm32cube.ide.mcu.externaltools.gnu-tools-for-stm32.9-2020-q2-update.win32_1.5.0.202011040924/tools/bin/../lib/gcc/arm-none-eabi/9.3.1/../../../../arm-none-eabi/lib/thumb/v6-m/nofp\libc.a(lib_a-realloc.o)
                0x00000000080127f8                realloc
 .text._realloc_r
                0x000000000801280c      0x34c c:/st/stm32cubeide_1.2.0/stm32cubeide/plugins/com.st.stm32cube.ide.mcu.externaltools.gnu-tools-for-stm32.9-2020-q2-update.win32_1.5.0.202011040924/tools/bin/../lib/gcc/arm-none-eabi/9.3.1/../../../../arm-none-eabi/lib/thumb/v6-m/nofp\libc.a(lib_a-reallocr.o)
                0x000000000801280c                _realloc_r
 .text._sbrk_r  0x0000000008012b58       0x24 c:/st/stm32cubeide_1.2.0/stm32cubeide/plugins/com.st.stm32cube.ide.mcu.externaltools.gnu-tools-for-stm32.9-2020-q2-update.win32_1.5.0.202011040924/tools/bin/../lib/gcc/arm-none-eabi/9.3.1/../../../../arm-none-eabi/lib/thumb/v6-m/nofp\libc.a(lib_a-sbrkr.o)
                0x0000000008012b58                _sbrk_r
 .text.sprintf  0x0000000008012b7c       0x40 c:/st/stm32cubeide_1.2.0/stm32cubeide/plugins/com.st.stm32cube.ide.mcu.externaltools.gnu-tools-for-stm32.9-2020-q2-update.win32_1.5.0.202011040924/tools/bin/../lib/gcc/arm-none-eabi/9.3.1/../../../../arm-none-eabi/lib/thumb/v6-m/nofp\libc.a(lib_a-sprintf.o)
                0x0000000008012b7c                sprintf
 .text.strcat   0x0000000008012bbc       0x1a c:/st/stm32cubeide_1.2.0/stm32cubeide/plugins/com.st.stm32cube.ide.mcu.externaltools.gnu-tools-for-stm32.9-2020-q2-update.win32_1.5.0.202011040924/tools/bin/../lib/gcc/arm-none-eabi/9.3.1/../../../../arm-none-eabi/lib/thumb/v6-m/nofp\libc.a(lib_a-strcat.o)
                0x0000000008012bbc                strcat
 .text.strchr   0x0000000008012bd6       0x1c c:/st/stm32cubeide_1.2.0/stm32cubeide/plugins/com.st.stm32cube.ide.mcu.externaltools.gnu-tools-for-stm32.9-2020-q2-update.win32_1.5.0.202011040924/tools/bin/../lib/gcc/arm-none-eabi/9.3.1/../../../../arm-none-eabi/lib/thumb/v6-m/nofp\libc.a(lib_a-strchr.o)
                0x0000000008012bd6                strchr
 .text.strcpy   0x0000000008012bf2       0x10 c:/st/stm32cubeide_1.2.0/stm32cubeide/plugins/com.st.stm32cube.ide.mcu.externaltools.gnu-tools-for-stm32.9-2020-q2-update.win32_1.5.0.202011040924/tools/bin/../lib/gcc/arm-none-eabi/9.3.1/../../../../arm-none-eabi/lib/thumb/v6-m/nofp\libc.a(lib_a-strcpy.o)
                0x0000000008012bf2                strcpy
 .text.strncmp  0x0000000008012c02       0x22 c:/st/stm32cubeide_1.2.0/stm32cubeide/plugins/com.st.stm32cube.ide.mcu.externaltools.gnu-tools-for-stm32.9-2020-q2-update.win32_1.5.0.202011040924/tools/bin/../lib/gcc/arm-none-eabi/9.3.1/../../../../arm-none-eabi/lib/thumb/v6-m/nofp\libc.a(lib_a-strncmp.o)
                0x0000000008012c02                strncmp
 .text.strncpy  0x0000000008012c24       0x28 c:/st/stm32cubeide_1.2.0/stm32cubeide/plugins/com.st.stm32cube.ide.mcu.externaltools.gnu-tools-for-stm32.9-2020-q2-update.win32_1.5.0.202011040924/tools/bin/../lib/gcc/arm-none-eabi/9.3.1/../../../../arm-none-eabi/lib/thumb/v6-m/nofp\libc.a(lib_a-strncpy.o)
                0x0000000008012c24                strncpy
 .text.sulp     0x0000000008012c4c       0x30 c:/st/stm32cubeide_1.2.0/stm32cubeide/plugins/com.st.stm32cube.ide.mcu.externaltools.gnu-tools-for-stm32.9-2020-q2-update.win32_1.5.0.202011040924/tools/bin/../lib/gcc/arm-none-eabi/9.3.1/../../../../arm-none-eabi/lib/thumb/v6-m/nofp\libc.a(lib_a-strtod.o)
 .text._strtod_l
                0x0000000008012c7c      0xc48 c:/st/stm32cubeide_1.2.0/stm32cubeide/plugins/com.st.stm32cube.ide.mcu.externaltools.gnu-tools-for-stm32.9-2020-q2-update.win32_1.5.0.202011040924/tools/bin/../lib/gcc/arm-none-eabi/9.3.1/../../../../arm-none-eabi/lib/thumb/v6-m/nofp\libc.a(lib_a-strtod.o)
                0x0000000008012c7c                _strtod_l
 .text.strtod   0x00000000080138c4       0x1c c:/st/stm32cubeide_1.2.0/stm32cubeide/plugins/com.st.stm32cube.ide.mcu.externaltools.gnu-tools-for-stm32.9-2020-q2-update.win32_1.5.0.202011040924/tools/bin/../lib/gcc/arm-none-eabi/9.3.1/../../../../arm-none-eabi/lib/thumb/v6-m/nofp\libc.a(lib_a-strtod.o)
                0x00000000080138c4                strtod
 .text.strtok   0x00000000080138e0       0x14 c:/st/stm32cubeide_1.2.0/stm32cubeide/plugins/com.st.stm32cube.ide.mcu.externaltools.gnu-tools-for-stm32.9-2020-q2-update.win32_1.5.0.202011040924/tools/bin/../lib/gcc/arm-none-eabi/9.3.1/../../../../arm-none-eabi/lib/thumb/v6-m/nofp\libc.a(lib_a-strtok.o)
                0x00000000080138e0                strtok
 .text.__strtok_r
                0x00000000080138f4       0x5e c:/st/stm32cubeide_1.2.0/stm32cubeide/plugins/com.st.stm32cube.ide.mcu.externaltools.gnu-tools-for-stm32.9-2020-q2-update.win32_1.5.0.202011040924/tools/bin/../lib/gcc/arm-none-eabi/9.3.1/../../../../arm-none-eabi/lib/thumb/v6-m/nofp\libc.a(lib_a-strtok_r.o)
                0x00000000080138f4                __strtok_r
 *fill*         0x0000000008013952        0x2 
 .text._strtol_l.isra.0
                0x0000000008013954      0x11c c:/st/stm32cubeide_1.2.0/stm32cubeide/plugins/com.st.stm32cube.ide.mcu.externaltools.gnu-tools-for-stm32.9-2020-q2-update.win32_1.5.0.202011040924/tools/bin/../lib/gcc/arm-none-eabi/9.3.1/../../../../arm-none-eabi/lib/thumb/v6-m/nofp\libc.a(lib_a-strtol.o)
 .text.strtol   0x0000000008013a70       0x18 c:/st/stm32cubeide_1.2.0/stm32cubeide/plugins/com.st.stm32cube.ide.mcu.externaltools.gnu-tools-for-stm32.9-2020-q2-update.win32_1.5.0.202011040924/tools/bin/../lib/gcc/arm-none-eabi/9.3.1/../../../../arm-none-eabi/lib/thumb/v6-m/nofp\libc.a(lib_a-strtol.o)