Archive member included to satisfy reference by file (symbol)

c:/st/stm32cubeide_1.5.1/stm32cubeide/plugins/com.st.stm32cube.ide.mcu.externaltools.gnu-tools-for-stm32.7-2018-q2-update.win32_1.5.0.202011040924/tools/bin/../lib/gcc/arm-none-eabi/7.3.1/../../../../arm-none-eabi/lib/thumb/v6-m\libc.a(lib_a-atof.o)
                              BOS\BOS_CLI.o (atof)
c:/st/stm32cubeide_1.5.1/stm32cubeide/plugins/com.st.stm32cube.ide.mcu.externaltools.gnu-tools-for-stm32.7-2018-q2-update.win32_1.5.0.202011040924/tools/bin/../lib/gcc/arm-none-eabi/7.3.1/../../../../arm-none-eabi/lib/thumb/v6-m\libc.a(lib_a-atoi.o)
                              BOS\BOS_CLI.o (atoi)
c:/st/stm32cubeide_1.5.1/stm32cubeide/plugins/com.st.stm32cube.ide.mcu.externaltools.gnu-tools-for-stm32.7-2018-q2-update.win32_1.5.0.202011040924/tools/bin/../lib/gcc/arm-none-eabi/7.3.1/../../../../arm-none-eabi/lib/thumb/v6-m\libc.a(lib_a-atol.o)
                              BOS\BOS.o (atol)
c:/st/stm32cubeide_1.5.1/stm32cubeide/plugins/com.st.stm32cube.ide.mcu.externaltools.gnu-tools-for-stm32.7-2018-q2-update.win32_1.5.0.202011040924/tools/bin/../lib/gcc/arm-none-eabi/7.3.1/../../../../arm-none-eabi/lib/thumb/v6-m\libc.a(lib_a-calloc.o)
                              BOS\BOS.o (calloc)
c:/st/stm32cubeide_1.5.1/stm32cubeide/plugins/com.st.stm32cube.ide.mcu.externaltools.gnu-tools-for-stm32.7-2018-q2-update.win32_1.5.0.202011040924/tools/bin/../lib/gcc/arm-none-eabi/7.3.1/../../../../arm-none-eabi/lib/thumb/v6-m\libc.a(lib_a-callocr.o)
                              c:/st/stm32cubeide_1.5.1/stm32cubeide/plugins/com.st.stm32cube.ide.mcu.externaltools.gnu-tools-for-stm32.7-2018-q2-update.win32_1.5.0.202011040924/tools/bin/../lib/gcc/arm-none-eabi/7.3.1/../../../../arm-none-eabi/lib/thumb/v6-m\libc.a(lib_a-calloc.o) (_calloc_r)
c:/st/stm32cubeide_1.5.1/stm32cubeide/plugins/com.st.stm32cube.ide.mcu.externaltools.gnu-tools-for-stm32.7-2018-q2-update.win32_1.5.0.202011040924/tools/bin/../lib/gcc/arm-none-eabi/7.3.1/../../../../arm-none-eabi/lib/thumb/v6-m\libc.a(lib_a-exit.o)
                              c:/st/stm32cubeide_1.5.1/stm32cubeide/plugins/com.st.stm32cube.ide.mcu.externaltools.gnu-tools-for-stm32.7-2018-q2-update.win32_1.5.0.202011040924/tools/bin/../lib/gcc/arm-none-eabi/7.3.1/../../../../arm-none-eabi/lib/thumb/v6-m/crt0.o (exit)
c:/st/stm32cubeide_1.5.1/stm32cubeide/plugins/com.st.stm32cube.ide.mcu.externaltools.gnu-tools-for-stm32.7-2018-q2-update.win32_1.5.0.202011040924/tools/bin/../lib/gcc/arm-none-eabi/7.3.1/../../../../arm-none-eabi/lib/thumb/v6-m\libc.a(lib_a-impure.o)
                              c:/st/stm32cubeide_1.5.1/stm32cubeide/plugins/com.st.stm32cube.ide.mcu.externaltools.gnu-tools-for-stm32.7-2018-q2-update.win32_1.5.0.202011040924/tools/bin/../lib/gcc/arm-none-eabi/7.3.1/../../../../arm-none-eabi/lib/thumb/v6-m\libc.a(lib_a-exit.o) (_global_impure_ptr)
c:/st/stm32cubeide_1.5.1/stm32cubeide/plugins/com.st.stm32cube.ide.mcu.externaltools.gnu-tools-for-stm32.7-2018-q2-update.win32_1.5.0.202011040924/tools/bin/../lib/gcc/arm-none-eabi/7.3.1/../../../../arm-none-eabi/lib/thumb/v6-m\libc.a(lib_a-init.o)
                              c:/st/stm32cubeide_1.5.1/stm32cubeide/plugins/com.st.stm32cube.ide.mcu.externaltools.gnu-tools-for-stm32.7-2018-q2-update.win32_1.5.0.202011040924/tools/bin/../lib/gcc/arm-none-eabi/7.3.1/../../../../arm-none-eabi/lib/thumb/v6-m/crt0.o (__libc_init_array)
c:/st/stm32cubeide_1.5.1/stm32cubeide/plugins/com.st.stm32cube.ide.mcu.externaltools.gnu-tools-for-stm32.7-2018-q2-update.win32_1.5.0.202011040924/tools/bin/../lib/gcc/arm-none-eabi/7.3.1/../../../../arm-none-eabi/lib/thumb/v6-m\libc.a(lib_a-locale.o)
                              BOS\BOS_CLI.o (__locale_ctype_ptr)
c:/st/stm32cubeide_1.5.1/stm32cubeide/plugins/com.st.stm32cube.ide.mcu.externaltools.gnu-tools-for-stm32.7-2018-q2-update.win32_1.5.0.202011040924/tools/bin/../lib/gcc/arm-none-eabi/7.3.1/../../../../arm-none-eabi/lib/thumb/v6-m\libc.a(lib_a-malloc.o)
                              BOS\BOS.o (malloc)
c:/st/stm32cubeide_1.5.1/stm32cubeide/plugins/com.st.stm32cube.ide.mcu.externaltools.gnu-tools-for-stm32.7-2018-q2-update.win32_1.5.0.202011040924/tools/bin/../lib/gcc/arm-none-eabi/7.3.1/../../../../arm-none-eabi/lib/thumb/v6-m\libc.a(lib_a-mallocr.o)
                              c:/st/stm32cubeide_1.5.1/stm32cubeide/plugins/com.st.stm32cube.ide.mcu.externaltools.gnu-tools-for-stm32.7-2018-q2-update.win32_1.5.0.202011040924/tools/bin/../lib/gcc/arm-none-eabi/7.3.1/../../../../arm-none-eabi/lib/thumb/v6-m\libc.a(lib_a-callocr.o) (_malloc_r)
c:/st/stm32cubeide_1.5.1/stm32cubeide/plugins/com.st.stm32cube.ide.mcu.externaltools.gnu-tools-for-stm32.7-2018-q2-update.win32_1.5.0.202011040924/tools/bin/../lib/gcc/arm-none-eabi/7.3.1/../../../../arm-none-eabi/lib/thumb/v6-m\libc.a(lib_a-mbtowc_r.o)
[...]
Memory Configuration

Name             Origin             Length             Attributes
RAM              0x0000000020000000 0x0000000000008000 xrw
FLASH            0x0000000008000000 0x0000000000040000 xr
*default*        0x0000000000000000 0xffffffffffffffff

Linker script and memory map

LOAD c:/st/stm32cubeide_1.5.1/stm32cubeide/plugins/com.st.stm32cube.ide.mcu.externaltools.gnu-tools-for-stm32.7-2018-q2-update.win32_1.5.0.202011040924/tools/bin/../lib/gcc/arm-none-eabi/7.3.1/thumb/v6-m/crti.o
LOAD c:/st/stm32cubeide_1.5.1/stm32cubeide/plugins/com.st.stm32cube.ide.mcu.externaltools.gnu-tools-for-stm32.7-2018-q2-update.win32_1.5.0.202011040924/tools/bin/../lib/gcc/arm-none-eabi/7.3.1/thumb/v6-m/crtbegin.o
LOAD c:/st/stm32cubeide_1.5.1/stm32cubeide/plugins/com.st.stm32cube.ide.mcu.externaltools.gnu-tools-for-stm32.7-2018-q2-update.win32_1.5.0.202011040924/tools/bin/../lib/gcc/arm-none-eabi/7.3.1/../../../../arm-none-eabi/lib/thumb/v6-m/crt0.o
LOAD BOS\BOS.o
LOAD BOS\BOS_CLI.o
LOAD BOS\BOS_CLIcommands.o
LOAD BOS\BOS_dma.o
LOAD BOS\BOS_eeprom.o
LOAD BOS\BOS_freertos.o
LOAD BOS\BOS_inputs.o
LOAD BOS\BOS_messaging.o
LOAD BOS\BOS_msgparser.o
LOAD H15R0\H15R0.o
LOAD H15R0\H15R0_dac.o
LOAD H15R0\H15R0_dma.o
LOAD H15R0\H15R0_gpio.o
LOAD H15R0\H15R0_it.o
LOAD H15R0\H15R0_rtc.o
LOAD H15R0\H15R0_timers.o
LOAD H15R0\H15R0_uart.o
LOAD H15R0\startup_stm32f091xc.o
LOAD Thirdparty\CMSIS\Device\ST\STM32F0xx\Source\Templates\system_stm32f0xx.o
LOAD Thirdparty\Middleware\FreeRTOS\Source\CMSIS_RTOS\cmsis_os.o
LOAD Thirdparty\Middleware\FreeRTOS\Source\FreeRTOS_CLI.o
LOAD Thirdparty\Middleware\FreeRTOS\Source\croutine.o
LOAD Thirdparty\Middleware\FreeRTOS\Source\event_groups.o
LOAD Thirdparty\Middleware\FreeRTOS\Source\list.o
LOAD Thirdparty\Middleware\FreeRTOS\Source\portable\GCC\ARM_CM0\port.o
LOAD Thirdparty\Middleware\FreeRTOS\Source\portable\MemMang\heap_4.o
LOAD Thirdparty\Middleware\FreeRTOS\Source\queue.o
LOAD Thirdparty\Middleware\FreeRTOS\Source\tasks.o
LOAD Thirdparty\Middleware\FreeRTOS\Source\timers.o
LOAD Thirdparty\STM32F0xx_HAL_Driver\Src\stm32f0xx_hal.o
LOAD Thirdparty\STM32F0xx_HAL_Driver\Src\stm32f0xx_hal_adc.o
LOAD Thirdparty\STM32F0xx_HAL_Driver\Src\stm32f0xx_hal_adc_ex.o
LOAD Thirdparty\STM32F0xx_HAL_Driver\Src\stm32f0xx_hal_can.o
LOAD Thirdparty\STM32F0xx_HAL_Driver\Src\stm32f0xx_hal_cec.o
LOAD Thirdparty\STM32F0xx_HAL_Driver\Src\stm32f0xx_hal_comp.o
LOAD Thirdparty\STM32F0xx_HAL_Driver\Src\stm32f0xx_hal_cortex.o
LOAD Thirdparty\STM32F0xx_HAL_Driver\Src\stm32f0xx_hal_crc.o
LOAD Thirdparty\STM32F0xx_HAL_Driver\Src\stm32f0xx_hal_crc_ex.o
LOAD Thirdparty\STM32F0xx_HAL_Driver\Src\stm32f0xx_hal_dac.o
LOAD Thirdparty\STM32F0xx_HAL_Driver\Src\stm32f0xx_hal_dac_ex.o
LOAD Thirdparty\STM32F0xx_HAL_Driver\Src\stm32f0xx_hal_dma.o
LOAD Thirdparty\STM32F0xx_HAL_Driver\Src\stm32f0xx_hal_flash.o
LOAD Thirdparty\STM32F0xx_HAL_Driver\Src\stm32f0xx_hal_flash_ex.o
LOAD Thirdparty\STM32F0xx_HAL_Driver\Src\stm32f0xx_hal_gpio.o
LOAD Thirdparty\STM32F0xx_HAL_Driver\Src\stm32f0xx_hal_i2c.o
LOAD Thirdparty\STM32F0xx_HAL_Driver\Src\stm32f0xx_hal_i2c_ex.o
LOAD Thirdparty\STM32F0xx_HAL_Driver\Src\stm32f0xx_hal_i2s.o
LOAD Thirdparty\STM32F0xx_HAL_Driver\Src\stm32f0xx_hal_irda.o
LOAD Thirdparty\STM32F0xx_HAL_Driver\Src\stm32f0xx_hal_iwdg.o
LOAD Thirdparty\STM32F0xx_HAL_Driver\Src\stm32f0xx_hal_msp_template.o
LOAD Thirdparty\STM32F0xx_HAL_Driver\Src\stm32f0xx_hal_pcd.o
LOAD Thirdparty\STM32F0xx_HAL_Driver\Src\stm32f0xx_hal_pcd_ex.o
LOAD Thirdparty\STM32F0xx_HAL_Driver\Src\stm32f0xx_hal_pwr.o
LOAD Thirdparty\STM32F0xx_HAL_Driver\Src\stm32f0xx_hal_pwr_ex.o
LOAD Thirdparty\STM32F0xx_HAL_Driver\Src\stm32f0xx_hal_rcc.o
LOAD Thirdparty\STM32F0xx_HAL_Driver\Src\stm32f0xx_hal_rcc_ex.o
LOAD Thirdparty\STM32F0xx_HAL_Driver\Src\stm32f0xx_hal_rtc.o
LOAD Thirdparty\STM32F0xx_HAL_Driver\Src\stm32f0xx_hal_rtc_ex.o
LOAD Thirdparty\STM32F0xx_HAL_Driver\Src\stm32f0xx_hal_smartcard.o
LOAD Thirdparty\STM32F0xx_HAL_Driver\Src\stm32f0xx_hal_smartcard_ex.o
LOAD Thirdparty\STM32F0xx_HAL_Driver\Src\stm32f0xx_hal_smbus.o
LOAD Thirdparty\STM32F0xx_HAL_Driver\Src\stm32f0xx_hal_spi.o
LOAD Thirdparty\STM32F0xx_HAL_Driver\Src\stm32f0xx_hal_spi_ex.o
LOAD Thirdparty\STM32F0xx_HAL_Driver\Src\stm32f0xx_hal_tim.o
LOAD Thirdparty\STM32F0xx_HAL_Driver\Src\stm32f0xx_hal_tim_ex.o
LOAD Thirdparty\STM32F0xx_HAL_Driver\Src\stm32f0xx_hal_tsc.o
LOAD Thirdparty\STM32F0xx_HAL_Driver\Src\stm32f0xx_hal_uart.o
LOAD Thirdparty\STM32F0xx_HAL_Driver\Src\stm32f0xx_hal_uart_ex.o
LOAD Thirdparty\STM32F0xx_HAL_Driver\Src\stm32f0xx_hal_usart.o
LOAD Thirdparty\STM32F0xx_HAL_Driver\Src\stm32f0xx_hal_wwdg.o
LOAD User\main.o
START GROUP
LOAD c:/st/stm32cubeide_1.5.1/stm32cubeide/plugins/com.st.stm32cube.ide.mcu.externaltools.gnu-tools-for-stm32.7-2018-q2-update.win32_1.5.0.202011040924/tools/bin/../lib/gcc/arm-none-eabi/7.3.1/../../../../arm-none-eabi/lib/thumb/v6-m\libc.a
LOAD c:/st/stm32cubeide_1.5.1/stm32cubeide/plugins/com.st.stm32cube.ide.mcu.externaltools.gnu-tools-for-stm32.7-2018-q2-update.win32_1.5.0.202011040924/tools/bin/../lib/gcc/arm-none-eabi/7.3.1/../../../../arm-none-eabi/lib/thumb/v6-m\libm.a
END GROUP
START GROUP
LOAD c:/st/stm32cubeide_1.5.1/stm32cubeide/plugins/com.st.stm32cube.ide.mcu.externaltools.gnu-tools-for-stm32.7-2018-q2-update.win32_1.5.0.202011040924/tools/bin/../lib/gcc/arm-none-eabi/7.3.1/thumb/v6-m\libgcc.a
LOAD c:/st/stm32cubeide_1.5.1/stm32cubeide/plugins/com.st.stm32cube.ide.mcu.externaltools.gnu-tools-for-stm32.7-2018-q2-update.win32_1.5.0.202011040924/tools/bin/../lib/gcc/arm-none-eabi/7.3.1/../../../../arm-none-eabi/lib/thumb/v6-m\libc.a
END GROUP
START GROUP
LOAD c:/st/stm32cubeide_1.5.1/stm32cubeide/plugins/com.st.stm32cube.ide.mcu.externaltools.gnu-tools-for-stm32.7-2018-q2-update.win32_1.5.0.202011040924/tools/bin/../lib/gcc/arm-none-eabi/7.3.1/thumb/v6-m\libgcc.a
LOAD c:/st/stm32cubeide_1.5.1/stm32cubeide/plugins/com.st.stm32cube.ide.mcu.externaltools.gnu-tools-for-stm32.7-2018-q2-update.win32_1.5.0.202011040924/tools/bin/../lib/gcc/arm-none-eabi/7.3.1/../../../../arm-none-eabi/lib/thumb/v6-m\libc.a
LOAD c:/st/stm32cubeide_1.5.1/stm32cubeide/plugins/com.st.stm32cube.ide.mcu.externaltools.gnu-tools-for-stm32.7-2018-q2-update.win32_1.5.0.202011040924/tools/bin/../lib/gcc/arm-none-eabi/7.3.1/../../../../arm-none-eabi/lib/thumb/v6-m\libnosys.a
END GROUP
LOAD c:/st/stm32cubeide_1.5.1/stm32cubeide/plugins/com.st.stm32cube.ide.mcu.externaltools.gnu-tools-for-stm32.7-2018-q2-update.win32_1.5.0.202011040924/tools/bin/../lib/gcc/arm-none-eabi/7.3.1/thumb/v6-m/crtend.o
LOAD c:/st/stm32cubeide_1.5.1/stm32cubeide/plugins/com.st.stm32cube.ide.mcu.externaltools.gnu-tools-for-stm32.7-2018-q2-update.win32_1.5.0.202011040924/tools/bin/../lib/gcc/arm-none-eabi/7.3.1/thumb/v6-m/crtn.o
                0x0000000020008000                _estack = (ORIGIN (RAM) + LENGTH (RAM))
                0x0000000000000200                _Min_Heap_Size = 0x200
                0x0000000000000400                _Min_Stack_Size = 0x400

.isr_vector     0x0000000008000000       0xbc
                0x0000000008000000                . = ALIGN (0x4)
 *(.isr_vector)
 .isr_vector    0x0000000008000000       0xbc H15R0\startup_stm32f091xc.o
                0x0000000008000000                g_pfnVectors
                0x00000000080000bc                . = ALIGN (0x4)

.text           0x00000000080000bc    0x17328
                0x00000000080000bc                . = ALIGN (0x4)
 *(.text)
 .text          0x00000000080000bc       0x48 c:/st/stm32cubeide_1.5.1/stm32cubeide/plugins/com.st.stm32cube.ide.mcu.externaltools.gnu-tools-for-stm32.7-2018-q2-update.win32_1.5.0.202011040924/tools/bin/../lib/gcc/arm-none-eabi/7.3.1/thumb/v6-m/crtbegin.o
 .text          0x0000000008000104       0x14 c:/st/stm32cubeide_1.5.1/stm32cubeide/plugins/com.st.stm32cube.ide.mcu.externaltools.gnu-tools-for-stm32.7-2018-q2-update.win32_1.5.0.202011040924/tools/bin/../lib/gcc/arm-none-eabi/7.3.1/../../../../arm-none-eabi/lib/thumb/v6-m\libc.a(lib_a-strcmp.o)
                0x0000000008000104                strcmp
 .text          0x0000000008000118        0xe c:/st/stm32cubeide_1.5.1/stm32cubeide/plugins/com.st.stm32cube.ide.mcu.externaltools.gnu-tools-for-stm32.7-2018-q2-update.win32_1.5.0.202011040924/tools/bin/../lib/gcc/arm-none-eabi/7.3.1/../../../../arm-none-eabi/lib/thumb/v6-m\libc.a(lib_a-strlen.o)
                0x0000000008000118                strlen
 *fill*         0x0000000008000126        0x2 
 .text          0x0000000008000128       0x14 c:/st/stm32cubeide_1.5.1/stm32cubeide/plugins/com.st.stm32cube.ide.mcu.externaltools.gnu-tools-for-stm32.7-2018-q2-update.win32_1.5.0.202011040924/tools/bin/../lib/gcc/arm-none-eabi/7.3.1/thumb/v6-m\libgcc.a(_thumb1_case_uqi.o)
                0x0000000008000128                __gnu_thumb1_case_uqi
 .text          0x000000000800013c       0x14 c:/st/stm32cubeide_1.5.1/stm32cubeide/plugins/com.st.stm32cube.ide.mcu.externaltools.gnu-tools-for-stm32.7-2018-q2-update.win32_1.5.0.202011040924/tools/bin/../lib/gcc/arm-none-eabi/7.3.1/thumb/v6-m\libgcc.a(_thumb1_case_shi.o)
                0x000000000800013c                __gnu_thumb1_case_shi
 .text          0x0000000008000150      0x114 c:/st/stm32cubeide_1.5.1/stm32cubeide/plugins/com.st.stm32cube.ide.mcu.externaltools.gnu-tools-for-stm32.7-2018-q2-update.win32_1.5.0.202011040924/tools/bin/../lib/gcc/arm-none-eabi/7.3.1/thumb/v6-m\libgcc.a(_udivsi3.o)
                0x0000000008000150                __aeabi_uidiv
                0x0000000008000150                __udivsi3
                0x000000000800025c                __aeabi_uidivmod
 .text          0x0000000008000264      0x1d4 c:/st/stm32cubeide_1.5.1/stm32cubeide/plugins/com.st.stm32cube.ide.mcu.externaltools.gnu-tools-for-stm32.7-2018-q2-update.win32_1.5.0.202011040924/tools/bin/../lib/gcc/arm-none-eabi/7.3.1/thumb/v6-m\libgcc.a(_divsi3.o)
                0x0000000008000264                __divsi3
                0x0000000008000264                __aeabi_idiv
                0x0000000008000430                __aeabi_idivmod
 .text          0x0000000008000438        0x4 c:/st/stm32cubeide_1.5.1/stm32cubeide/plugins/com.st.stm32cube.ide.mcu.externaltools.gnu-tools-for-stm32.7-2018-q2-update.win32_1.5.0.202011040924/tools/bin/../lib/gcc/arm-none-eabi/7.3.1/thumb/v6-m\libgcc.a(_dvmd_tls.o)
                0x0000000008000438                __aeabi_idiv0
                0x0000000008000438                __aeabi_ldiv0
 .text          0x000000000800043c       0x7c c:/st/stm32cubeide_1.5.1/stm32cubeide/plugins/com.st.stm32cube.ide.mcu.externaltools.gnu-tools-for-stm32.7-2018-q2-update.win32_1.5.0.202011040924/tools/bin/../lib/gcc/arm-none-eabi/7.3.1/thumb/v6-m\libgcc.a(_arm_cmpdf2.o)
                0x000000000800043c                __aeabi_cdrcmple
                0x000000000800044c                __aeabi_cdcmple
                0x000000000800044c                __aeabi_cdcmpeq
                0x000000000800045c                __aeabi_dcmpeq
                0x0000000008000468                __aeabi_dcmplt
                0x000000000800047c                __aeabi_dcmple
                0x0000000008000490                __aeabi_dcmpgt
                0x00000000080004a4                __aeabi_dcmpge
 .text          0x00000000080004b8       0x74 c:/st/stm32cubeide_1.5.1/stm32cubeide/plugins/com.st.stm32cube.ide.mcu.externaltools.gnu-tools-for-stm32.7-2018-q2-update.win32_1.5.0.202011040924/tools/bin/../lib/gcc/arm-none-eabi/7.3.1/thumb/v6-m\libgcc.a(_arm_cmpsf2.o)
                0x00000000080004b8                __aeabi_cfrcmple
                0x00000000080004c0                __aeabi_cfcmpeq
                0x00000000080004c0                __aeabi_cfcmple
                0x00000000080004d0                __aeabi_fcmpeq
                0x00000000080004dc                __aeabi_fcmplt
                0x00000000080004f0                __aeabi_fcmple
                0x0000000008000504                __aeabi_fcmpgt
                0x0000000008000518                __aeabi_fcmpge
 .text          0x000000000800052c       0x40 c:/st/stm32cubeide_1.5.1/stm32cubeide/plugins/com.st.stm32cube.ide.mcu.externaltools.gnu-tools-for-stm32.7-2018-q2-update.win32_1.5.0.202011040924/tools/bin/../lib/gcc/arm-none-eabi/7.3.1/thumb/v6-m\libgcc.a(_aeabi_uldivmod.o)
                0x000000000800052c                __aeabi_uldivmod
 .text          0x000000000800056c       0x54 c:/st/stm32cubeide_1.5.1/stm32cubeide/plugins/com.st.stm32cube.ide.mcu.externaltools.gnu-tools-for-stm32.7-2018-q2-update.win32_1.5.0.202011040924/tools/bin/../lib/gcc/arm-none-eabi/7.3.1/thumb/v6-m\libgcc.a(_muldi3.o)
                0x000000000800056c                __muldi3
                0x000000000800056c                __aeabi_lmul
 .text          0x00000000080005c0       0x30 c:/st/stm32cubeide_1.5.1/stm32cubeide/plugins/com.st.stm32cube.ide.mcu.externaltools.gnu-tools-for-stm32.7-2018-q2-update.win32_1.5.0.202011040924/tools/bin/../lib/gcc/arm-none-eabi/7.3.1/thumb/v6-m\libgcc.a(_fixunssfsi.o)
                0x00000000080005c0                __fixunssfsi
                0x00000000080005c0                __aeabi_f2uiz
 .text          0x00000000080005f0       0x3c c:/st/stm32cubeide_1.5.1/stm32cubeide/plugins/com.st.stm32cube.ide.mcu.externaltools.gnu-tools-for-stm32.7-2018-q2-update.win32_1.5.0.202011040924/tools/bin/../lib/gcc/arm-none-eabi/7.3.1/thumb/v6-m\libgcc.a(_fixunsdfsi.o)
                0x00000000080005f0                __aeabi_d2uiz
                0x00000000080005f0                __fixunsdfsi
 .text          0x000000000800062c      0x184 c:/st/stm32cubeide_1.5.1/stm32cubeide/plugins/com.st.stm32cube.ide.mcu.externaltools.gnu-tools-for-stm32.7-2018-q2-update.win32_1.5.0.202011040924/tools/bin/../lib/gcc/arm-none-eabi/7.3.1/thumb/v6-m\libgcc.a(_udivmoddi4.o)
                0x000000000800062c                __udivmoddi4
 .text          0x00000000080007b0      0x224 c:/st/stm32cubeide_1.5.1/stm32cubeide/plugins/com.st.stm32cube.ide.mcu.externaltools.gnu-tools-for-stm32.7-2018-q2-update.win32_1.5.0.202011040924/tools/bin/../lib/gcc/arm-none-eabi/7.3.1/thumb/v6-m\libgcc.a(divsf3.o)
                0x00000000080007b0                __aeabi_fdiv
 .text          0x00000000080009d4       0x50 c:/st/stm32cubeide_1.5.1/stm32cubeide/plugins/com.st.stm32cube.ide.mcu.externaltools.gnu-tools-for-stm32.7-2018-q2-update.win32_1.5.0.202011040924/tools/bin/../lib/gcc/arm-none-eabi/7.3.1/thumb/v6-m\libgcc.a(eqsf2.o)
                0x00000000080009d4                __eqsf2
                0x00000000080009d4                __nesf2
 .text          0x0000000008000a24       0x9c c:/st/stm32cubeide_1.5.1/stm32cubeide/plugins/com.st.stm32cube.ide.mcu.externaltools.gnu-tools-for-stm32.7-2018-q2-update.win32_1.5.0.202011040924/tools/bin/../lib/gcc/arm-none-eabi/7.3.1/thumb/v6-m\libgcc.a(gesf2.o)
                0x0000000008000a24                __gesf2
                0x0000000008000a24                __gtsf2
 .text          0x0000000008000ac0       0xa0 c:/st/stm32cubeide_1.5.1/stm32cubeide/plugins/com.st.stm32cube.ide.mcu.externaltools.gnu-tools-for-stm32.7-2018-q2-update.win32_1.5.0.202011040924/tools/bin/../lib/gcc/arm-none-eabi/7.3.1/thumb/v6-m\libgcc.a(lesf2.o)
                0x0000000008000ac0                __ltsf2
                0x0000000008000ac0                __lesf2
 .text          0x0000000008000b60      0x264 c:/st/stm32cubeide_1.5.1/stm32cubeide/plugins/com.st.stm32cube.ide.mcu.externaltools.gnu-tools-for-stm32.7-2018-q2-update.win32_1.5.0.202011040924/tools/bin/../lib/gcc/arm-none-eabi/7.3.1/thumb/v6-m\libgcc.a(mulsf3.o)
                0x0000000008000b60                __aeabi_fmul
 .text          0x0000000008000dc4      0x388 c:/st/stm32cubeide_1.5.1/stm32cubeide/plugins/com.st.stm32cube.ide.mcu.externaltools.gnu-tools-for-stm32.7-2018-q2-update.win32_1.5.0.202011040924/tools/bin/../lib/gcc/arm-none-eabi/7.3.1/thumb/v6-m\libgcc.a(subsf3.o)
                0x0000000008000dc4                __aeabi_fsub
 .text          0x000000000800114c       0x40 c:/st/stm32cubeide_1.5.1/stm32cubeide/plugins/com.st.stm32cube.ide.mcu.externaltools.gnu-tools-for-stm32.7-2018-q2-update.win32_1.5.0.202011040924/tools/bin/../lib/gcc/arm-none-eabi/7.3.1/thumb/v6-m\libgcc.a(fixsfsi.o)
                0x000000000800114c                __aeabi_f2iz
 .text          0x000000000800118c       0x94 c:/st/stm32cubeide_1.5.1/stm32cubeide/plugins/com.st.stm32cube.ide.mcu.externaltools.gnu-tools-for-stm32.7-2018-q2-update.win32_1.5.0.202011040924/tools/bin/../lib/gcc/arm-none-eabi/7.3.1/thumb/v6-m\libgcc.a(floatsisf.o)
                0x000000000800118c                __aeabi_i2f
 .text          0x0000000008001220       0x80 c:/st/stm32cubeide_1.5.1/stm32cubeide/plugins/com.st.stm32cube.ide.mcu.externaltools.gnu-tools-for-stm32.7-2018-q2-update.win32_1.5.0.202011040924/tools/bin/../lib/gcc/arm-none-eabi/7.3.1/thumb/v6-m\libgcc.a(floatunsisf.o)
                0x0000000008001220                __aeabi_ui2f
 .text          0x00000000080012a0      0x638 c:/st/stm32cubeide_1.5.1/stm32cubeide/plugins/com.st.stm32cube.ide.mcu.externaltools.gnu-tools-for-stm32.7-2018-q2-update.win32_1.5.0.202011040924/tools/bin/../lib/gcc/arm-none-eabi/7.3.1/thumb/v6-m\libgcc.a(adddf3.o)
                0x00000000080012a0                __aeabi_dadd
 .text          0x00000000080018d8      0x604 c:/st/stm32cubeide_1.5.1/stm32cubeide/plugins/com.st.stm32cube.ide.mcu.externaltools.gnu-tools-for-stm32.7-2018-q2-update.win32_1.5.0.202011040924/tools/bin/../lib/gcc/arm-none-eabi/7.3.1/thumb/v6-m\libgcc.a(divdf3.o)
                0x00000000080018d8                __aeabi_ddiv
 .text          0x0000000008001edc       0x78 c:/st/stm32cubeide_1.5.1/stm32cubeide/plugins/com.st.stm32cube.ide.mcu.externaltools.gnu-tools-for-stm32.7-2018-q2-update.win32_1.5.0.202011040924/tools/bin/../lib/gcc/arm-none-eabi/7.3.1/thumb/v6-m\libgcc.a(eqdf2.o)
                0x0000000008001edc                __nedf2
                0x0000000008001edc                __eqdf2
 .text          0x0000000008001f54       0xc8 c:/st/stm32cubeide_1.5.1/stm32cubeide/plugins/com.st.stm32cube.ide.mcu.externaltools.gnu-tools-for-stm32.7-2018-q2-update.win32_1.5.0.202011040924/tools/bin/../lib/gcc/arm-none-eabi/7.3.1/thumb/v6-m\libgcc.a(gedf2.o)
                0x0000000008001f54                __gedf2
                0x0000000008001f54                __gtdf2
 .text          0x000000000800201c       0xd0 c:/st/stm32cubeide_1.5.1/stm32cubeide/plugins/com.st.stm32cube.ide.mcu.externaltools.gnu-tools-for-stm32.7-2018-q2-update.win32_1.5.0.202011040924/tools/bin/../lib/gcc/arm-none-eabi/7.3.1/thumb/v6-m\libgcc.a(ledf2.o)
                0x000000000800201c                __ledf2
                0x000000000800201c                __ltdf2
 .text          0x00000000080020ec      0x4e4 c:/st/stm32cubeide_1.5.1/stm32cubeide/plugins/com.st.stm32cube.ide.mcu.externaltools.gnu-tools-for-stm32.7-2018-q2-update.win32_1.5.0.202011040924/tools/bin/../lib/gcc/arm-none-eabi/7.3.1/thumb/v6-m\libgcc.a(muldf3.o)
                0x00000000080020ec                __aeabi_dmul
 .text          0x00000000080025d0      0x690 c:/st/stm32cubeide_1.5.1/stm32cubeide/plugins/com.st.stm32cube.ide.mcu.externaltools.gnu-tools-for-stm32.7-2018-q2-update.win32_1.5.0.202011040924/tools/bin/../lib/gcc/arm-none-eabi/7.3.1/thumb/v6-m\libgcc.a(subdf3.o)
                0x00000000080025d0                __aeabi_dsub
 .text          0x0000000008002c60       0x38 c:/st/stm32cubeide_1.5.1/stm32cubeide/plugins/com.st.stm32cube.ide.mcu.externaltools.gnu-tools-for-stm32.7-2018-q2-update.win32_1.5.0.202011040924/tools/bin/../lib/gcc/arm-none-eabi/7.3.1/thumb/v6-m\libgcc.a(unorddf2.o)
                0x0000000008002c60                __aeabi_dcmpun
 .text          0x0000000008002c98       0x6c c:/st/stm32cubeide_1.5.1/stm32cubeide/plugins/com.st.stm32cube.ide.mcu.externaltools.gnu-tools-for-stm32.7-2018-q2-update.win32_1.5.0.202011040924/tools/bin/../lib/gcc/arm-none-eabi/7.3.1/thumb/v6-m\libgcc.a(fixdfsi.o)
                0x0000000008002c98                __aeabi_d2iz
 .text          0x0000000008002d04       0x74 c:/st/stm32cubeide_1.5.1/stm32cubeide/plugins/com.st.stm32cube.ide.mcu.externaltools.gnu-tools-for-stm32.7-2018-q2-update.win32_1.5.0.202011040924/tools/bin/../lib/gcc/arm-none-eabi/7.3.1/thumb/v6-m\libgcc.a(floatsidf.o)
                0x0000000008002d04                __aeabi_i2d
 .text          0x0000000008002d78       0x64 c:/st/stm32cubeide_1.5.1/stm32cubeide/plugins/com.st.stm32cube.ide.mcu.externaltools.gnu-tools-for-stm32.7-2018-q2-update.win32_1.5.0.202011040924/tools/bin/../lib/gcc/arm-none-eabi/7.3.1/thumb/v6-m\libgcc.a(floatunsidf.o)
                0x0000000008002d78                __aeabi_ui2d
 .text          0x0000000008002ddc       0xa4 c:/st/stm32cubeide_1.5.1/stm32cubeide/plugins/com.st.stm32cube.ide.mcu.externaltools.gnu-tools-for-stm32.7-2018-q2-update.win32_1.5.0.202011040924/tools/bin/../lib/gcc/arm-none-eabi/7.3.1/thumb/v6-m\libgcc.a(extendsfdf2.o)
                0x0000000008002ddc                __aeabi_f2d
 .text          0x0000000008002e80      0x108 c:/st/stm32cubeide_1.5.1/stm32cubeide/plugins/com.st.stm32cube.ide.mcu.externaltools.gnu-tools-for-stm32.7-2018-q2-update.win32_1.5.0.202011040924/tools/bin/../lib/gcc/arm-none-eabi/7.3.1/thumb/v6-m\libgcc.a(truncdfsf2.o)
                0x0000000008002e80                __aeabi_d2f
 .text          0x0000000008002f88       0x3c c:/st/stm32cubeide_1.5.1/stm32cubeide/plugins/com.st.stm32cube.ide.mcu.externaltools.gnu-tools-for-stm32.7-2018-q2-update.win32_1.5.0.202011040924/tools/bin/../lib/gcc/arm-none-eabi/7.3.1/thumb/v6-m\libgcc.a(_clzsi2.o)
                0x0000000008002f88                __clzsi2
 .text          0x0000000008002fc4       0x18 c:/st/stm32cubeide_1.5.1/stm32cubeide/plugins/com.st.stm32cube.ide.mcu.externaltools.gnu-tools-for-stm32.7-2018-q2-update.win32_1.5.0.202011040924/tools/bin/../lib/gcc/arm-none-eabi/7.3.1/thumb/v6-m\libgcc.a(_clzdi2.o)
                0x0000000008002fc4                __clzdi2
 *(.text*)
 .text.LoadROtopology
                0x0000000008002fdc       0xa0 BOS\BOS.o
                0x0000000008002fdc                LoadROtopology
 .text.LoadEEportsDir
                0x000000000800307c       0x4c BOS\BOS.o
                0x000000000800307c                LoadEEportsDir
 .text.LoadEEalias
                0x00000000080030c8       0x80 BOS\BOS.o
                0x00000000080030c8                LoadEEalias
 .text.LoadEEgroup
                0x0000000008003148       0xa4 BOS\BOS.o
                0x0000000008003148                LoadEEgroup
 .text.LoadEEstreams
                0x00000000080031ec      0x120 BOS\BOS.o
                0x00000000080031ec                LoadEEstreams
 .text.LoadEEparams
                0x000000000800330c      0x17c BOS\BOS.o
                0x000000000800330c                LoadEEparams
 .text.LoadEEbuttons
                0x0000000008003488       0xfc BOS\BOS.o
                0x0000000008003488                LoadEEbuttons
 .text.LoadROsnippets
                0x0000000008003584      0x110 BOS\BOS.o
                0x0000000008003584                LoadROsnippets
 .text.LoadEEvars
                0x0000000008003694       0x24 BOS\BOS.o
                0x0000000008003694                LoadEEvars
 .text.SaveEEportsDir
                0x00000000080036b8       0x50 BOS\BOS.o
                0x00000000080036b8                SaveEEportsDir
 .text.SaveEEalias
                0x0000000008003708       0x88 BOS\BOS.o
                0x0000000008003708                SaveEEalias
 .text.SaveEEstreams
                0x0000000008003790       0x90 BOS\BOS.o
                0x0000000008003790                SaveEEstreams
 .text.SaveEEparams
                0x0000000008003820       0x88 BOS\BOS.o
                0x0000000008003820                SaveEEparams
 .text.ClearEEportsDir
                0x00000000080038a8       0x58 BOS\BOS.o
                0x00000000080038a8                ClearEEportsDir
 .text.IsLowerCLIbaud
                0x0000000008003900       0x94 BOS\BOS.o
                0x0000000008003900                IsLowerCLIbaud
 .text.SetupPortForRemoteBootloaderUpdate
                0x0000000008003994       0x2c BOS\BOS.o
                0x0000000008003994                SetupPortForRemoteBootloaderUpdate
 .text.IsModuleParameter
                0x00000000080039c0       0x18 BOS\BOS.o
                0x00000000080039c0                IsModuleParameter
 .text.IsMathOperator
                0x00000000080039d8       0xb0 BOS\BOS.o
                0x00000000080039d8                IsMathOperator
 .text.ExploreNeighbors
                0x0000000008003a88       0x58 BOS\BOS.o
                0x0000000008003a88                ExploreNeighbors
 .text.FindBroadcastRoutes
                0x0000000008003ae0      0x150 BOS\BOS.o
                0x0000000008003ae0                FindBroadcastRoutes
 .text.FindRoute
                0x0000000008003c30      0x1c0 BOS\BOS.o
                0x0000000008003c30                FindRoute
 .text.remoteBootloaderUpdate
                0x0000000008003df0      0x11c BOS\BOS.o
                0x0000000008003df0                remoteBootloaderUpdate
 .text.DisplayTopology
                0x0000000008003f0c      0x1a4 BOS\BOS.o
                0x0000000008003f0c                DisplayTopology
 .text.DisplayPortsDir
                0x00000000080040b0       0xf4 BOS\BOS.o
                0x00000000080040b0                DisplayPortsDir
 .text.DisplayModuleStatus
                0x00000000080041a4      0x2ec BOS\BOS.o
                0x00000000080041a4                DisplayModuleStatus
 .text.GetID    0x0000000008004490       0xc0 BOS\BOS.o
                0x0000000008004490                GetID
 .text.NameModule
                0x0000000008004550       0xd4 BOS\BOS.o
                0x0000000008004550                NameModule
 .text.AddModuleToGroup
                0x0000000008004624      0x11c BOS\BOS.o
                0x0000000008004624                AddModuleToGroup
 .text.ReadPortsDir
                0x0000000008004740       0xc4 BOS\BOS.o
                0x0000000008004740                ReadPortsDir
 .text.UpdateMyPortsDir
                0x0000000008004804       0x58 BOS\BOS.o
                0x0000000008004804                UpdateMyPortsDir
 .text.BOS_Init
                0x000000000800485c      0x138 BOS\BOS.o
                0x000000000800485c                BOS_Init
 .text.Module_Init
                0x0000000008004994       0x18 BOS\BOS.o
                0x0000000008004994                Module_Init
 .text.WriteToRemote
                0x00000000080049ac      0x230 BOS\BOS.o
                0x00000000080049ac                WriteToRemote
 .text.GetDateString
                0x0000000008004bdc       0x3c BOS\BOS.o
                0x0000000008004bdc                GetDateString
 .text.Bridge   0x0000000008004c18       0x28 BOS\BOS.o
                0x0000000008004c18                Bridge
 .text.Unbridge
                0x0000000008004c40       0x70 BOS\BOS.o
                0x0000000008004c40                Unbridge
 .text.AddSnippet.part.0
                0x0000000008004cb0       0xb0 BOS\BOS_CLI.o
 .text.StringToLowerCase
                0x0000000008004d60       0x28 BOS\BOS_CLI.o
                0x0000000008004d60                StringToLowerCase
 .text.ParseSnippetCondition
                0x0000000008004d88      0x3c8 BOS\BOS_CLI.o
                0x0000000008004d88                ParseSnippetCondition
 .text.CLI_CommandParser
                0x0000000008005150      0x444 BOS\BOS_CLI.o
                0x0000000008005150                CLI_CommandParser
 .text.prvCLITask
                0x0000000008005594      0x1e0 BOS\BOS_CLI.o
                0x0000000008005594                prvCLITask
 .text.ParseSnippetCommand
                0x0000000008005774       0x78 BOS\BOS_CLI.o
                0x0000000008005774                ParseSnippetCommand
 .text.CheckSnippetCondition
                0x00000000080057ec       0xd0 BOS\BOS_CLI.o
                0x00000000080057ec                CheckSnippetCondition
 .text.ExecuteSnippet
                0x00000000080058bc       0xb4 BOS\BOS_CLI.o
                0x00000000080058bc                ExecuteSnippet
 .text.exploreCommand
                0x0000000008005970        0x4 BOS\BOS_CLIcommands.o
 .text.setBaudrateCommand
                0x0000000008005974       0x80 BOS\BOS_CLIcommands.o
 .text.flashsizeCommand
                0x00000000080059f4       0x20 BOS\BOS_CLIcommands.o
 .text.GetReadPrecentageCommand
                0x0000000008005a14       0x60 BOS\BOS_CLIcommands.o
 .text.ReadVrefCommand
                0x0000000008005a74       0x40 BOS\BOS_CLIcommands.o
 .text.ReadTempCommand
                0x0000000008005ab4       0x40 BOS\BOS_CLIcommands.o
 .text.ADCReadCommand
                0x0000000008005af4       0xb8 BOS\BOS_CLIcommands.o
 .text.testportCommand
                0x0000000008005bac      0x1b4 BOS\BOS_CLIcommands.o
 .text.unbridgeCommand
                0x0000000008005d60       0xb0 BOS\BOS_CLIcommands.o
 .text.bridgeCommand
                0x0000000008005e10       0xb0 BOS\BOS_CLIcommands.o
 .text.delSnipCommand
                0x0000000008005ec0       0xec BOS\BOS_CLIcommands.o
 .text.pauseSnipCommand
                0x0000000008005fac       0x6c BOS\BOS_CLIcommands.o
 .text.actSnipCommand
                0x0000000008006018       0x70 BOS\BOS_CLIcommands.o
 .text.snipCommand
                0x0000000008006088      0x214 BOS\BOS_CLIcommands.o
 .text.idcodeCommand
                0x000000000800629c       0xa8 BOS\BOS_CLIcommands.o
 .text.dateCommand
                0x0000000008006344       0x24 BOS\BOS_CLIcommands.o
 .text.getCommand
                0x0000000008006368      0x238 BOS\BOS_CLIcommands.o
 .text.defaultCommand
                0x00000000080065a0       0xbc BOS\BOS_CLIcommands.o
 .text.setCommand
                0x000000000800665c      0x7d4 BOS\BOS_CLIcommands.o
 .text.removebuttonCommand
                0x0000000008006e30       0x54 BOS\BOS_CLIcommands.o
 .text.addbuttonCommand
                0x0000000008006e84       0xd0 BOS\BOS_CLIcommands.o
 .text.scastCommand
                0x0000000008006f54      0x194 BOS\BOS_CLIcommands.o
 .text.infoCommand
                0x00000000080070e8       0xac BOS\BOS_CLIcommands.o
 .text.statusCommand
                0x0000000008007194       0x14 BOS\BOS_CLIcommands.o
 .text.groupCommand
                0x00000000080071a8      0x1ac BOS\BOS_CLIcommands.o
 .text.nameCommand
                0x0000000008007354       0x90 BOS\BOS_CLIcommands.o
 .text.bootloaderUpdateCommand
                0x00000000080073e4      0x180 BOS\BOS_CLIcommands.o
 .text.pingCommand
                0x0000000008007564       0x64 BOS\BOS_CLIcommands.o
 .text.prvRunTimeStatsCommand
                0x00000000080075c8       0x24 BOS\BOS_CLIcommands.o
 .text.prvTaskStatsCommand
                0x00000000080075ec       0x24 BOS\BOS_CLIcommands.o
 .text.uuidCommand
                0x0000000008007610       0x6c BOS\BOS_CLIcommands.o
 .text.timeCommand
                0x000000000800767c       0x7c BOS\BOS_CLIcommands.o
 .text.resetCommand
                0x00000000080076f8       0x24 BOS\BOS_CLIcommands.o
 .text.RegisterUserCLICommands
                0x000000000800771c        0x4 BOS\BOS_CLIcommands.o
                0x000000000800771c                RegisterUserCLICommands
 .text.vRegisterCLICommands
                0x0000000008007720      0x130 BOS\BOS_CLIcommands.o
                0x0000000008007720                vRegisterCLICommands
 .text.StopStreamDMA
                0x0000000008007850       0x2c BOS\BOS_dma.o
                0x0000000008007850                StopStreamDMA
 .text.SwitchMsgDMAToStream
                0x000000000800787c       0x2c BOS\BOS_dma.o
                0x000000000800787c                SwitchMsgDMAToStream
 .text.SwitchStreamDMAToMsg
                0x00000000080078a8       0x74 BOS\BOS_dma.o
                0x00000000080078a8                SwitchStreamDMAToMsg
 .text.StartDMAstream
                0x000000000800791c       0x54 BOS\BOS_dma.o
                0x000000000800791c                StartDMAstream
 .text.DMA_IRQHandler
                0x0000000008007970       0x80 BOS\BOS_dma.o
                0x0000000008007970                DMA_IRQHandler
 .text.ResetUartORE
                0x00000000080079f0       0x2c BOS\BOS_dma.o
                0x00000000080079f0                ResetUartORE
 .text.EE_VerifyPageFullWriteVariable
                0x0000000008007a1c       0xbc BOS\BOS_eeprom.o
 .text.EE_ReadVariable
                0x0000000008007ad8       0x60 BOS\BOS_eeprom.o
                0x0000000008007ad8                EE_ReadVariable
 .text.EE_WriteVariable
                0x0000000008007b38      0x12c BOS\BOS_eeprom.o
                0x0000000008007b38                EE_WriteVariable
 .text.EE_Format
                0x0000000008007c64       0xa0 BOS\BOS_eeprom.o
                0x0000000008007c64                EE_Format
 .text.EE_Init  0x0000000008007d04      0x2b0 BOS\BOS_eeprom.o
                0x0000000008007d04                EE_Init
 .text.StartDefaultTask
                0x0000000008007fb4       0x84 BOS\BOS_freertos.o
                0x0000000008007fb4                StartDefaultTask
 .text.MX_FREERTOS_Init
                0x0000000008008038      0x184 BOS\BOS_freertos.o
                0x0000000008008038                MX_FREERTOS_Init
 .text.vMainConfigureTimerForRunTimeStats
                0x00000000080081bc       0x20 BOS\BOS_freertos.o
                0x00000000080081bc                vMainConfigureTimerForRunTimeStats
 .text.ulMainGetRunTimeCounterValue
                0x00000000080081dc       0x50 BOS\BOS_freertos.o
                0x00000000080081dc                ulMainGetRunTimeCounterValue
 .text.buttonPressedCallback
                0x000000000800822c        0x4 BOS\BOS_inputs.o
                0x000000000800822c                buttonPressedCallback
 .text.AddPortButton
                0x0000000008008230       0xf4 BOS\BOS_inputs.o
                0x0000000008008230                AddPortButton
 .text.RemovePortButton
                0x0000000008008324      0x110 BOS\BOS_inputs.o
                0x0000000008008324                RemovePortButton
 .text.SetButtonEvents
                0x0000000008008434      0x23c BOS\BOS_inputs.o
                0x0000000008008434                SetButtonEvents
 .text.MX_ADC_Init
                0x0000000008008670       0x54 BOS\BOS_inputs.o
                0x0000000008008670                MX_ADC_Init
 .text.ADC_Channels_Config
                0x00000000080086c4       0x60 BOS\BOS_inputs.o
                0x00000000080086c4                ADC_Channels_Config
 .text.ReadTempAndVref
                0x0000000008008724      0x18c BOS\BOS_inputs.o
                0x0000000008008724                ReadTempAndVref
 .text.GetReadPrecentage
                0x00000000080088b0      0x178 BOS\BOS_inputs.o
                0x00000000080088b0                GetReadPrecentage
 .text.Get_Rank
                0x0000000008008a28       0x64 BOS\BOS_inputs.o
                0x0000000008008a28                Get_Rank
 .text.ADCSelectChannel
                0x0000000008008a8c       0xa0 BOS\BOS_inputs.o
                0x0000000008008a8c                ADCSelectChannel
 .text.ReadADCChannel
                0x0000000008008b2c      0x118 BOS\BOS_inputs.o
                0x0000000008008b2c                ReadADCChannel
 .text.buttonReleasedCallback
                0x0000000008008c44        0x4 BOS\BOS_inputs.o
                0x0000000008008c44                buttonReleasedCallback
 .text.buttonClickedCallback
                0x0000000008008c48        0x4 BOS\BOS_inputs.o
                0x0000000008008c48                buttonClickedCallback
 .text.buttonDblClickedCallback
                0x0000000008008c4c        0x4 BOS\BOS_inputs.o
                0x0000000008008c4c                buttonDblClickedCallback
 .text.buttonPressedForXCallback
                0x0000000008008c50        0x4 BOS\BOS_inputs.o
                0x0000000008008c50                buttonPressedForXCallback
 .text.buttonReleasedForYCallback
                0x0000000008008c54        0x4 BOS\BOS_inputs.o
                0x0000000008008c54                buttonReleasedForYCallback
 .text.CheckAttachedButtons
                0x0000000008008c58      0x518 BOS\BOS_inputs.o
                0x0000000008008c58                CheckAttachedButtons
 .text.StreamTimerCallback
                0x0000000008009170       0x18 BOS\BOS_messaging.o
                0x0000000008009170                StreamTimerCallback
 .text.SetupDMAStreams
                0x0000000008009188      0x198 BOS\BOS_messaging.o
                0x0000000008009188                SetupDMAStreams
 .text.NotifyMessagingTask
                0x0000000008009320       0x40 BOS\BOS_messaging.o
                0x0000000008009320                NotifyMessagingTask
 .text.SendMessageFromPort
                0x0000000008009360       0x38 BOS\BOS_messaging.o
                0x0000000008009360                SendMessageFromPort
 .text.SendMessageFromPort.part.0
                0x0000000008009398      0x3bc BOS\BOS_messaging.o
 .text.BroadcastReceivedMessage
                0x0000000008009754       0x3c BOS\BOS_messaging.o
                0x0000000008009754                BroadcastReceivedMessage
 .text.BroadcastMessage
                0x0000000008009790       0x4c BOS\BOS_messaging.o
                0x0000000008009790                BroadcastMessage
 .text.ForwardReceivedMessage
                0x00000000080097dc       0x40 BOS\BOS_messaging.o
                0x00000000080097dc                ForwardReceivedMessage
 .text.SendMessageToModule
                0x000000000800981c       0x48 BOS\BOS_messaging.o
                0x000000000800981c                SendMessageToModule
 .text.StartScastDMAStream
                0x0000000008009864      0x178 BOS\BOS_messaging.o
                0x0000000008009864                StartScastDMAStream
 .text.BackEndTask
                0x00000000080099dc      0x3e8 BOS\BOS_msgparser.o
                0x00000000080099dc                BackEndTask
 .text.User_MessagingParser
                0x0000000008009dc4        0x4 BOS\BOS_msgparser.o
                0x0000000008009dc4                User_MessagingParser
 .text.PxMessagingTask
                0x0000000008009dc8     0x1400 BOS\BOS_msgparser.o
                0x0000000008009dc8                PxMessagingTask
 .text.AnalogPercentage.part.0
                0x000000000800b1c8       0x60 H15R0\H15R0.o
 .text.percentagevalueCommand
                0x000000000800b228       0x7c H15R0\H15R0.o
                0x000000000800b228                percentagevalueCommand
 .text.AnalogOutValue.part.2
                0x000000000800b2a4       0x70 H15R0\H15R0.o
 .text.AnalogvalueCommand
                0x000000000800b314       0x80 H15R0\H15R0.o
                0x000000000800b314                AnalogvalueCommand
 .text.SystemClock_Config
                0x000000000800b394       0xb0 H15R0\H15R0.o
                0x000000000800b394                SystemClock_Config
 .text.SaveToRO
                0x000000000800b444      0x1f0 H15R0\H15R0.o
                0x000000000800b444                SaveToRO
 .text.ClearROtopology
                0x000000000800b634       0x2c H15R0\H15R0.o
                0x000000000800b634                ClearROtopology
 .text.Module_Peripheral_Init
                0x000000000800b660       0x18 H15R0\H15R0.o
                0x000000000800b660                Module_Peripheral_Init
 .text.RegisterModuleCLICommands
                0x000000000800b678       0x18 H15R0\H15R0.o
                0x000000000800b678                RegisterModuleCLICommands
 .text.GetPort  0x000000000800b690       0x40 H15R0\H15R0.o
                0x000000000800b690                GetPort
 .text.Module_MessagingTask
                0x000000000800b6d0       0x9c H15R0\H15R0.o
                0x000000000800b6d0                Module_MessagingTask
 .text.MX_DAC_Init
                0x000000000800b76c       0x44 H15R0\H15R0_dac.o
                0x000000000800b76c                MX_DAC_Init
 .text.DMA_Init
                0x000000000800b7b0      0x158 H15R0\H15R0_dma.o
                0x000000000800b7b0                DMA_Init
 .text.DMA_MSG_RX_CH_Init
                0x000000000800b908       0x24 H15R0\H15R0_dma.o
                0x000000000800b908                DMA_MSG_RX_CH_Init
 .text.DMA_STREAM_CH_Init
                0x000000000800b92c       0x20 H15R0\H15R0_dma.o
                0x000000000800b92c                DMA_STREAM_CH_Init
 .text.SetupDMAInterrupts
                0x000000000800b94c       0xb8 H15R0\H15R0_dma.o
                0x000000000800b94c                SetupDMAInterrupts
 .text.UnSetupDMAInterrupts
                0x000000000800ba04       0xa0 H15R0\H15R0_dma.o
                0x000000000800ba04                UnSetupDMAInterrupts
 .text.DMA_MSG_TX_UnSetup
                0x000000000800baa4       0x14 H15R0\H15R0_dma.o
                0x000000000800baa4                DMA_MSG_TX_UnSetup
 .text.RemapAndLinkDMAtoUARTRx
                0x000000000800bab8      0x5d0 H15R0\H15R0_dma.o
                0x000000000800bab8                RemapAndLinkDMAtoUARTRx
 .text.DMA_MSG_RX_Setup
                0x000000000800c088       0x34 H15R0\H15R0_dma.o
                0x000000000800c088                DMA_MSG_RX_Setup
 .text.SetupMessagingRxDMAs
                0x000000000800c0bc       0x68 H15R0\H15R0_dma.o
                0x000000000800c0bc                SetupMessagingRxDMAs
 .text.DMA_STREAM_Setup
                0x000000000800c124       0x40 H15R0\H15R0_dma.o
                0x000000000800c124                DMA_STREAM_Setup
 .text.RemapAndLinkDMAtoUARTTx
                0x000000000800c164      0x5d0 H15R0\H15R0_dma.o
                0x000000000800c164                RemapAndLinkDMAtoUARTTx
 .text.DMA_MSG_TX_Setup
                0x000000000800c734       0x38 H15R0\H15R0_dma.o
                0x000000000800c734                DMA_MSG_TX_Setup
 .text.CRC_Init
                0x000000000800c76c       0x28 H15R0\H15R0_dma.o
                0x000000000800c76c                CRC_Init
 .text.HAL_CRC_MspInit
                0x000000000800c794       0x1c H15R0\H15R0_dma.o
                0x000000000800c794                HAL_CRC_MspInit
 .text.CalculateCRC8
                0x000000000800c7b0       0x3c H15R0\H15R0_dma.o
                0x000000000800c7b0                CalculateCRC8
 .text.GPIO_Init
                0x000000000800c7ec       0x84 H15R0\H15R0_gpio.o
                0x000000000800c7ec                GPIO_Init
 .text.GetPortGPIOs
                0x000000000800c870       0x98 H15R0\H15R0_gpio.o
                0x000000000800c870                GetPortGPIOs
 .text.IsFactoryReset
                0x000000000800c908       0xec H15R0\H15R0_gpio.o
                0x000000000800c908                IsFactoryReset
 .text.SysTick_Handler
                0x000000000800c9f4        0xc H15R0\H15R0_it.o
                0x000000000800c9f4                SysTick_Handler
 .text.HardFault_Handler
                0x000000000800ca00        0x4 H15R0\H15R0_it.o
                0x000000000800ca00                HardFault_Handler
 .text.USART1_IRQHandler
                0x000000000800ca04       0x10 H15R0\H15R0_it.o
                0x000000000800ca04                USART1_IRQHandler
 .text.USART2_IRQHandler
                0x000000000800ca14       0x10 H15R0\H15R0_it.o
                0x000000000800ca14                USART2_IRQHandler
 .text.USART3_8_IRQHandler
                0x000000000800ca24       0x18 H15R0\H15R0_it.o
                0x000000000800ca24                USART3_8_IRQHandler
 .text.DMA1_Ch1_IRQHandler
                0x000000000800ca3c        0xc H15R0\H15R0_it.o
                0x000000000800ca3c                DMA1_Ch1_IRQHandler
 .text.DMA1_Ch2_3_DMA2_Ch1_2_IRQHandler
                0x000000000800ca48       0x40 H15R0\H15R0_it.o
                0x000000000800ca48                DMA1_Ch2_3_DMA2_Ch1_2_IRQHandler
 .text.DMA1_Ch4_7_DMA2_Ch3_5_IRQHandler
                0x000000000800ca88       0x5c H15R0\H15R0_it.o
                0x000000000800ca88                DMA1_Ch4_7_DMA2_Ch3_5_IRQHandler
 .text.HAL_UART_TxCpltCallback
                0x000000000800cae4       0x30 H15R0\H15R0_it.o
                0x000000000800cae4                HAL_UART_TxCpltCallback
 .text.HAL_UART_ErrorCallback
                0x000000000800cb14       0x48 H15R0\H15R0_it.o
                0x000000000800cb14                HAL_UART_ErrorCallback
 .text.HAL_UART_RxCpltCallback
                0x000000000800cb5c       0x64 H15R0\H15R0_it.o
                0x000000000800cb5c                HAL_UART_RxCpltCallback
 .text.vApplicationStackOverflowHook
                0x000000000800cbc0        0x4 H15R0\H15R0_it.o
                0x000000000800cbc0                vApplicationStackOverflowHook
 .text.vApplicationMallocFailedHook
                0x000000000800cbc4        0x4 H15R0\H15R0_it.o
                0x000000000800cbc4                vApplicationMallocFailedHook
 .text.RTC_CalendarConfig
                0x000000000800cbc8       0xfc H15R0\H15R0_rtc.o
                0x000000000800cbc8                RTC_CalendarConfig
 .text.RTC_Init
                0x000000000800ccc4       0x98 H15R0\H15R0_rtc.o
                0x000000000800ccc4                RTC_Init
 .text.BOS_CalendarConfig
                0x000000000800cd5c       0xb4 H15R0\H15R0_rtc.o
                0x000000000800cd5c                BOS_CalendarConfig
 .text.GetTimeDate
                0x000000000800ce10       0x64 H15R0\H15R0_rtc.o
                0x000000000800ce10                GetTimeDate
 .text.TIM_USEC_Init
                0x000000000800ce74       0x64 H15R0\H15R0_timers.o
                0x000000000800ce74                TIM_USEC_Init
 .text.TIM_MSEC_Init
                0x000000000800ced8       0x60 H15R0\H15R0_timers.o
                0x000000000800ced8                TIM_MSEC_Init
 .text.StartMicroDelay
                0x000000000800cf38       0x24 H15R0\H15R0_timers.o
                0x000000000800cf38                StartMicroDelay
 .text.StartMilliDelay
                0x000000000800cf5c       0x24 H15R0\H15R0_timers.o
                0x000000000800cf5c                StartMilliDelay
 .text.MX_USART1_UART_Init
                0x000000000800cf80       0x30 H15R0\H15R0_uart.o
                0x000000000800cf80                MX_USART1_UART_Init
 .text.MX_USART2_UART_Init
                0x000000000800cfb0       0x30 H15R0\H15R0_uart.o
                0x000000000800cfb0                MX_USART2_UART_Init
 .text.MX_USART3_UART_Init
                0x000000000800cfe0       0x30 H15R0\H15R0_uart.o
                0x000000000800cfe0                MX_USART3_UART_Init
 .text.MX_USART5_UART_Init
                0x000000000800d010       0x30 H15R0\H15R0_uart.o
                0x000000000800d010                MX_USART5_UART_Init
 .text.HAL_UART_MspInit
                0x000000000800d040      0x180 H15R0\H15R0_uart.o
                0x000000000800d040                HAL_UART_MspInit
 .text.writePxMutex
                0x000000000800d1c0       0x64 H15R0\H15R0_uart.o
                0x000000000800d1c0                writePxMutex
 .text.writePxITMutex
                0x000000000800d224       0x40 H15R0\H15R0_uart.o
                0x000000000800d224                writePxITMutex
 .text.writePxDMAMutex
                0x000000000800d264       0x48 H15R0\H15R0_uart.o
                0x000000000800d264                writePxDMAMutex
 .text.UpdateBaudrate
                0x000000000800d2ac       0x24 H15R0\H15R0_uart.o
                0x000000000800d2ac                UpdateBaudrate
 .text.GetUart  0x000000000800d2d0       0x18 H15R0\H15R0_uart.o
                0x000000000800d2d0                GetUart
 .text.SwapUartPins
                0x000000000800d2e8       0x74 H15R0\H15R0_uart.o
                0x000000000800d2e8                SwapUartPins
 .text.Reset_Handler
                0x000000000800d35c       0x8c H15R0\startup_stm32f091xc.o
                0x000000000800d35c                Reset_Handler
 .text.Default_Handler
                0x000000000800d3e8        0x2 H15R0\startup_stm32f091xc.o
                0x000000000800d3e8                TIM1_CC_IRQHandler
                0x000000000800d3e8                TSC_IRQHandler
                0x000000000800d3e8                ADC1_COMP_IRQHandler
                0x000000000800d3e8                NMI_Handler
                0x000000000800d3e8                I2C1_IRQHandler
                0x000000000800d3e8                RCC_CRS_IRQHandler
                0x000000000800d3e8                SPI1_IRQHandler
                0x000000000800d3e8                TIM6_DAC_IRQHandler
                0x000000000800d3e8                EXTI2_3_IRQHandler
                0x000000000800d3e8                I2C2_IRQHandler
                0x000000000800d3e8                TIM17_IRQHandler
                0x000000000800d3e8                CEC_CAN_IRQHandler
                0x000000000800d3e8                RTC_IRQHandler
                0x000000000800d3e8                PVD_VDDIO2_IRQHandler
                0x000000000800d3e8                TIM16_IRQHandler
                0x000000000800d3e8                TIM3_IRQHandler
                0x000000000800d3e8                EXTI4_15_IRQHandler
                0x000000000800d3e8                Default_Handler
                0x000000000800d3e8                TIM14_IRQHandler
                0x000000000800d3e8                TIM7_IRQHandler
                0x000000000800d3e8                TIM15_IRQHandler
                0x000000000800d3e8                EXTI0_1_IRQHandler
                0x000000000800d3e8                SPI2_IRQHandler
                0x000000000800d3e8                WWDG_IRQHandler
                0x000000000800d3e8                TIM2_IRQHandler
                0x000000000800d3e8                FLASH_IRQHandler
                0x000000000800d3e8                TIM1_BRK_UP_TRG_COM_IRQHandler
 *fill*         0x000000000800d3ea        0x2 
 .text.SystemInit
                0x000000000800d3ec       0x60 Thirdparty\CMSIS\Device\ST\STM32F0xx\Source\Templates\system_stm32f0xx.o
                0x000000000800d3ec                SystemInit
 .text.osKernelStart
                0x000000000800d44c        0xc Thirdparty\Middleware\FreeRTOS\Source\CMSIS_RTOS\cmsis_os.o
                0x000000000800d44c                osKernelStart
 .text.osDelay  0x000000000800d458       0x10 Thirdparty\Middleware\FreeRTOS\Source\CMSIS_RTOS\cmsis_os.o
                0x000000000800d458                osDelay
 .text.osMutexRelease
                0x000000000800d468       0x48 Thirdparty\Middleware\FreeRTOS\Source\CMSIS_RTOS\cmsis_os.o
                0x000000000800d468                osMutexRelease
 .text.osSemaphoreCreate
                0x000000000800d4b0       0x2c Thirdparty\Middleware\FreeRTOS\Source\CMSIS_RTOS\cmsis_os.o
                0x000000000800d4b0                osSemaphoreCreate
 .text.osSemaphoreWait
                0x000000000800d4dc       0x54 Thirdparty\Middleware\FreeRTOS\Source\CMSIS_RTOS\cmsis_os.o
                0x000000000800d4dc                osSemaphoreWait
 .text.osSemaphoreRelease
                0x000000000800d530        0x8 Thirdparty\Middleware\FreeRTOS\Source\CMSIS_RTOS\cmsis_os.o
                0x000000000800d530                osSemaphoreRelease
 .text.osSystickHandler
                0x000000000800d538       0x10 Thirdparty\Middleware\FreeRTOS\Source\CMSIS_RTOS\cmsis_os.o
                0x000000000800d538                osSystickHandler
 .text.FreeRTOS_CLIRegisterCommand
                0x000000000800d548       0x38 Thirdparty\Middleware\FreeRTOS\Source\FreeRTOS_CLI.o
                0x000000000800d548                FreeRTOS_CLIRegisterCommand
 .text.FreeRTOS_CLIProcessCommand
                0x000000000800d580       0xf0 Thirdparty\Middleware\FreeRTOS\Source\FreeRTOS_CLI.o
                0x000000000800d580                FreeRTOS_CLIProcessCommand
 .text.FreeRTOS_CLIGetOutputBuffer
                0x000000000800d670        0x8 Thirdparty\Middleware\FreeRTOS\Source\FreeRTOS_CLI.o
                0x000000000800d670                FreeRTOS_CLIGetOutputBuffer
 .text.FreeRTOS_CLIGetParameter
                0x000000000800d678       0x54 Thirdparty\Middleware\FreeRTOS\Source\FreeRTOS_CLI.o
                0x000000000800d678                FreeRTOS_CLIGetParameter
 .text.prvHelpCommand
                0x000000000800d6cc      0x100 Thirdparty\Middleware\FreeRTOS\Source\FreeRTOS_CLI.o
 .text.vListInitialise
                0x000000000800d7cc       0x18 Thirdparty\Middleware\FreeRTOS\Source\list.o
                0x000000000800d7cc                vListInitialise
 .text.vListInitialiseItem
                0x000000000800d7e4        0x8 Thirdparty\Middleware\FreeRTOS\Source\list.o
                0x000000000800d7e4                vListInitialiseItem
 .text.vListInsertEnd
                0x000000000800d7ec       0x18 Thirdparty\Middleware\FreeRTOS\Source\list.o
                0x000000000800d7ec                vListInsertEnd
 .text.vListInsert
                0x000000000800d804       0x30 Thirdparty\Middleware\FreeRTOS\Source\list.o
                0x000000000800d804                vListInsert
 .text.uxListRemove
                0x000000000800d834       0x20 Thirdparty\Middleware\FreeRTOS\Source\list.o
                0x000000000800d834                uxListRemove
 .text.prvTaskExitError
                0x000000000800d854       0x14 Thirdparty\Middleware\FreeRTOS\Source\portable\GCC\ARM_CM0\port.o
 .text.vPortStartFirstTask
                0x000000000800d868       0x20 Thirdparty\Middleware\FreeRTOS\Source\portable\GCC\ARM_CM0\port.o
 .text.pxPortInitialiseStack
                0x000000000800d888       0x20 Thirdparty\Middleware\FreeRTOS\Source\portable\GCC\ARM_CM0\port.o
                0x000000000800d888                pxPortInitialiseStack
 .text.SVC_Handler
                0x000000000800d8a8        0x4 Thirdparty\Middleware\FreeRTOS\Source\portable\GCC\ARM_CM0\port.o
                0x000000000800d8a8                SVC_Handler
 .text.xPortStartScheduler
                0x000000000800d8ac       0x54 Thirdparty\Middleware\FreeRTOS\Source\portable\GCC\ARM_CM0\port.o
                0x000000000800d8ac                xPortStartScheduler
 .text.vPortYield
                0x000000000800d900       0x18 Thirdparty\Middleware\FreeRTOS\Source\portable\GCC\ARM_CM0\port.o
                0x000000000800d900                vPortYield
 .text.vPortEnterCritical
                0x000000000800d918       0x18 Thirdparty\Middleware\FreeRTOS\Source\portable\GCC\ARM_CM0\port.o
                0x000000000800d918                vPortEnterCritical
 .text.vPortExitCritical
                0x000000000800d930       0x1c Thirdparty\Middleware\FreeRTOS\Source\portable\GCC\ARM_CM0\port.o
                0x000000000800d930                vPortExitCritical
 .text.ulSetInterruptMaskFromISR
                0x000000000800d94c        0xc Thirdparty\Middleware\FreeRTOS\Source\portable\GCC\ARM_CM0\port.o
                0x000000000800d94c                ulSetInterruptMaskFromISR
 .text.vClearInterruptMaskFromISR
                0x000000000800d958        0x8 Thirdparty\Middleware\FreeRTOS\Source\portable\GCC\ARM_CM0\port.o
                0x000000000800d958                vClearInterruptMaskFromISR
 .text.PendSV_Handler
                0x000000000800d960       0x44 Thirdparty\Middleware\FreeRTOS\Source\portable\GCC\ARM_CM0\port.o
                0x000000000800d960                PendSV_Handler
 .text.xPortSysTickHandler
                0x000000000800d9a4       0x24 Thirdparty\Middleware\FreeRTOS\Source\portable\GCC\ARM_CM0\port.o
                0x000000000800d9a4                xPortSysTickHandler
 .text.unlikely.prvInsertBlockIntoFreeList
                0x000000000800d9c8       0x4c Thirdparty\Middleware\FreeRTOS\Source\portable\MemMang\heap_4.o
 .text.pvPortMalloc
                0x000000000800da14       0xf8 Thirdparty\Middleware\FreeRTOS\Source\portable\MemMang\heap_4.o
                0x000000000800da14                pvPortMalloc
 .text.vPortFree
                0x000000000800db0c       0x44 Thirdparty\Middleware\FreeRTOS\Source\portable\MemMang\heap_4.o
                0x000000000800db0c                vPortFree
 .text.prvCopyDataToQueue
                0x000000000800db50       0x78 Thirdparty\Middleware\FreeRTOS\Source\queue.o
 .text.prvCopyDataFromQueue
                0x000000000800dbc8       0x24 Thirdparty\Middleware\FreeRTOS\Source\queue.o
 .text.prvUnlockQueue
                0x000000000800dbec       0xa0 Thirdparty\Middleware\FreeRTOS\Source\queue.o
 .text.xQueueGenericReset
                0x000000000800dc8c       0x68 Thirdparty\Middleware\FreeRTOS\Source\queue.o
                0x000000000800dc8c                xQueueGenericReset
 .text.xQueueGenericCreate
                0x000000000800dcf4       0x50 Thirdparty\Middleware\FreeRTOS\Source\queue.o
                0x000000000800dcf4                xQueueGenericCreate
 .text.xQueueCreateCountingSemaphore
                0x000000000800dd44       0x28 Thirdparty\Middleware\FreeRTOS\Source\queue.o
                0x000000000800dd44                xQueueCreateCountingSemaphore
 .text.xQueueGenericSend
                0x000000000800dd6c      0x138 Thirdparty\Middleware\FreeRTOS\Source\queue.o
                0x000000000800dd6c                xQueueGenericSend
 .text.xQueueGenericSendFromISR
                0x000000000800dea4       0x90 Thirdparty\Middleware\FreeRTOS\Source\queue.o
                0x000000000800dea4                xQueueGenericSendFromISR
 .text.xQueueGiveFromISR
                0x000000000800df34       0x74 Thirdparty\Middleware\FreeRTOS\Source\queue.o
                0x000000000800df34                xQueueGiveFromISR
 .text.xQueueGenericReceive
                0x000000000800dfa8      0x168 Thirdparty\Middleware\FreeRTOS\Source\queue.o
                0x000000000800dfa8                xQueueGenericReceive
 .text.xQueueReceiveFromISR
                0x000000000800e110       0x7c Thirdparty\Middleware\FreeRTOS\Source\queue.o
                0x000000000800e110                xQueueReceiveFromISR
 .text.vQueueAddToRegistry
                0x000000000800e18c       0x24 Thirdparty\Middleware\FreeRTOS\Source\queue.o
                0x000000000800e18c                vQueueAddToRegistry
 .text.vQueueWaitForMessageRestricted
                0x000000000800e1b0       0x3c Thirdparty\Middleware\FreeRTOS\Source\queue.o
                0x000000000800e1b0                vQueueWaitForMessageRestricted
 .text.prvWriteNameToBuffer
                0x000000000800e1ec       0x30 Thirdparty\Middleware\FreeRTOS\Source\tasks.o
 .text.prvListTaskWithinSingleList.part.1
                0x000000000800e21c       0xa8 Thirdparty\Middleware\FreeRTOS\Source\tasks.o
 .text.prvResetNextTaskUnblockTime.part.2
                0x000000000800e2c4       0x18 Thirdparty\Middleware\FreeRTOS\Source\tasks.o
 .text.prvAddCurrentTaskToDelayedList
                0x000000000800e2dc       0x3c Thirdparty\Middleware\FreeRTOS\Source\tasks.o
 .text.xTaskGenericCreate.part.5
                0x000000000800e318      0x19c Thirdparty\Middleware\FreeRTOS\Source\tasks.o
 .text.vTaskSwitchContext.part.6
                0x000000000800e4b4       0xb0 Thirdparty\Middleware\FreeRTOS\Source\tasks.o
 .text.xTaskGenericCreate
                0x000000000800e564       0x28 Thirdparty\Middleware\FreeRTOS\Source\tasks.o
                0x000000000800e564                xTaskGenericCreate
 .text.uxTaskPriorityGet
                0x000000000800e58c       0x20 Thirdparty\Middleware\FreeRTOS\Source\tasks.o
                0x000000000800e58c                uxTaskPriorityGet
 .text.vTaskPrioritySet
                0x000000000800e5ac       0xa4 Thirdparty\Middleware\FreeRTOS\Source\tasks.o
                0x000000000800e5ac                vTaskPrioritySet
 .text.vTaskStartScheduler
                0x000000000800e650       0x4c Thirdparty\Middleware\FreeRTOS\Source\tasks.o
                0x000000000800e650                vTaskStartScheduler
 .text.vTaskSuspendAll
                0x000000000800e69c       0x10 Thirdparty\Middleware\FreeRTOS\Source\tasks.o
                0x000000000800e69c                vTaskSuspendAll
 .text.xTaskGetTickCount
                0x000000000800e6ac        0xc Thirdparty\Middleware\FreeRTOS\Source\tasks.o
                0x000000000800e6ac                xTaskGetTickCount
 .text.xTaskGetTickCountFromISR
                0x000000000800e6b8        0xc Thirdparty\Middleware\FreeRTOS\Source\tasks.o
                0x000000000800e6b8                xTaskGetTickCountFromISR
 .text.xTaskIncrementTick
                0x000000000800e6c4      0x118 Thirdparty\Middleware\FreeRTOS\Source\tasks.o
                0x000000000800e6c4                xTaskIncrementTick
 .text.xTaskResumeAll
                0x000000000800e7dc       0xc0 Thirdparty\Middleware\FreeRTOS\Source\tasks.o
                0x000000000800e7dc                xTaskResumeAll
 .text.vTaskDelay
                0x000000000800e89c       0x44 Thirdparty\Middleware\FreeRTOS\Source\tasks.o
                0x000000000800e89c                vTaskDelay
 .text.prvIdleTask
                0x000000000800e8e0       0x64 Thirdparty\Middleware\FreeRTOS\Source\tasks.o
 .text.uxTaskGetSystemState
                0x000000000800e944       0xe4 Thirdparty\Middleware\FreeRTOS\Source\tasks.o
                0x000000000800e944                uxTaskGetSystemState
 .text.vTaskSwitchContext
                0x000000000800ea28       0x1c Thirdparty\Middleware\FreeRTOS\Source\tasks.o
                0x000000000800ea28                vTaskSwitchContext
 .text.vTaskPlaceOnEventList
                0x000000000800ea44       0x40 Thirdparty\Middleware\FreeRTOS\Source\tasks.o
                0x000000000800ea44                vTaskPlaceOnEventList
 .text.vTaskPlaceOnEventListRestricted
                0x000000000800ea84       0x2c Thirdparty\Middleware\FreeRTOS\Source\tasks.o
                0x000000000800ea84                vTaskPlaceOnEventListRestricted
 .text.xTaskRemoveFromEventList
                0x000000000800eab0       0x74 Thirdparty\Middleware\FreeRTOS\Source\tasks.o
                0x000000000800eab0                xTaskRemoveFromEventList
 .text.vTaskSetTimeOutState
                0x000000000800eb24       0x20 Thirdparty\Middleware\FreeRTOS\Source\tasks.o
                0x000000000800eb24                vTaskSetTimeOutState
 .text.xTaskCheckForTimeOut
                0x000000000800eb44       0x68 Thirdparty\Middleware\FreeRTOS\Source\tasks.o
                0x000000000800eb44                xTaskCheckForTimeOut
 .text.vTaskMissedYield
                0x000000000800ebac        0xc Thirdparty\Middleware\FreeRTOS\Source\tasks.o
                0x000000000800ebac                vTaskMissedYield
 .text.xTaskGetSchedulerState
                0x000000000800ebb8       0x20 Thirdparty\Middleware\FreeRTOS\Source\tasks.o
                0x000000000800ebb8                xTaskGetSchedulerState
 .text.vTaskPriorityInherit
                0x000000000800ebd8       0x70 Thirdparty\Middleware\FreeRTOS\Source\tasks.o
                0x000000000800ebd8                vTaskPriorityInherit
 .text.xTaskPriorityDisinherit
                0x000000000800ec48       0x6c Thirdparty\Middleware\FreeRTOS\Source\tasks.o
                0x000000000800ec48                xTaskPriorityDisinherit
 .text.vTaskList
                0x000000000800ecb4       0xb4 Thirdparty\Middleware\FreeRTOS\Source\tasks.o
                0x000000000800ecb4                vTaskList
 .text.vTaskGetRunTimeStats
                0x000000000800ed68       0xb8 Thirdparty\Middleware\FreeRTOS\Source\tasks.o
                0x000000000800ed68                vTaskGetRunTimeStats
 .text.pvTaskIncrementMutexHeldCount
                0x000000000800ee20       0x18 Thirdparty\Middleware\FreeRTOS\Source\tasks.o
                0x000000000800ee20                pvTaskIncrementMutexHeldCount
 .text.ulTaskNotifyTake
                0x000000000800ee38       0x80 Thirdparty\Middleware\FreeRTOS\Source\tasks.o
                0x000000000800ee38                ulTaskNotifyTake
 .text.xTaskGenericNotify
                0x000000000800eeb8       0xac Thirdparty\Middleware\FreeRTOS\Source\tasks.o
                0x000000000800eeb8                xTaskGenericNotify
 .text.prvCheckForValidListAndQueue
                0x000000000800ef64       0x50 Thirdparty\Middleware\FreeRTOS\Source\timers.o
 .text.prvInsertTimerInActiveList
                0x000000000800efb4       0x44 Thirdparty\Middleware\FreeRTOS\Source\timers.o
 .text.xTimerCreateTimerTask
                0x000000000800eff8       0x40 Thirdparty\Middleware\FreeRTOS\Source\timers.o
                0x000000000800eff8                xTimerCreateTimerTask
 .text.xTimerCreate
                0x000000000800f038       0x40 Thirdparty\Middleware\FreeRTOS\Source\timers.o
                0x000000000800f038                xTimerCreate
 .text.xTimerGenericCommand
                0x000000000800f078       0x54 Thirdparty\Middleware\FreeRTOS\Source\timers.o
                0x000000000800f078                xTimerGenericCommand
 .text.prvSwitchTimerLists
                0x000000000800f0cc       0x74 Thirdparty\Middleware\FreeRTOS\Source\timers.o
 .text.prvTimerTask
                0x000000000800f140      0x1a8 Thirdparty\Middleware\FreeRTOS\Source\timers.o
 .text.pvTimerGetTimerID
                0x000000000800f2e8       0x18 Thirdparty\Middleware\FreeRTOS\Source\timers.o
                0x000000000800f2e8                pvTimerGetTimerID
 .text.HAL_InitTick
                0x000000000800f300       0x24 Thirdparty\STM32F0xx_HAL_Driver\Src\stm32f0xx_hal.o
                0x000000000800f300                HAL_InitTick
 .text.HAL_Init
                0x000000000800f324       0x20 Thirdparty\STM32F0xx_HAL_Driver\Src\stm32f0xx_hal.o
                0x000000000800f324                HAL_Init
 .text.HAL_IncTick
                0x000000000800f344       0x10 Thirdparty\STM32F0xx_HAL_Driver\Src\stm32f0xx_hal.o
                0x000000000800f344                HAL_IncTick
 .text.HAL_GetTick
                0x000000000800f354        0xc Thirdparty\STM32F0xx_HAL_Driver\Src\stm32f0xx_hal.o
                0x000000000800f354                HAL_GetTick
 .text.HAL_Delay
                0x000000000800f360       0x1c Thirdparty\STM32F0xx_HAL_Driver\Src\stm32f0xx_hal.o
                0x000000000800f360                HAL_Delay
 .text.HAL_GetREVID
                0x000000000800f37c        0xc Thirdparty\STM32F0xx_HAL_Driver\Src\stm32f0xx_hal.o
                0x000000000800f37c                HAL_GetREVID
 .text.HAL_GetDEVID
                0x000000000800f388       0x10 Thirdparty\STM32F0xx_HAL_Driver\Src\stm32f0xx_hal.o
                0x000000000800f388                HAL_GetDEVID
 .text.ADC_Disable
                0x000000000800f398       0x7c Thirdparty\STM32F0xx_HAL_Driver\Src\stm32f0xx_hal_adc.o
 .text.ADC_Enable
                0x000000000800f414       0xa8 Thirdparty\STM32F0xx_HAL_Driver\Src\stm32f0xx_hal_adc.o
 .text.ADC_ConversionStop
                0x000000000800f4bc       0x58 Thirdparty\STM32F0xx_HAL_Driver\Src\stm32f0xx_hal_adc.o
 .text.HAL_ADC_MspInit
                0x000000000800f514        0x4 Thirdparty\STM32F0xx_HAL_Driver\Src\stm32f0xx_hal_adc.o
                0x000000000800f514                HAL_ADC_MspInit
 .text.HAL_ADC_Init
                0x000000000800f518      0x144 Thirdparty\STM32F0xx_HAL_Driver\Src\stm32f0xx_hal_adc.o
                0x000000000800f518                HAL_ADC_Init
 .text.HAL_ADC_Start
                0x000000000800f65c       0x58 Thirdparty\STM32F0xx_HAL_Driver\Src\stm32f0xx_hal_adc.o
                0x000000000800f65c                HAL_ADC_Start
 .text.HAL_ADC_Stop
                0x000000000800f6b4       0x40 Thirdparty\STM32F0xx_HAL_Driver\Src\stm32f0xx_hal_adc.o
                0x000000000800f6b4                HAL_ADC_Stop
 .text.HAL_ADC_PollForConversion
                0x000000000800f6f4       0xc8 Thirdparty\STM32F0xx_HAL_Driver\Src\stm32f0xx_hal_adc.o
                0x000000000800f6f4                HAL_ADC_PollForConversion
 .text.HAL_ADC_GetValue
                0x000000000800f7bc        0xc Thirdparty\STM32F0xx_HAL_Driver\Src\stm32f0xx_hal_adc.o
                0x000000000800f7bc                HAL_ADC_GetValue
 .text.HAL_ADC_ConfigChannel
                0x000000000800f7c8      0x120 Thirdparty\STM32F0xx_HAL_Driver\Src\stm32f0xx_hal_adc.o
                0x000000000800f7c8                HAL_ADC_ConfigChannel
 .text.HAL_ADCEx_Calibration_Start
                0x000000000800f8e8       0x9c Thirdparty\STM32F0xx_HAL_Driver\Src\stm32f0xx_hal_adc_ex.o
                0x000000000800f8e8                HAL_ADCEx_Calibration_Start
 .text.HAL_NVIC_SetPriority
                0x000000000800f984       0x58 Thirdparty\STM32F0xx_HAL_Driver\Src\stm32f0xx_hal_cortex.o
                0x000000000800f984                HAL_NVIC_SetPriority
 .text.HAL_NVIC_EnableIRQ
                0x000000000800f9dc       0x14 Thirdparty\STM32F0xx_HAL_Driver\Src\stm32f0xx_hal_cortex.o
                0x000000000800f9dc                HAL_NVIC_EnableIRQ
 .text.HAL_NVIC_DisableIRQ
                0x000000000800f9f0       0x14 Thirdparty\STM32F0xx_HAL_Driver\Src\stm32f0xx_hal_cortex.o
                0x000000000800f9f0                HAL_NVIC_DisableIRQ
 .text.HAL_SYSTICK_Config
                0x000000000800fa04       0x38 Thirdparty\STM32F0xx_HAL_Driver\Src\stm32f0xx_hal_cortex.o
                0x000000000800fa04                HAL_SYSTICK_Config
 .text.HAL_SYSTICK_CLKSourceConfig
                0x000000000800fa3c       0x1c Thirdparty\STM32F0xx_HAL_Driver\Src\stm32f0xx_hal_cortex.o
                0x000000000800fa3c                HAL_SYSTICK_CLKSourceConfig
 .text.CRC_Handle_8
                0x000000000800fa58       0x6c Thirdparty\STM32F0xx_HAL_Driver\Src\stm32f0xx_hal_crc.o
 .text.CRC_Handle_16
                0x000000000800fac4       0x2c Thirdparty\STM32F0xx_HAL_Driver\Src\stm32f0xx_hal_crc.o
 .text.HAL_CRC_Init
                0x000000000800faf0       0x68 Thirdparty\STM32F0xx_HAL_Driver\Src\stm32f0xx_hal_crc.o
                0x000000000800faf0                HAL_CRC_Init
 .text.HAL_CRC_Accumulate
                0x000000000800fb58       0x54 Thirdparty\STM32F0xx_HAL_Driver\Src\stm32f0xx_hal_crc.o
                0x000000000800fb58                HAL_CRC_Accumulate
 .text.HAL_CRC_Calculate
                0x000000000800fbac       0x5c Thirdparty\STM32F0xx_HAL_Driver\Src\stm32f0xx_hal_crc.o
                0x000000000800fbac                HAL_CRC_Calculate
 .text.HAL_CRCEx_Polynomial_Set
                0x000000000800fc08       0x5c Thirdparty\STM32F0xx_HAL_Driver\Src\stm32f0xx_hal_crc_ex.o
                0x000000000800fc08                HAL_CRCEx_Polynomial_Set
 .text.HAL_CRCEx_Init
                0x000000000800fc64       0x30 Thirdparty\STM32F0xx_HAL_Driver\Src\stm32f0xx_hal_crc_ex.o
                0x000000000800fc64                HAL_CRCEx_Init
 .text.HAL_DAC_MspInit
                0x000000000800fc94        0x4 Thirdparty\STM32F0xx_HAL_Driver\Src\stm32f0xx_hal_dac.o
                0x000000000800fc94                HAL_DAC_MspInit
 .text.HAL_DAC_Init
                0x000000000800fc98       0x2c Thirdparty\STM32F0xx_HAL_Driver\Src\stm32f0xx_hal_dac.o
                0x000000000800fc98                HAL_DAC_Init
 .text.HAL_DAC_SetValue
                0x000000000800fcc4       0x2c Thirdparty\STM32F0xx_HAL_Driver\Src\stm32f0xx_hal_dac.o
                0x000000000800fcc4                HAL_DAC_SetValue
 .text.HAL_DAC_ConfigChannel
                0x000000000800fcf0       0x38 Thirdparty\STM32F0xx_HAL_Driver\Src\stm32f0xx_hal_dac_ex.o
                0x000000000800fcf0                HAL_DAC_ConfigChannel
 .text.HAL_DAC_Start
                0x000000000800fd28       0x54 Thirdparty\STM32F0xx_HAL_Driver\Src\stm32f0xx_hal_dac_ex.o
                0x000000000800fd28                HAL_DAC_Start
 .text.HAL_DMA_Init
                0x000000000800fd7c       0x58 Thirdparty\STM32F0xx_HAL_Driver\Src\stm32f0xx_hal_dma.o
                0x000000000800fd7c                HAL_DMA_Init
 .text.HAL_DMA_Start_IT
                0x000000000800fdd4       0x58 Thirdparty\STM32F0xx_HAL_Driver\Src\stm32f0xx_hal_dma.o
                0x000000000800fdd4                HAL_DMA_Start_IT
 .text.HAL_DMA_Abort
                0x000000000800fe2c       0x50 Thirdparty\STM32F0xx_HAL_Driver\Src\stm32f0xx_hal_dma.o
                0x000000000800fe2c                HAL_DMA_Abort
 .text.HAL_DMA_IRQHandler
                0x000000000800fe7c      0x940 Thirdparty\STM32F0xx_HAL_Driver\Src\stm32f0xx_hal_dma.o
                0x000000000800fe7c                HAL_DMA_IRQHandler
 .text.HAL_FLASH_Unlock
                0x00000000080107bc       0x24 Thirdparty\STM32F0xx_HAL_Driver\Src\stm32f0xx_hal_flash.o
                0x00000000080107bc                HAL_FLASH_Unlock
 .text.HAL_FLASH_Lock
                0x00000000080107e0       0x14 Thirdparty\STM32F0xx_HAL_Driver\Src\stm32f0xx_hal_flash.o
                0x00000000080107e0                HAL_FLASH_Lock
 .text.FLASH_WaitForLastOperation
                0x00000000080107f4       0x88 Thirdparty\STM32F0xx_HAL_Driver\Src\stm32f0xx_hal_flash.o
                0x00000000080107f4                FLASH_WaitForLastOperation
 .text.HAL_FLASH_Program
                0x000000000801087c       0xc8 Thirdparty\STM32F0xx_HAL_Driver\Src\stm32f0xx_hal_flash.o
                0x000000000801087c                HAL_FLASH_Program
 .text.HAL_FLASHEx_Erase
                0x0000000008010944       0xd8 Thirdparty\STM32F0xx_HAL_Driver\Src\stm32f0xx_hal_flash_ex.o
                0x0000000008010944                HAL_FLASHEx_Erase
 .text.FLASH_PageErase
                0x0000000008010a1c       0x24 Thirdparty\STM32F0xx_HAL_Driver\Src\stm32f0xx_hal_flash_ex.o
                0x0000000008010a1c                FLASH_PageErase
 .text.HAL_GPIO_Init
                0x0000000008010a40      0x1f8 Thirdparty\STM32F0xx_HAL_Driver\Src\stm32f0xx_hal_gpio.o
                0x0000000008010a40                HAL_GPIO_Init
 .text.HAL_GPIO_DeInit
                0x0000000008010c38      0x13c Thirdparty\STM32F0xx_HAL_Driver\Src\stm32f0xx_hal_gpio.o
                0x0000000008010c38                HAL_GPIO_DeInit
 .text.HAL_GPIO_ReadPin
                0x0000000008010d74        0xc Thirdparty\STM32F0xx_HAL_Driver\Src\stm32f0xx_hal_gpio.o
                0x0000000008010d74                HAL_GPIO_ReadPin
 .text.HAL_GPIO_WritePin
                0x0000000008010d80        0xc Thirdparty\STM32F0xx_HAL_Driver\Src\stm32f0xx_hal_gpio.o
                0x0000000008010d80                HAL_GPIO_WritePin
 .text.HAL_GPIO_TogglePin
                0x0000000008010d8c        0x8 Thirdparty\STM32F0xx_HAL_Driver\Src\stm32f0xx_hal_gpio.o
                0x0000000008010d8c                HAL_GPIO_TogglePin
 .text.HAL_MspInit
                0x0000000008010d94        0x4 Thirdparty\STM32F0xx_HAL_Driver\Src\stm32f0xx_hal_msp_template.o
                0x0000000008010d94                HAL_MspInit
 .text.HAL_PWR_EnableBkUpAccess
                0x0000000008010d98       0x14 Thirdparty\STM32F0xx_HAL_Driver\Src\stm32f0xx_hal_pwr.o
                0x0000000008010d98                HAL_PWR_EnableBkUpAccess
 .text.HAL_RCC_OscConfig
                0x0000000008010dac      0x544 Thirdparty\STM32F0xx_HAL_Driver\Src\stm32f0xx_hal_rcc.o
                0x0000000008010dac                HAL_RCC_OscConfig
 .text.HAL_RCC_ClockConfig
                0x00000000080112f0      0x230 Thirdparty\STM32F0xx_HAL_Driver\Src\stm32f0xx_hal_rcc.o
                0x00000000080112f0                HAL_RCC_ClockConfig
 .text.HAL_RCC_GetSysClockFreq
                0x0000000008011520       0x8c Thirdparty\STM32F0xx_HAL_Driver\Src\stm32f0xx_hal_rcc.o
                0x0000000008011520                HAL_RCC_GetSysClockFreq
 .text.HAL_RCC_GetHCLKFreq
                0x00000000080115ac       0x28 Thirdparty\STM32F0xx_HAL_Driver\Src\stm32f0xx_hal_rcc.o
                0x00000000080115ac                HAL_RCC_GetHCLKFreq
 .text.HAL_RCC_GetPCLK1Freq
                0x00000000080115d4       0x34 Thirdparty\STM32F0xx_HAL_Driver\Src\stm32f0xx_hal_rcc.o
                0x00000000080115d4                HAL_RCC_GetPCLK1Freq
 .text.HAL_RCCEx_PeriphCLKConfig
                0x0000000008011608      0x128 Thirdparty\STM32F0xx_HAL_Driver\Src\stm32f0xx_hal_rcc_ex.o
                0x0000000008011608                HAL_RCCEx_PeriphCLKConfig
 .text.HAL_RTC_MspInit
                0x0000000008011730        0x4 Thirdparty\STM32F0xx_HAL_Driver\Src\stm32f0xx_hal_rtc.o
                0x0000000008011730                HAL_RTC_MspInit
 .text.HAL_RTC_GetTime
                0x0000000008011734       0x60 Thirdparty\STM32F0xx_HAL_Driver\Src\stm32f0xx_hal_rtc.o
                0x0000000008011734                HAL_RTC_GetTime
 .text.HAL_RTC_GetDate
                0x0000000008011794       0x5c Thirdparty\STM32F0xx_HAL_Driver\Src\stm32f0xx_hal_rtc.o
                0x0000000008011794                HAL_RTC_GetDate
 .text.HAL_RTC_WaitForSynchro
                0x00000000080117f0       0x38 Thirdparty\STM32F0xx_HAL_Driver\Src\stm32f0xx_hal_rtc.o
                0x00000000080117f0                HAL_RTC_WaitForSynchro
 .text.RTC_EnterInitMode
                0x0000000008011828       0x3c Thirdparty\STM32F0xx_HAL_Driver\Src\stm32f0xx_hal_rtc.o
                0x0000000008011828                RTC_EnterInitMode
 .text.HAL_RTC_Init
                0x0000000008011864       0x90 Thirdparty\STM32F0xx_HAL_Driver\Src\stm32f0xx_hal_rtc.o
                0x0000000008011864                HAL_RTC_Init
 .text.HAL_RTC_SetTime
                0x00000000080118f4      0x128 Thirdparty\STM32F0xx_HAL_Driver\Src\stm32f0xx_hal_rtc.o
                0x00000000080118f4                HAL_RTC_SetTime
 .text.HAL_RTC_SetDate
                0x0000000008011a1c       0xf8 Thirdparty\STM32F0xx_HAL_Driver\Src\stm32f0xx_hal_rtc.o
                0x0000000008011a1c                HAL_RTC_SetDate
 .text.HAL_RTCEx_BKUPWrite
                0x0000000008011b14        0xc Thirdparty\STM32F0xx_HAL_Driver\Src\stm32f0xx_hal_rtc_ex.o
                0x0000000008011b14                HAL_RTCEx_BKUPWrite
 .text.HAL_RTCEx_BKUPRead
                0x0000000008011b20        0xc Thirdparty\STM32F0xx_HAL_Driver\Src\stm32f0xx_hal_rtc_ex.o
                0x0000000008011b20                HAL_RTCEx_BKUPRead
 .text.HAL_TIM_Base_MspInit
                0x0000000008011b2c        0x4 Thirdparty\STM32F0xx_HAL_Driver\Src\stm32f0xx_hal_tim.o
                0x0000000008011b2c                HAL_TIM_Base_MspInit
 .text.HAL_TIM_Base_Start
                0x0000000008011b30       0x18 Thirdparty\STM32F0xx_HAL_Driver\Src\stm32f0xx_hal_tim.o
                0x0000000008011b30                HAL_TIM_Base_Start
 .text.TIM_Base_SetConfig
                0x0000000008011b48       0xa8 Thirdparty\STM32F0xx_HAL_Driver\Src\stm32f0xx_hal_tim.o
                0x0000000008011b48                TIM_Base_SetConfig
 .text.HAL_TIM_Base_Init
                0x0000000008011bf0       0x34 Thirdparty\STM32F0xx_HAL_Driver\Src\stm32f0xx_hal_tim.o
                0x0000000008011bf0                HAL_TIM_Base_Init
 .text.HAL_TIMEx_MasterConfigSynchronization
                0x0000000008011c24       0x44 Thirdparty\STM32F0xx_HAL_Driver\Src\stm32f0xx_hal_tim_ex.o
                0x0000000008011c24                HAL_TIMEx_MasterConfigSynchronization
 .text.HAL_UART_MspDeInit
                0x0000000008011c68        0x4 Thirdparty\STM32F0xx_HAL_Driver\Src\stm32f0xx_hal_uart.o
                0x0000000008011c68                HAL_UART_MspDeInit
 .text.HAL_UART_DeInit
                0x0000000008011c6c       0x34 Thirdparty\STM32F0xx_HAL_Driver\Src\stm32f0xx_hal_uart.o
                0x0000000008011c6c                HAL_UART_DeInit
 .text.HAL_UART_Transmit_IT
                0x0000000008011ca0       0x68 Thirdparty\STM32F0xx_HAL_Driver\Src\stm32f0xx_hal_uart.o
                0x0000000008011ca0                HAL_UART_Transmit_IT
 .text.HAL_UART_Receive_IT
                0x0000000008011d08       0xbc Thirdparty\STM32F0xx_HAL_Driver\Src\stm32f0xx_hal_uart.o
                0x0000000008011d08                HAL_UART_Receive_IT
 .text.HAL_UART_Transmit_DMA
                0x0000000008011dc4       0x8c Thirdparty\STM32F0xx_HAL_Driver\Src\stm32f0xx_hal_uart.o
                0x0000000008011dc4                HAL_UART_Transmit_DMA
 .text.HAL_UART_Receive_DMA
                0x0000000008011e50       0x84 Thirdparty\STM32F0xx_HAL_Driver\Src\stm32f0xx_hal_uart.o
                0x0000000008011e50                HAL_UART_Receive_DMA
 .text.UART_DMATransmitCplt
                0x0000000008011ed4       0x30 Thirdparty\STM32F0xx_HAL_Driver\Src\stm32f0xx_hal_uart.o
 .text.HAL_UART_TxHalfCpltCallback
                0x0000000008011f04        0x4 Thirdparty\STM32F0xx_HAL_Driver\Src\stm32f0xx_hal_uart.o
                0x0000000008011f04                HAL_UART_TxHalfCpltCallback
 .text.UART_DMATxHalfCplt
                0x0000000008011f08        0xc Thirdparty\STM32F0xx_HAL_Driver\Src\stm32f0xx_hal_uart.o
 .text.UART_DMAReceiveCplt
                0x0000000008011f14       0x38 Thirdparty\STM32F0xx_HAL_Driver\Src\stm32f0xx_hal_uart.o
 .text.HAL_UART_RxHalfCpltCallback
                0x0000000008011f4c        0x4 Thirdparty\STM32F0xx_HAL_Driver\Src\stm32f0xx_hal_uart.o
                0x0000000008011f4c                HAL_UART_RxHalfCpltCallback
 .text.UART_DMARxHalfCplt
                0x0000000008011f50        0xc Thirdparty\STM32F0xx_HAL_Driver\Src\stm32f0xx_hal_uart.o
 .text.UART_DMAError
                0x0000000008011f5c       0x24 Thirdparty\STM32F0xx_HAL_Driver\Src\stm32f0xx_hal_uart.o
 .text.UART_SetConfig
                0x0000000008011f80      0x1d8 Thirdparty\STM32F0xx_HAL_Driver\Src\stm32f0xx_hal_uart.o
                0x0000000008011f80                UART_SetConfig
 .text.UART_AdvFeatureConfig
                0x0000000008012158       0xd0 Thirdparty\STM32F0xx_HAL_Driver\Src\stm32f0xx_hal_uart.o
                0x0000000008012158                UART_AdvFeatureConfig
 .text.UART_WaitOnFlagUntilTimeout
                0x0000000008012228       0x98 Thirdparty\STM32F0xx_HAL_Driver\Src\stm32f0xx_hal_uart.o
                0x0000000008012228                UART_WaitOnFlagUntilTimeout
 .text.HAL_UART_Transmit
                0x00000000080122c0       0xc8 Thirdparty\STM32F0xx_HAL_Driver\Src\stm32f0xx_hal_uart.o
                0x00000000080122c0                HAL_UART_Transmit
 .text.UART_CheckIdleState
                0x0000000008012388       0x7c Thirdparty\STM32F0xx_HAL_Driver\Src\stm32f0xx_hal_uart.o
                0x0000000008012388                UART_CheckIdleState
 .text.HAL_UART_Init
                0x0000000008012404       0x6c Thirdparty\STM32F0xx_HAL_Driver\Src\stm32f0xx_hal_uart.o
                0x0000000008012404                HAL_UART_Init
 .text.UART_Transmit_IT
                0x0000000008012470       0x64 Thirdparty\STM32F0xx_HAL_Driver\Src\stm32f0xx_hal_uart.o
                0x0000000008012470                UART_Transmit_IT
 .text.UART_EndTransmit_IT
                0x00000000080124d4       0x2c Thirdparty\STM32F0xx_HAL_Driver\Src\stm32f0xx_hal_uart.o
                0x00000000080124d4                UART_EndTransmit_IT
 .text.UART_Receive_IT
                0x0000000008012500       0x8c Thirdparty\STM32F0xx_HAL_Driver\Src\stm32f0xx_hal_uart.o
                0x0000000008012500                UART_Receive_IT
 .text.HAL_UARTEx_WakeupCallback
                0x000000000801258c        0x4 Thirdparty\STM32F0xx_HAL_Driver\Src\stm32f0xx_hal_uart_ex.o
                0x000000000801258c                HAL_UARTEx_WakeupCallback
 .text.HAL_UART_IRQHandler
                0x0000000008012590      0x108 Thirdparty\STM32F0xx_HAL_Driver\Src\stm32f0xx_hal_uart_ex.o
                0x0000000008012590                HAL_UART_IRQHandler
 .text.startup.main
                0x0000000008012698        0x8 User\main.o
                0x0000000008012698                main
 .text.UserTask
                0x00000000080126a0        0x4 User\main.o
                0x00000000080126a0                UserTask
 .text.atof     0x00000000080126a4        0xa c:/st/stm32cubeide_1.5.1/stm32cubeide/plugins/com.st.stm32cube.ide.mcu.externaltools.gnu-tools-for-stm32.7-2018-q2-update.win32_1.5.0.202011040924/tools/bin/../lib/gcc/arm-none-eabi/7.3.1/../../../../arm-none-eabi/lib/thumb/v6-m\libc.a(lib_a-atof.o)
                0x00000000080126a4                atof
 .text.atoi     0x00000000080126ae        0xc c:/st/stm32cubeide_1.5.1/stm32cubeide/plugins/com.st.stm32cube.ide.mcu.externaltools.gnu-tools-for-stm32.7-2018-q2-update.win32_1.5.0.202011040924/tools/bin/../lib/gcc/arm-none-eabi/7.3.1/../../../../arm-none-eabi/lib/thumb/v6-m\libc.a(lib_a-atoi.o)
                0x00000000080126ae                atoi
 .text.atol     0x00000000080126ba        0xc c:/st/stm32cubeide_1.5.1/stm32cubeide/plugins/com.st.stm32cube.ide.mcu.externaltools.gnu-tools-for-stm32.7-2018-q2-update.win32_1.5.0.202011040924/tools/bin/../lib/gcc/arm-none-eabi/7.3.1/../../../../arm-none-eabi/lib/thumb/v6-m\libc.a(lib_a-atol.o)
                0x00000000080126ba                atol
 *fill*         0x00000000080126c6        0x2 
 .text.calloc   0x00000000080126c8       0x14 c:/st/stm32cubeide_1.5.1/stm32cubeide/plugins/com.st.stm32cube.ide.mcu.externaltools.gnu-tools-for-stm32.7-2018-q2-update.win32_1.5.0.202011040924/tools/bin/../lib/gcc/arm-none-eabi/7.3.1/../../../../arm-none-eabi/lib/thumb/v6-m\libc.a(lib_a-calloc.o)
                0x00000000080126c8                calloc
 .text._calloc_r
                0x00000000080126dc       0x58 c:/st/stm32cubeide_1.5.1/stm32cubeide/plugins/com.st.stm32cube.ide.mcu.externaltools.gnu-tools-for-stm32.7-2018-q2-update.win32_1.5.0.202011040924/tools/bin/../lib/gcc/arm-none-eabi/7.3.1/../../../../arm-none-eabi/lib/thumb/v6-m\libc.a(lib_a-callocr.o)
                0x00000000080126dc                _calloc_r
 .text.__libc_init_array
                0x0000000008012734       0x48 c:/st/stm32cubeide_1.5.1/stm32cubeide/plugins/com.st.stm32cube.ide.mcu.externaltools.gnu-tools-for-stm32.7-2018-q2-update.win32_1.5.0.202011040924/tools/bin/../lib/gcc/arm-none-eabi/7.3.1/../../../../arm-none-eabi/lib/thumb/v6-m\libc.a(lib_a-init.o)
                0x0000000008012734                __libc_init_array
 .text.__locale_ctype_ptr_l
                0x000000000801277c        0x6 c:/st/stm32cubeide_1.5.1/stm32cubeide/plugins/com.st.stm32cube.ide.mcu.externaltools.gnu-tools-for-stm32.7-2018-q2-update.win32_1.5.0.202011040924/tools/bin/../lib/gcc/arm-none-eabi/7.3.1/../../../../arm-none-eabi/lib/thumb/v6-m\libc.a(lib_a-locale.o)
                0x000000000801277c                __locale_ctype_ptr_l
 *fill*         0x0000000008012782        0x2 
 .text.__locale_ctype_ptr
                0x0000000008012784       0x1c c:/st/stm32cubeide_1.5.1/stm32cubeide/plugins/com.st.stm32cube.ide.mcu.externaltools.gnu-tools-for-stm32.7-2018-q2-update.win32_1.5.0.202011040924/tools/bin/../lib/gcc/arm-none-eabi/7.3.1/../../../../arm-none-eabi/lib/thumb/v6-m\libc.a(lib_a-locale.o)
                0x0000000008012784                __locale_ctype_ptr
 .text.malloc   0x00000000080127a0       0x14 c:/st/stm32cubeide_1.5.1/stm32cubeide/plugins/com.st.stm32cube.ide.mcu.externaltools.gnu-tools-for-stm32.7-2018-q2-update.win32_1.5.0.202011040924/tools/bin/../lib/gcc/arm-none-eabi/7.3.1/../../../../arm-none-eabi/lib/thumb/v6-m\libc.a(lib_a-malloc.o)
                0x00000000080127a0                malloc
 .text.free     0x00000000080127b4       0x14 c:/st/stm32cubeide_1.5.1/stm32cubeide/plugins/com.st.stm32cube.ide.mcu.externaltools.gnu-tools-for-stm32.7-2018-q2-update.win32_1.5.0.202011040924/tools/bin/../lib/gcc/arm-none-eabi/7.3.1/../../../../arm-none-eabi/lib/thumb/v6-m\libc.a(lib_a-malloc.o)
                0x00000000080127b4                free
 .text._malloc_r
                0x00000000080127c8      0x430 c:/st/stm32cubeide_1.5.1/stm32cubeide/plugins/com.st.stm32cube.ide.mcu.externaltools.gnu-tools-for-stm32.7-2018-q2-update.win32_1.5.0.202011040924/tools/bin/../lib/gcc/arm-none-eabi/7.3.1/../../../../arm-none-eabi/lib/thumb/v6-m\libc.a(lib_a-mallocr.o)
                0x00000000080127c8                _malloc_r
 .text.__ascii_mbtowc
                0x0000000008012bf8       0x24 c:/st/stm32cubeide_1.5.1/stm32cubeide/plugins/com.st.stm32cube.ide.mcu.externaltools.gnu-tools-for-stm32.7-2018-q2-update.win32_1.5.0.202011040924/tools/bin/../lib/gcc/arm-none-eabi/7.3.1/../../../../arm-none-eabi/lib/thumb/v6-m\libc.a(lib_a-mbtowc_r.o)
                0x0000000008012bf8                __ascii_mbtowc
 .text.memcmp   0x0000000008012c1c       0x1e c:/st/stm32cubeide_1.5.1/stm32cubeide/plugins/com.st.stm32cube.ide.mcu.externaltools.gnu-tools-for-stm32.7-2018-q2-update.win32_1.5.0.202011040924/tools/bin/../lib/gcc/arm-none-eabi/7.3.1/../../../../arm-none-eabi/lib/thumb/v6-m\libc.a(lib_a-memcmp.o)
                0x0000000008012c1c                memcmp
 .text.memcpy   0x0000000008012c3a       0x12 c:/st/stm32cubeide_1.5.1/stm32cubeide/plugins/com.st.stm32cube.ide.mcu.externaltools.gnu-tools-for-stm32.7-2018-q2-update.win32_1.5.0.202011040924/tools/bin/../lib/gcc/arm-none-eabi/7.3.1/../../../../arm-none-eabi/lib/thumb/v6-m\libc.a(lib_a-memcpy-stub.o)
                0x0000000008012c3a                memcpy
 .text.memset   0x0000000008012c4c       0x10 c:/st/stm32cubeide_1.5.1/stm32cubeide/plugins/com.st.stm32cube.ide.mcu.externaltools.gnu-tools-for-stm32.7-2018-q2-update.win32_1.5.0.202011040924/tools/bin/../lib/gcc/arm-none-eabi/7.3.1/../../../../arm-none-eabi/lib/thumb/v6-m\libc.a(lib_a-memset.o)
                0x0000000008012c4c                memset
 .text.__malloc_lock
                0x0000000008012c5c       0x10 c:/st/stm32cubeide_1.5.1/stm32cubeide/plugins/com.st.stm32cube.ide.mcu.externaltools.gnu-tools-for-stm32.7-2018-q2-update.win32_1.5.0.202011040924/tools/bin/../lib/gcc/arm-none-eabi/7.3.1/../../../../arm-none-eabi/lib/thumb/v6-m\libc.a(lib_a-mlock.o)
                0x0000000008012c5c                __malloc_lock
 .text.__malloc_unlock
                0x0000000008012c6c       0x10 c:/st/stm32cubeide_1.5.1/stm32cubeide/plugins/com.st.stm32cube.ide.mcu.externaltools.gnu-tools-for-stm32.7-2018-q2-update.win32_1.5.0.202011040924/tools/bin/../lib/gcc/arm-none-eabi/7.3.1/../../../../arm-none-eabi/lib/thumb/v6-m\libc.a(lib_a-mlock.o)
                0x0000000008012c6c                __malloc_unlock
 .text.rand     0x0000000008012c7c       0x34 c:/st/stm32cubeide_1.5.1/stm32cubeide/plugins/com.st.stm32cube.ide.mcu.externaltools.gnu-tools-for-stm32.7-2018-q2-update.win32_1.5.0.202011040924/tools/bin/../lib/gcc/arm-none-eabi/7.3.1/../../../../arm-none-eabi/lib/thumb/v6-m\libc.a(lib_a-rand.o)
                0x0000000008012c7c                rand
 .text.realloc  0x0000000008012cb0       0x14 c:/st/stm32cubeide_1.5.1/stm32cubeide/plugins/com.st.stm32cube.ide.mcu.externaltools.gnu-tools-for-stm32.7-2018-q2-update.win32_1.5.0.202011040924/tools/bin/../lib/gcc/arm-none-eabi/7.3.1/../../../../arm-none-eabi/lib/thumb/v6-m\libc.a(lib_a-realloc.o)
                0x0000000008012cb0                realloc
 .text._realloc_r
                0x0000000008012cc4      0x358 c:/st/stm32cubeide_1.5.1/stm32cubeide/plugins/com.st.stm32cube.ide.mcu.externaltools.gnu-tools-for-stm32.7-2018-q2-update.win32_1.5.0.202011040924/tools/bin/../lib/gcc/arm-none-eabi/7.3.1/../../../../arm-none-eabi/lib/thumb/v6-m\libc.a(lib_a-reallocr.o)
                0x0000000008012cc4                _realloc_r
 .text._sbrk_r  0x000000000801301c       0x24 c:/st/stm32cubeide_1.5.1/stm32cubeide/plugins/com.st.stm32cube.ide.mcu.externaltools.gnu-tools-for-stm32.7-2018-q2-update.win32_1.5.0.202011040924/tools/bin/../lib/gcc/arm-none-eabi/7.3.1/../../../../arm-none-eabi/lib/thumb/v6-m\libc.a(lib_a-sbrkr.o)
                0x000000000801301c                _sbrk_r
 .text.sprintf  0x0000000008013040       0x40 c:/st/stm32cubeide_1.5.1/stm32cubeide/plugins/com.st.stm32cube.ide.mcu.externaltools.gnu-tools-for-stm32.7-2018-q2-update.win32_1.5.0.202011040924/tools/bin/../lib/gcc/arm-none-eabi/7.3.1/../../../../arm-none-eabi/lib/thumb/v6-m\libc.a(lib_a-sprintf.o)
                0x0000000008013040                sprintf
 .text.strcat   0x0000000008013080       0x1c c:/st/stm32cubeide_1.5.1/stm32cubeide/plugins/com.st.stm32cube.ide.mcu.externaltools.gnu-tools-for-stm32.7-2018-q2-update.win32_1.5.0.202011040924/tools/bin/../lib/gcc/arm-none-eabi/7.3.1/../../../../arm-none-eabi/lib/thumb/v6-m\libc.a(lib_a-strcat.o)
                0x0000000008013080                strcat
 .text.strchr   0x000000000801309c       0x1c c:/st/stm32cubeide_1.5.1/stm32cubeide/plugins/com.st.stm32cube.ide.mcu.externaltools.gnu-tools-for-stm32.7-2018-q2-update.win32_1.5.0.202011040924/tools/bin/../lib/gcc/arm-none-eabi/7.3.1/../../../../arm-none-eabi/lib/thumb/v6-m\libc.a(lib_a-strchr.o)
                0x000000000801309c                strchr
 .text.strcpy   0x00000000080130b8       0x10 c:/st/stm32cubeide_1.5.1/stm32cubeide/plugins/com.st.stm32cube.ide.mcu.externaltools.gnu-tools-for-stm32.7-2018-q2-update.win32_1.5.0.202011040924/tools/bin/../lib/gcc/arm-none-eabi/7.3.1/../../../../arm-none-eabi/lib/thumb/v6-m\libc.a(lib_a-strcpy.o)
                0x00000000080130b8                strcpy
 .text.strncmp  0x00000000080130c8       0x22 c:/st/stm32cubeide_1.5.1/stm32cubeide/plugins/com.st.stm32cube.ide.mcu.externaltools.gnu-tools-for-stm32.7-2018-q2-update.win32_1.5.0.202011040924/tools/bin/../lib/gcc/arm-none-eabi/7.3.1/../../../../arm-none-eabi/lib/thumb/v6-m\libc.a(lib_a-strncmp.o)
                0x00000000080130c8                strncmp
 .text.strncpy  0x00000000080130ea       0x28 c:/st/stm32cubeide_1.5.1/stm32cubeide/plugins/com.st.stm32cube.ide.mcu.externaltools.gnu-tools-for-stm32.7-2018-q2-update.win32_1.5.0.202011040924/tools/bin/../lib/gcc/arm-none-eabi/7.3.1/../../../../arm-none-eabi/lib/thumb/v6-m\libc.a(lib_a-strncpy.o)
                0x00000000080130ea                strncpy
 *fill*         0x0000000008013112        0x2 
 .text.unlikely.sulp
                0x0000000008013114       0x30 c:/st/stm32cubeide_1.5.1/stm32cubeide/plugins/com.st.stm32cube.ide.mcu.externaltools.gnu-tools-for-stm32.7-2018-q2-update.win32_1.5.0.202011040924/tools/bin/../lib/gcc/arm-none-eabi/7.3.1/../../../../arm-none-eabi/lib/thumb/v6-m\libc.a(lib_a-strtod.o)
 .text._strtod_l