H15R0_dma.c:76:6:DMA_MSG_RX_CH_Init	8	static
H15R0_dma.c:94:6:DMA_MSG_TX_CH_Init	8	static
H15R0_dma.c:43:6:DMA_Init	16	static
H15R0_dma.c:112:6:DMA_STREAM_CH_Init	8	static
H15R0_dma.c:130:6:DMA_FRONTEND_CH_Init	8	static
H15R0_dma.c:256:6:SetupDMAInterrupts	8	static
H15R0_dma.c:293:6:UnSetupDMAInterrupts	8	static
H15R0_dma.c:216:6:DMA_MSG_TX_UnSetup	8	static
H15R0_dma.c:327:6:RemapAndLinkDMAtoUARTRx	16	static
H15R0_dma.c:174:6:DMA_MSG_RX_Setup	16	static
H15R0_dma.c:150:6:SetupMessagingRxDMAs	8	static
H15R0_dma.c:230:6:DMA_STREAM_Setup	24	static
H15R0_dma.c:442:6:RemapAndLinkDMAtoUARTTx	16	static
H15R0_dma.c:190:6:DMA_MSG_TX_Setup	8	static
H15R0_dma.c:557:6:CRC_Init	8	static
H15R0_dma.c:569:6:HAL_CRC_MspInit	8	static
H15R0_dma.c:575:6:HAL_CRC_MspDeInit	0	static
H15R0_dma.c:581:10:CalculateCRC8	16	static
