H15R0_uart.c:51:6:MX_USART1_UART_Init	8	static
H15R0_uart.c:74:6:MX_USART2_UART_Init	8	static
H15R0_uart.c:97:6:MX_USART3_UART_Init	8	static
H15R0_uart.c:120:6:MX_USART5_UART_Init	8	static
H15R0_uart.c:141:6:HAL_UART_MspInit	64	static
H15R0_uart.c:359:21:GetUart	0	static
H15R0_uart.c:253:19:readPxMutex	32	static
H15R0_uart.c:273:19:writePxMutex	32	static
H15R0_uart.c:293:19:readPxITMutex	32	static
H15R0_uart.c:309:19:writePxITMutex	32	static
H15R0_uart.c:325:19:writePxDMAMutex	32	static
H15R0_uart.c:345:12:UpdateBaudrate	8	static
H15R0_uart.c:412:6:SwapUartPins	16	static
