stm32f0xx_hal_dac_ex.c:744:13:DAC_DMAErrorCh1	8	static
stm32f0xx_hal_dac_ex.c:731:13:DAC_DMAHalfConvCpltCh1	8	static
stm32f0xx_hal_dac_ex.c:716:13:DAC_DMAConvCpltCh1	8	static
stm32f0xx_hal_dac_ex.c:128:19:HAL_DAC_ConfigChannel	16	static
stm32f0xx_hal_dac_ex.c:237:10:HAL_DAC_GetValue	0	static
stm32f0xx_hal_dac_ex.c:303:19:HAL_DAC_Start	8	static
stm32f0xx_hal_dac_ex.c:363:19:HAL_DAC_Start_DMA	24	static
stm32f0xx_hal_dac_ex.c:877:10:HAL_DACEx_DualGetValue	0	static
stm32f0xx_hal_dac_ex.c:939:19:HAL_DACEx_TriangleWaveGenerate	16	static
stm32f0xx_hal_dac_ex.c:987:19:HAL_DACEx_NoiseWaveGenerate	16	static
stm32f0xx_hal_dac_ex.c:1051:19:HAL_DACEx_DualSetValue	0	static
stm32f0xx_hal_dac_ex.c:1110:13:HAL_DACEx_ConvCpltCallbackCh2	0	static
stm32f0xx_hal_dac_ex.c:775:6:DAC_DMAConvCpltCh2	8	static
stm32f0xx_hal_dac_ex.c:1123:13:HAL_DACEx_ConvHalfCpltCallbackCh2	0	static
stm32f0xx_hal_dac_ex.c:790:6:DAC_DMAHalfConvCpltCh2	8	static
stm32f0xx_hal_dac_ex.c:1136:13:HAL_DACEx_ErrorCallbackCh2	0	static
stm32f0xx_hal_dac_ex.c:803:6:DAC_DMAErrorCh2	8	static
stm32f0xx_hal_dac_ex.c:1149:13:HAL_DACEx_DMAUnderrunCallbackCh2	0	static
stm32f0xx_hal_dac_ex.c:609:6:HAL_DAC_IRQHandler	8	static
