stm32f0xx_hal_dac.c:338:13:HAL_DAC_MspInit	0	static
stm32f0xx_hal_dac.c:264:19:HAL_DAC_Init	8	static
stm32f0xx_hal_dac.c:351:13:HAL_DAC_MspDeInit	0	static
stm32f0xx_hal_dac.c:302:19:HAL_DAC_DeInit	8	static
stm32f0xx_hal_dac.c:390:26:HAL_DAC_Start	0	static
stm32f0xx_hal_dac.c:409:19:HAL_DAC_Stop	12	static
stm32f0xx_hal_dac.c:441:26:HAL_DAC_Start_DMA	0	static
stm32f0xx_hal_dac.c:460:19:HAL_DAC_Stop_DMA	8	static
stm32f0xx_hal_dac.c:521:13:HAL_DAC_IRQHandler	0	static
stm32f0xx_hal_dac.c:543:19:HAL_DAC_SetValue	16	static
stm32f0xx_hal_dac.c:575:13:HAL_DAC_ConvCpltCallbackCh1	0	static
stm32f0xx_hal_dac.c:588:13:HAL_DAC_ConvHalfCpltCallbackCh1	0	static
stm32f0xx_hal_dac.c:601:13:HAL_DAC_ErrorCallbackCh1	0	static
stm32f0xx_hal_dac.c:614:13:HAL_DAC_DMAUnderrunCallbackCh1	0	static
stm32f0xx_hal_dac.c:650:17:HAL_DAC_GetValue	0	static
stm32f0xx_hal_dac.c:670:26:HAL_DAC_ConfigChannel	0	static
stm32f0xx_hal_dac.c:705:22:HAL_DAC_GetState	0	static
stm32f0xx_hal_dac.c:718:10:HAL_DAC_GetError	0	static
